Component: ARM Compiler 5.05 update 1 (build 106) Tool: armlink [4d0efa]

==============================================================================

Section Cross References

    startup_stm32f407xx.o(RESET) refers to startup_stm32f407xx.o(STACK) for __initial_sp
    startup_stm32f407xx.o(RESET) refers to startup_stm32f407xx.o(.text) for Reset_Handler
    startup_stm32f407xx.o(RESET) refers to stm32f4xx_mc_it.o(i.HardFault_Handler) for HardFault_Handler
    startup_stm32f407xx.o(RESET) refers to stm32f4xx_mc_it.o(i.SysTick_Handler) for SysTick_Handler
    startup_stm32f407xx.o(RESET) refers to stm32f4xx_mc_it.o(i.ADC_IRQHandler) for ADC_IRQHandler
    startup_stm32f407xx.o(RESET) refers to stm32f4xx_mc_it.o(i.TIM1_BRK_TIM9_IRQHandler) for TIM1_BRK_TIM9_IRQHandler
    startup_stm32f407xx.o(RESET) refers to stm32f4xx_mc_it.o(i.TIM1_UP_TIM10_IRQHandler) for TIM1_UP_TIM10_IRQHandler
    startup_stm32f407xx.o(RESET) refers to stm32f4xx_mc_it.o(i.USART1_IRQHandler) for USART1_IRQHandler
    startup_stm32f407xx.o(.text) refers to system_stm32f4xx.o(i.SystemInit) for SystemInit
    startup_stm32f407xx.o(.text) refers to entry.o(.ARM.Collect$$$$00000000) for __main
    main.o(i.Display_OLED) refers to oled.o(i.OLED_ShowCHinese) for OLED_ShowCHinese
    main.o(i.Display_OLED) refers to oled.o(i.OLED_ShowString) for OLED_ShowString
    main.o(i.Display_OLED) refers to mc_interface.o(i.MCI_GetLastRampFinalSpeed) for MCI_GetLastRampFinalSpeed
    main.o(i.Display_OLED) refers to oled.o(i.OLED_ShowNum) for OLED_ShowNum
    main.o(i.Display_OLED) refers to mc_interface.o(i.MCI_GetAvrgMecSpeed01Hz) for MCI_GetAvrgMecSpeed01Hz
    main.o(i.Display_OLED) refers to main.o(.data) for .data
    main.o(i.Display_OLED) refers to motorcontrol.o(.data) for pMCI
    main.o(i.KEYS_Process) refers to stm32f4xx_hal_gpio.o(i.HAL_GPIO_ReadPin) for HAL_GPIO_ReadPin
    main.o(i.KEYS_Process) refers to mc_interface.o(i.MCI_GetSTMState) for MCI_GetSTMState
    main.o(i.KEYS_Process) refers to mc_api.o(i.MC_StartMotor1) for MC_StartMotor1
    main.o(i.KEYS_Process) refers to mc_api.o(i.MC_StopMotor1) for MC_StopMotor1
    main.o(i.KEYS_Process) refers to mc_interface.o(i.MCI_GetLastRampFinalSpeed) for MCI_GetLastRampFinalSpeed
    main.o(i.KEYS_Process) refers to mc_interface.o(i.MCI_ExecSpeedRamp) for MCI_ExecSpeedRamp
    main.o(i.KEYS_Process) refers to mc_interface.o(i.MCI_StopMotor) for MCI_StopMotor
    main.o(i.KEYS_Process) refers to main.o(.data) for .data
    main.o(i.KEYS_Process) refers to motorcontrol.o(.data) for pMCI
    main.o(i.SystemClock_Config) refers to stm32f4xx_hal_rcc.o(i.HAL_RCC_OscConfig) for HAL_RCC_OscConfig
    main.o(i.SystemClock_Config) refers to stm32f4xx_hal_rcc.o(i.HAL_RCC_ClockConfig) for HAL_RCC_ClockConfig
    main.o(i.SystemClock_Config) refers to stm32f4xx_hal_rcc.o(i.HAL_RCC_EnableCSS) for HAL_RCC_EnableCSS
    main.o(i.main) refers to stm32f4xx_hal.o(i.HAL_Init) for HAL_Init
    main.o(i.main) refers to main.o(i.SystemClock_Config) for SystemClock_Config
    main.o(i.main) refers to oled.o(i.OLED_Init) for OLED_Init
    main.o(i.main) refers to stm32f4xx_hal_gpio.o(i.HAL_GPIO_Init) for HAL_GPIO_Init
    main.o(i.main) refers to stm32f4xx_hal_adc.o(i.HAL_ADC_Init) for HAL_ADC_Init
    main.o(i.main) refers to stm32f4xx_hal_adc_ex.o(i.HAL_ADCEx_InjectedConfigChannel) for HAL_ADCEx_InjectedConfigChannel
    main.o(i.main) refers to stm32f4xx_hal_adc.o(i.HAL_ADC_ConfigChannel) for HAL_ADC_ConfigChannel
    main.o(i.main) refers to stm32f4xx_hal_dac.o(i.HAL_DAC_Init) for HAL_DAC_Init
    main.o(i.main) refers to stm32f4xx_hal_dac.o(i.HAL_DAC_ConfigChannel) for HAL_DAC_ConfigChannel
    main.o(i.main) refers to stm32f4xx_hal_tim.o(i.HAL_TIM_Base_Init) for HAL_TIM_Base_Init
    main.o(i.main) refers to stm32f4xx_hal_tim.o(i.HAL_TIM_PWM_Init) for HAL_TIM_PWM_Init
    main.o(i.main) refers to stm32f4xx_hal_tim.o(i.HAL_TIM_SlaveConfigSynchronization) for HAL_TIM_SlaveConfigSynchronization
    main.o(i.main) refers to stm32f4xx_hal_tim_ex.o(i.HAL_TIMEx_MasterConfigSynchronization) for HAL_TIMEx_MasterConfigSynchronization
    main.o(i.main) refers to stm32f4xx_hal_tim.o(i.HAL_TIM_PWM_ConfigChannel) for HAL_TIM_PWM_ConfigChannel
    main.o(i.main) refers to stm32f4xx_hal_tim_ex.o(i.HAL_TIMEx_ConfigBreakDeadTime) for HAL_TIMEx_ConfigBreakDeadTime
    main.o(i.main) refers to stm32f4xx_hal_msp.o(i.HAL_TIM_MspPostInit) for HAL_TIM_MspPostInit
    main.o(i.main) refers to stm32f4xx_hal_uart.o(i.HAL_UART_Init) for HAL_UART_Init
    main.o(i.main) refers to motorcontrol.o(i.MX_MotorControl_Init) for MX_MotorControl_Init
    main.o(i.main) refers to stm32f4xx_hal_cortex.o(i.HAL_NVIC_SetPriority) for HAL_NVIC_SetPriority
    main.o(i.main) refers to stm32f4xx_hal_cortex.o(i.HAL_NVIC_EnableIRQ) for HAL_NVIC_EnableIRQ
    main.o(i.main) refers to main.o(i.Display_OLED) for Display_OLED
    main.o(i.main) refers to main.o(i.KEYS_Process) for KEYS_Process
    main.o(i.main) refers to main.o(.bss) for .bss
[...]
    i.startTimers                            0x08006ea4   Section        0  pwm_common.o(i.startTimers)
    .constdata                               0x08006f04   Section       32  motorcontrol.o(.constdata)
    .constdata                               0x08006f24   Section        2  mc_tasks.o(.constdata)
    .constdata                               0x08006f28   Section       52  mc_parameters.o(.constdata)
    .constdata                               0x08006f5c   Section     4180  oled.o(.constdata)
    .constdata                               0x08007fb0   Section       16  system_stm32f4xx.o(.constdata)
    .constdata                               0x08007fc0   Section        8  system_stm32f4xx.o(.constdata)
    .constdata                               0x08007fc8   Section      512  mc_math.o(.constdata)
    .constdata                               0x080081c8   Section       14  r3_f4xx_pwm_curr_fdbk.o(.constdata)
    OFFSET_TAB_CCMRx                         0x080081c8   Data           7  r3_f4xx_pwm_curr_fdbk.o(.constdata)
    SHIFT_TAB_OCxx                           0x080081cf   Data           7  r3_f4xx_pwm_curr_fdbk.o(.constdata)
    .constdata                               0x080081d6   Section        6  usart_frame_communication_protocol.o(.constdata)
    UFCP_Usart_Timeout_none                  0x080081d6   Data           2  usart_frame_communication_protocol.o(.constdata)
    UFCP_Usart_Timeout_start                 0x080081d8   Data           2  usart_frame_communication_protocol.o(.constdata)
    UFCP_Usart_Timeout_stop                  0x080081da   Data           2  usart_frame_communication_protocol.o(.constdata)
    .data                                    0x20000000   Section        6  main.o(.data)
    SpeedRef                                 0x20000000   Data           2  main.o(.data)
    hOledDebounceCounter                     0x20000002   Data           2  main.o(.data)
    hKeyButtonDebounceCounter                0x20000004   Data           2  main.o(.data)
    .data                                    0x20000008   Section       12  motorcontrol.o(.data)
    .data                                    0x20000014   Section        8  motor_control_protocol.o(.data)
    .data                                    0x2000001c   Section      276  mc_config.o(.data)
    .data                                    0x20000130   Section       44  mc_config.o(.data)
    .data                                    0x2000015c   Section       44  mc_config.o(.data)
    .data                                    0x20000188   Section       44  mc_config.o(.data)
    .data                                    0x200001b4   Section       52  mc_config.o(.data)
    .data                                    0x200001e8   Section      120  mc_config.o(.data)
    .data                                    0x20000260   Section      148  mc_config.o(.data)
    .data                                    0x200002f4   Section       48  mc_config.o(.data)
    .data                                    0x20000324   Section      288  mc_config.o(.data)
    .data                                    0x20000444   Section       20  mc_config.o(.data)
    .data                                    0x20000458   Section       40  mc_config.o(.data)
    .data                                    0x20000480   Section       12  mc_config.o(.data)
    .data                                    0x2000048c   Section       48  mc_config.o(.data)
    .data                                    0x200004bc   Section       60  mc_config.o(.data)
    .data                                    0x200004f8   Section       24  mc_config.o(.data)
    .data                                    0x20000510   Section      178  mc_config.o(.data)
    .data                                    0x200005c4   Section      316  mc_config.o(.data)
    .data                                    0x20000700   Section       58  mc_tasks.o(.data)
    hMFTaskCounterM1                         0x20000702   Data           2  mc_tasks.o(.data)
    hBootCapDelayCounterM1                   0x20000704   Data           2  mc_tasks.o(.data)
    hStopPermanencyCounterM1                 0x20000706   Data           2  mc_tasks.o(.data)
    .data                                    0x2000073a   Section        4  regular_conversion_manager.o(.data)
    .data                                    0x2000073e   Section        1  stm32f4xx_mc_it.o(.data)
    SystickDividerCounter                    0x2000073e   Data           1  stm32f4xx_mc_it.o(.data)
    .data                                    0x20000740   Section       16  ui_task.o(.data)
    bCOMATRTimeCounter                       0x20000740   Data           2  ui_task.o(.data)
    bUITaskCounter                           0x20000742   Data           2  ui_task.o(.data)
    bCOMTimeoutCounter                       0x20000744   Data           2  ui_task.o(.data)
    .data                                    0x20000750   Section     3968  oled.o(.data)
    .data                                    0x200016d0   Section       12  stm32f4xx_hal.o(.data)
    .data                                    0x200016dc   Section        4  system_stm32f4xx.o(.data)
    .bss                                     0x200016e0   Section      288  main.o(.bss)
    .bss                                     0x20001800   Section      148  mc_tasks.o(.bss)
    .bss                                     0x20001894   Section       48  regular_conversion_manager.o(.bss)
    .bss                                     0x200018c4   Section      204  ui_task.o(.bss)
    STACK                                    0x20001990   Section     1024  startup_stm32f407xx.o(STACK)

    Global Symbols

    Symbol Name                              Value     Ov Type        Size  Object(Section)

    BuildAttributes$$THM_ISAv4$E$P$D$K$B$S$7EM$VFPi3$EXTD16$VFPS$VFMA$PE$A:L22UL41UL21$X:L11$S22US41US21$IEEE1$IW$USESV6$~STKCKD$USESV7$~SHL$OTIME$EBA8$MICROLIB$REQ8$PRES8$EABIv2 0x00000000   Number         0  anon$$obj.o ABSOLUTE
    __ARM_use_no_argv                        0x00000000   Number         0  main.o ABSOLUTE
    __cpp_initialize__aeabi_                  - Undefined Weak Reference
    __cxa_finalize                            - Undefined Weak Reference
    _clock_init                               - Undefined Weak Reference
    _microlib_exit                            - Undefined Weak Reference
    __Vectors_Size                           0x00000188   Number         0  startup_stm32f407xx.o ABSOLUTE
    __Vectors                                0x08000000   Data           4  startup_stm32f407xx.o(RESET)
    __Vectors_End                            0x08000188   Data           0  startup_stm32f407xx.o(RESET)
    __main                                   0x08000189   Thumb Code     0  entry.o(.ARM.Collect$$$$00000000)
    _main_stk                                0x08000189   Thumb Code     0  entry2.o(.ARM.Collect$$$$00000001)
    _main_scatterload                        0x0800018d   Thumb Code     0  entry5.o(.ARM.Collect$$$$00000004)
    __main_after_scatterload                 0x08000191   Thumb Code     0  entry5.o(.ARM.Collect$$$$00000004)
    _main_clock                              0x08000191   Thumb Code     0  entry7b.o(.ARM.Collect$$$$00000008)
    _main_cpp_init                           0x08000191   Thumb Code     0  entry8b.o(.ARM.Collect$$$$0000000A)
    _main_init                               0x08000191   Thumb Code     0  entry9a.o(.ARM.Collect$$$$0000000B)
    __rt_final_cpp                           0x08000199   Thumb Code     0  entry10a.o(.ARM.Collect$$$$0000000D)
    __rt_final_exit                          0x08000199   Thumb Code     0  entry11a.o(.ARM.Collect$$$$0000000F)
    Reset_Handler                            0x0800019d   Thumb Code     8  startup_stm32f407xx.o(.text)
    NMI_Handler                              0x080001a5   Thumb Code     2  startup_stm32f407xx.o(.text)
    MemManage_Handler                        0x080001a9   Thumb Code     2  startup_stm32f407xx.o(.text)
    BusFault_Handler                         0x080001ab   Thumb Code     2  startup_stm32f407xx.o(.text)
    UsageFault_Handler                       0x080001ad   Thumb Code     2  startup_stm32f407xx.o(.text)
    SVC_Handler                              0x080001af   Thumb Code     2  startup_stm32f407xx.o(.text)
    DebugMon_Handler                         0x080001b1   Thumb Code     2  startup_stm32f407xx.o(.text)
    PendSV_Handler                           0x080001b3   Thumb Code     2  startup_stm32f407xx.o(.text)
    CAN1_RX0_IRQHandler                      0x080001b7   Thumb Code     0  startup_stm32f407xx.o(.text)
    CAN1_RX1_IRQHandler                      0x080001b7   Thumb Code     0  startup_stm32f407xx.o(.text)
    CAN1_SCE_IRQHandler                      0x080001b7   Thumb Code     0  startup_stm32f407xx.o(.text)
    CAN1_TX_IRQHandler                       0x080001b7   Thumb Code     0  startup_stm32f407xx.o(.text)
    CAN2_RX0_IRQHandler                      0x080001b7   Thumb Code     0  startup_stm32f407xx.o(.text)
    CAN2_RX1_IRQHandler                      0x080001b7   Thumb Code     0  startup_stm32f407xx.o(.text)
    CAN2_SCE_IRQHandler                      0x080001b7   Thumb Code     0  startup_stm32f407xx.o(.text)
    CAN2_TX_IRQHandler                       0x080001b7   Thumb Code     0  startup_stm32f407xx.o(.text)
    DCMI_IRQHandler                          0x080001b7   Thumb Code     0  startup_stm32f407xx.o(.text)
    DMA1_Stream0_IRQHandler                  0x080001b7   Thumb Code     0  startup_stm32f407xx.o(.text)
    DMA1_Stream1_IRQHandler                  0x080001b7   Thumb Code     0  startup_stm32f407xx.o(.text)
    DMA1_Stream2_IRQHandler                  0x080001b7   Thumb Code     0  startup_stm32f407xx.o(.text)
    DMA1_Stream3_IRQHandler                  0x080001b7   Thumb Code     0  startup_stm32f407xx.o(.text)
    DMA1_Stream4_IRQHandler                  0x080001b7   Thumb Code     0  startup_stm32f407xx.o(.text)
    DMA1_Stream5_IRQHandler                  0x080001b7   Thumb Code     0  startup_stm32f407xx.o(.text)
    DMA1_Stream6_IRQHandler                  0x080001b7   Thumb Code     0  startup_stm32f407xx.o(.text)
    DMA1_Stream7_IRQHandler                  0x080001b7   Thumb Code     0  startup_stm32f407xx.o(.text)
    DMA2_Stream0_IRQHandler                  0x080001b7   Thumb Code     0  startup_stm32f407xx.o(.text)
    DMA2_Stream1_IRQHandler                  0x080001b7   Thumb Code     0  startup_stm32f407xx.o(.text)
    DMA2_Stream2_IRQHandler                  0x080001b7   Thumb Code     0  startup_stm32f407xx.o(.text)
    DMA2_Stream3_IRQHandler                  0x080001b7   Thumb Code     0  startup_stm32f407xx.o(.text)
    DMA2_Stream4_IRQHandler                  0x080001b7   Thumb Code     0  startup_stm32f407xx.o(.text)
    DMA2_Stream5_IRQHandler                  0x080001b7   Thumb Code     0  startup_stm32f407xx.o(.text)
    DMA2_Stream6_IRQHandler                  0x080001b7   Thumb Code     0  startup_stm32f407xx.o(.text)
    DMA2_Stream7_IRQHandler                  0x080001b7   Thumb Code     0  startup_stm32f407xx.o(.text)
    ETH_IRQHandler                           0x080001b7   Thumb Code     0  startup_stm32f407xx.o(.text)
    ETH_WKUP_IRQHandler                      0x080001b7   Thumb Code     0  startup_stm32f407xx.o(.text)
    EXTI0_IRQHandler                         0x080001b7   Thumb Code     0  startup_stm32f407xx.o(.text)
    EXTI15_10_IRQHandler                     0x080001b7   Thumb Code     0  startup_stm32f407xx.o(.text)
    EXTI1_IRQHandler                         0x080001b7   Thumb Code     0  startup_stm32f407xx.o(.text)
    EXTI2_IRQHandler                         0x080001b7   Thumb Code     0  startup_stm32f407xx.o(.text)
    EXTI3_IRQHandler                         0x080001b7   Thumb Code     0  startup_stm32f407xx.o(.text)
    EXTI4_IRQHandler                         0x080001b7   Thumb Code     0  startup_stm32f407xx.o(.text)
    EXTI9_5_IRQHandler                       0x080001b7   Thumb Code     0  startup_stm32f407xx.o(.text)
    FLASH_IRQHandler                         0x080001b7   Thumb Code     0  startup_stm32f407xx.o(.text)
    FMC_IRQHandler                           0x080001b7   Thumb Code     0  startup_stm32f407xx.o(.text)
    FPU_IRQHandler                           0x080001b7   Thumb Code     0  startup_stm32f407xx.o(.text)
    HASH_RNG_IRQHandler                      0x080001b7   Thumb Code     0  startup_stm32f407xx.o(.text)
    I2C1_ER_IRQHandler                       0x080001b7   Thumb Code     0  startup_stm32f407xx.o(.text)
    I2C1_EV_IRQHandler                       0x080001b7   Thumb Code     0  startup_stm32f407xx.o(.text)
    I2C2_ER_IRQHandler                       0x080001b7   Thumb Code     0  startup_stm32f407xx.o(.text)
    I2C2_EV_IRQHandler                       0x080001b7   Thumb Code     0  startup_stm32f407xx.o(.text)
    I2C3_ER_IRQHandler                       0x080001b7   Thumb Code     0  startup_stm32f407xx.o(.text)
    I2C3_EV_IRQHandler                       0x080001b7   Thumb Code     0  startup_stm32f407xx.o(.text)
    OTG_FS_IRQHandler                        0x080001b7   Thumb Code     0  startup_stm32f407xx.o(.text)
    OTG_FS_WKUP_IRQHandler                   0x080001b7   Thumb Code     0  startup_stm32f407xx.o(.text)
    OTG_HS_EP1_IN_IRQHandler                 0x080001b7   Thumb Code     0  startup_stm32f407xx.o(.text)
    OTG_HS_EP1_OUT_IRQHandler                0x080001b7   Thumb Code     0  startup_stm32f407xx.o(.text)
    OTG_HS_IRQHandler                        0x080001b7   Thumb Code     0  startup_stm32f407xx.o(.text)
    OTG_HS_WKUP_IRQHandler                   0x080001b7   Thumb Code     0  startup_stm32f407xx.o(.text)
    PVD_IRQHandler                           0x080001b7   Thumb Code     0  startup_stm32f407xx.o(.text)
    RCC_IRQHandler                           0x080001b7   Thumb Code     0  startup_stm32f407xx.o(.text)
    RTC_Alarm_IRQHandler                     0x080001b7   Thumb Code     0  startup_stm32f407xx.o(.text)
    RTC_WKUP_IRQHandler                      0x080001b7   Thumb Code     0  startup_stm32f407xx.o(.text)
    SDIO_IRQHandler                          0x080001b7   Thumb Code     0  startup_stm32f407xx.o(.text)
    SPI1_IRQHandler                          0x080001b7   Thumb Code     0  startup_stm32f407xx.o(.text)
    SPI2_IRQHandler                          0x080001b7   Thumb Code     0  startup_stm32f407xx.o(.text)
    SPI3_IRQHandler                          0x080001b7   Thumb Code     0  startup_stm32f407xx.o(.text)
    TAMP_STAMP_IRQHandler                    0x080001b7   Thumb Code     0  startup_stm32f407xx.o(.text)
    TIM1_CC_IRQHandler                       0x080001b7   Thumb Code     0  startup_stm32f407xx.o(.text)
    TIM1_TRG_COM_TIM11_IRQHandler            0x080001b7   Thumb Code     0  startup_stm32f407xx.o(.text)
    TIM2_IRQHandler                          0x080001b7   Thumb Code     0  startup_stm32f407xx.o(.text)
    TIM3_IRQHandler                          0x080001b7   Thumb Code     0  startup_stm32f407xx.o(.text)
    TIM4_IRQHandler                          0x080001b7   Thumb Code     0  startup_stm32f407xx.o(.text)
    TIM5_IRQHandler                          0x080001b7   Thumb Code     0  startup_stm32f407xx.o(.text)
    TIM6_DAC_IRQHandler                      0x080001b7   Thumb Code     0  startup_stm32f407xx.o(.text)
    TIM7_IRQHandler                          0x080001b7   Thumb Code     0  startup_stm32f407xx.o(.text)
    TIM8_BRK_TIM12_IRQHandler                0x080001b7   Thumb Code     0  startup_stm32f407xx.o(.text)
    TIM8_CC_IRQHandler                       0x080001b7   Thumb Code     0  startup_stm32f407xx.o(.text)
    TIM8_TRG_COM_TIM14_IRQHandler            0x080001b7   Thumb Code     0  startup_stm32f407xx.o(.text)
    TIM8_UP_TIM13_IRQHandler                 0x080001b7   Thumb Code     0  startup_stm32f407xx.o(.text)
    UART4_IRQHandler                         0x080001b7   Thumb Code     0  startup_stm32f407xx.o(.text)
    UART5_IRQHandler                         0x080001b7   Thumb Code     0  startup_stm32f407xx.o(.text)
    USART2_IRQHandler                        0x080001b7   Thumb Code     0  startup_stm32f407xx.o(.text)
    USART3_IRQHandler                        0x080001b7   Thumb Code     0  startup_stm32f407xx.o(.text)
    USART6_IRQHandler                        0x080001b7   Thumb Code     0  startup_stm32f407xx.o(.text)
    WWDG_IRQHandler                          0x080001b7   Thumb Code     0  startup_stm32f407xx.o(.text)
    __aeabi_uldivmod                         0x080001c1   Thumb Code    98  uldiv.o(.text)
    __aeabi_memset                           0x08000223   Thumb Code    14  memseta.o(.text)
    __aeabi_memset4                          0x08000223   Thumb Code     0  memseta.o(.text)
    __aeabi_memset8                          0x08000223   Thumb Code     0  memseta.o(.text)
    __aeabi_memclr                           0x08000231   Thumb Code     4  memseta.o(.text)
    __aeabi_memclr4                          0x08000231   Thumb Code     0  memseta.o(.text)
    __aeabi_memclr8                          0x08000231   Thumb Code     0  memseta.o(.text)
    _memset$wrapper                          0x08000235   Thumb Code    18  memseta.o(.text)
    __aeabi_llsl                             0x08000247   Thumb Code    30  llshl.o(.text)
    _ll_shift_l                              0x08000247   Thumb Code     0  llshl.o(.text)
    __aeabi_llsr                             0x08000265   Thumb Code    32  llushr.o(.text)
    _ll_ushift_r                             0x08000265   Thumb Code     0  llushr.o(.text)
    __scatterload                            0x08000285   Thumb Code    28  init.o(.text)
    __scatterload_rt2                        0x08000285   Thumb Code     0  init.o(.text)
    __decompress                             0x080002a9   Thumb Code     0  __dclz77c.o(.text)
    __decompress2                            0x080002a9   Thumb Code    94  __dclz77c.o(.text)
    ADC_IRQHandler                           0x08000309   Thumb Code    56  stm32f4xx_mc_it.o(i.ADC_IRQHandler)
    Circle_Limitation                        0x08000345   Thumb Code    86  circle_limitation.o(i.Circle_Limitation)
    DAC_Exec                                 0x0800039d   Thumb Code   132  dac_ui.o(i.DAC_Exec)
    DAC_GetChannelConfig                     0x08000425   Thumb Code     8  dac_common_ui.o(i.DAC_GetChannelConfig)
    DAC_GetUserChannelValue                  0x0800042d   Thumb Code    10  dac_common_ui.o(i.DAC_GetUserChannelValue)
    DAC_Init                                 0x08000439   Thumb Code    34  dac_ui.o(i.DAC_Init)
    DAC_SetChannelConfig                     0x08000461   Thumb Code     8  dac_common_ui.o(i.DAC_SetChannelConfig)
    DAC_SetUserChannelValue                  0x08000469   Thumb Code     8  dac_common_ui.o(i.DAC_SetUserChannelValue)
    Display_OLED                             0x08000471   Thumb Code   412  main.o(i.Display_OLED)
    FCP_CalcCRC                              0x08000625   Thumb Code    42  frame_communication_protocol.o(i.FCP_CalcCRC)
    FCP_Init                                 0x0800064f   Thumb Code    42  frame_communication_protocol.o(i.FCP_Init)
    FCP_SetClient                            0x08000679   Thumb Code    14  frame_communication_protocol.o(i.FCP_SetClient)
    HAL_ADCEx_InjectedConfigChannel          0x080006f5   Thumb Code   508  stm32f4xx_hal_adc_ex.o(i.HAL_ADCEx_InjectedConfigChannel)
    HAL_ADC_ConfigChannel                    0x080008fd   Thumb Code   416  stm32f4xx_hal_adc.o(i.HAL_ADC_ConfigChannel)
    HAL_ADC_Init                             0x08000aad   Thumb Code   356  stm32f4xx_hal_adc.o(i.HAL_ADC_Init)
    HAL_ADC_MspInit                          0x08000c1d   Thumb Code   228  stm32f4xx_hal_msp.o(i.HAL_ADC_MspInit)
    HAL_DAC_ConfigChannel                    0x08000d15   Thumb Code    78  stm32f4xx_hal_dac.o(i.HAL_DAC_ConfigChannel)
    HAL_DAC_Init                             0x08000d63   Thumb Code    40  stm32f4xx_hal_dac.o(i.HAL_DAC_Init)
    HAL_DAC_MspInit                          0x08000d8d   Thumb Code    88  stm32f4xx_hal_msp.o(i.HAL_DAC_MspInit)
    HAL_GPIO_Init                            0x08000df1   Thumb Code   546  stm32f4xx_hal_gpio.o(i.HAL_GPIO_Init)
    HAL_GPIO_ReadPin                         0x08001029   Thumb Code    10  stm32f4xx_hal_gpio.o(i.HAL_GPIO_ReadPin)
    HAL_GPIO_WritePin                        0x08001033   Thumb Code    10  stm32f4xx_hal_gpio.o(i.HAL_GPIO_WritePin)
    HAL_GetTick                              0x0800103d   Thumb Code     6  stm32f4xx_hal.o(i.HAL_GetTick)
    HAL_IncTick                              0x08001049   Thumb Code    12  stm32f4xx_hal.o(i.HAL_IncTick)
    HAL_Init                                 0x08001059   Thumb Code    48  stm32f4xx_hal.o(i.HAL_Init)
    HAL_InitTick                             0x0800108d   Thumb Code    54  stm32f4xx_hal.o(i.HAL_InitTick)
    HAL_MspInit                              0x080010cd   Thumb Code    46  stm32f4xx_hal_msp.o(i.HAL_MspInit)
    HAL_NVIC_EnableIRQ                       0x08001105   Thumb Code    24  stm32f4xx_hal_cortex.o(i.HAL_NVIC_EnableIRQ)
    HAL_NVIC_SetPriority                     0x0800111d   Thumb Code    96  stm32f4xx_hal_cortex.o(i.HAL_NVIC_SetPriority)
    HAL_NVIC_SetPriorityGrouping             0x08001181   Thumb Code    30  stm32f4xx_hal_cortex.o(i.HAL_NVIC_SetPriorityGrouping)
    HAL_RCC_ClockConfig                      0x080011a5   Thumb Code   322  stm32f4xx_hal_rcc.o(i.HAL_RCC_ClockConfig)
    HAL_RCC_EnableCSS                        0x080012fd   Thumb Code     8  stm32f4xx_hal_rcc.o(i.HAL_RCC_EnableCSS)
    HAL_RCC_GetHCLKFreq                      0x08001309   Thumb Code     6  stm32f4xx_hal_rcc.o(i.HAL_RCC_GetHCLKFreq)
    HAL_RCC_GetPCLK1Freq                     0x08001315   Thumb Code    20  stm32f4xx_hal_rcc.o(i.HAL_RCC_GetPCLK1Freq)
    HAL_RCC_GetPCLK2Freq                     0x08001335   Thumb Code    20  stm32f4xx_hal_rcc.o(i.HAL_RCC_GetPCLK2Freq)
    HAL_RCC_GetSysClockFreq                  0x08001355   Thumb Code    98  stm32f4xx_hal_rcc.o(i.HAL_RCC_GetSysClockFreq)
    HAL_RCC_OscConfig                        0x080013c9   Thumb Code   888  stm32f4xx_hal_rcc.o(i.HAL_RCC_OscConfig)
    HAL_SYSTICK_Callback                     0x08001769   Thumb Code     2  stm32f4xx_hal_cortex.o(i.HAL_SYSTICK_Callback)
    HAL_SYSTICK_Config                       0x0800176d   Thumb Code    38  stm32f4xx_hal_cortex.o(i.HAL_SYSTICK_Config)
    HAL_SYSTICK_IRQHandler                   0x08001799   Thumb Code     8  stm32f4xx_hal_cortex.o(i.HAL_SYSTICK_IRQHandler)
    HAL_TIMEx_ConfigBreakDeadTime            0x080017a1   Thumb Code    88  stm32f4xx_hal_tim_ex.o(i.HAL_TIMEx_ConfigBreakDeadTime)
    HAL_TIMEx_MasterConfigSynchronization    0x080017f9   Thumb Code   100  stm32f4xx_hal_tim_ex.o(i.HAL_TIMEx_MasterConfigSynchronization)
    HAL_TIM_Base_Init                        0x0800185d   Thumb Code    54  stm32f4xx_hal_tim.o(i.HAL_TIM_Base_Init)
    HAL_TIM_Base_MspInit                     0x08001895   Thumb Code    40  stm32f4xx_hal_msp.o(i.HAL_TIM_Base_MspInit)
    HAL_TIM_MspPostInit                      0x080018c1   Thumb Code   118  stm32f4xx_hal_msp.o(i.HAL_TIM_MspPostInit)
    HAL_TIM_PWM_ConfigChannel                0x08001945   Thumb Code   554  stm32f4xx_hal_tim.o(i.HAL_TIM_PWM_ConfigChannel)
    HAL_TIM_PWM_Init                         0x08001b79   Thumb Code    54  stm32f4xx_hal_tim.o(i.HAL_TIM_PWM_Init)
    HAL_TIM_PWM_MspInit                      0x08001baf   Thumb Code     2  stm32f4xx_hal_tim.o(i.HAL_TIM_PWM_MspInit)
    HAL_TIM_SlaveConfigSynchronization       0x08001bb1   Thumb Code    66  stm32f4xx_hal_tim.o(i.HAL_TIM_SlaveConfigSynchronization)
    HAL_UART_Init                            0x08001bf3   Thumb Code    98  stm32f4xx_hal_uart.o(i.HAL_UART_Init)
    HAL_UART_MspInit                         0x08001c55   Thumb Code    92  stm32f4xx_hal_msp.o(i.HAL_UART_MspInit)
    HardFault_Handler                        0x08001cbd   Thumb Code   104  stm32f4xx_mc_it.o(i.HardFault_Handler)
    KEYS_Process                             0x08001d29   Thumb Code   356  main.o(i.KEYS_Process)
    MCI_Clear_Iqdref                         0x08001efd   Thumb Code    16  mc_interface.o(i.MCI_Clear_Iqdref)
    MCI_EncoderAlign                         0x08001f0d   Thumb Code     8  mc_interface.o(i.MCI_EncoderAlign)
    MCI_ExecBufferedCommands                 0x08001f15   Thumb Code   120  mc_interface.o(i.MCI_ExecBufferedCommands)
    MCI_ExecSpeedRamp                        0x08001f8d   Thumb Code    14  mc_interface.o(i.MCI_ExecSpeedRamp)
    MCI_ExecTorqueRamp                       0x08001f9b   Thumb Code    18  mc_interface.o(i.MCI_ExecTorqueRamp)
    MCI_FaultAcknowledged                    0x08001fad   Thumb Code     6  mc_interface.o(i.MCI_FaultAcknowledged)
    MCI_GetAvrgMecSpeed01Hz                  0x08001fb3   Thumb Code    16  mc_interface.o(i.MCI_GetAvrgMecSpeed01Hz)
    MCI_GetControlMode                       0x08001fc3   Thumb Code     4  mc_interface.o(i.MCI_GetControlMode)
    MCI_GetIab                               0x08001fc7   Thumb Code     6  mc_interface.o(i.MCI_GetIab)
    MCI_GetIalphabeta                        0x08001fcd   Thumb Code     6  mc_interface.o(i.MCI_GetIalphabeta)
    MCI_GetImposedMotorDirection             0x08001fd3   Thumb Code    54  mc_interface.o(i.MCI_GetImposedMotorDirection)
    MCI_GetIqd                               0x08002009   Thumb Code     6  mc_interface.o(i.MCI_GetIqd)
    MCI_GetIqdref                            0x0800200f   Thumb Code     6  mc_interface.o(i.MCI_GetIqdref)
    MCI_GetLastRampFinalSpeed                0x08002015   Thumb Code    16  mc_interface.o(i.MCI_GetLastRampFinalSpeed)
    MCI_GetMecSpeedRef01Hz                   0x08002025   Thumb Code     6  mc_interface.o(i.MCI_GetMecSpeedRef01Hz)
    MCI_GetSTMState                          0x0800202b   Thumb Code     6  mc_interface.o(i.MCI_GetSTMState)
    MCI_GetTeref                             0x08002031   Thumb Code     8  mc_interface.o(i.MCI_GetTeref)
    MCI_GetValphabeta                        0x08002039   Thumb Code     8  mc_interface.o(i.MCI_GetValphabeta)
    MCI_GetVqd                               0x08002041   Thumb Code     8  mc_interface.o(i.MCI_GetVqd)
    MCI_Init                                 0x08002049   Thumb Code    20  mc_interface.o(i.MCI_Init)
    MCI_SetCurrentReferences                 0x0800205d   Thumb Code    20  mc_interface.o(i.MCI_SetCurrentReferences)
    MCI_SetIdref                             0x08002071   Thumb Code    10  mc_interface.o(i.MCI_SetIdref)
    MCI_StartMotor                           0x0800207b   Thumb Code    22  mc_interface.o(i.MCI_StartMotor)
    MCI_StopMotor                            0x08002091   Thumb Code     8  mc_interface.o(i.MCI_StopMotor)
    MCI_StopSpeedRamp                        0x08002099   Thumb Code     6  mc_interface.o(i.MCI_StopSpeedRamp)
    MCM_Clarke                               0x080020a1   Thumb Code    72  mc_math.o(i.MCM_Clarke)
    MCM_Park                                 0x080020ed   Thumb Code   122  mc_math.o(i.MCM_Park)
    MCM_Rev_Park                             0x08002171   Thumb Code    54  mc_math.o(i.MCM_Rev_Park)
    MCM_Trig_Functions                       0x080021a9   Thumb Code   112  mc_math.o(i.MCM_Trig_Functions)
    MCP_Init                                 0x0800221d   Thumb Code    68  motor_control_protocol.o(i.MCP_Init)
    MCP_OnTimeOut                            0x0800226d   Thumb Code    26  motor_control_protocol.o(i.MCP_OnTimeOut)
    MCP_ReceivedFrame                        0x08002289   Thumb Code  1616  motor_control_protocol.o(i.MCP_ReceivedFrame)
    MCP_SentFrame                            0x080028e1   Thumb Code    26  motor_control_protocol.o(i.MCP_SentFrame)
    MC_RunMotorControlTasks                  0x080028fd   Thumb Code   122  mc_tasks.o(i.MC_RunMotorControlTasks)
    MC_Scheduler                             0x0800298d   Thumb Code   644  mc_tasks.o(i.MC_Scheduler)
    MC_StartMotor1                           0x08002c41   Thumb Code     8  mc_api.o(i.MC_StartMotor1)
    MC_StopMotor1                            0x08002c4d   Thumb Code     8  mc_api.o(i.MC_StopMotor1)
    MCboot                                   0x08002c59   Thumb Code   366  mc_tasks.o(i.MCboot)
    MPM_CalcElMotorPower                     0x08002e0d   Thumb Code    74  motor_power_measurement.o(i.MPM_CalcElMotorPower)
    MPM_Clear                                0x08002e57   Thumb Code    24  motor_power_measurement.o(i.MPM_Clear)
    MPM_GetAvrgElMotorPowerW                 0x08002e6f   Thumb Code     6  motor_power_measurement.o(i.MPM_GetAvrgElMotorPowerW)
    MX_MotorControl_Init                     0x08002e75   Thumb Code    48  motorcontrol.o(i.MX_MotorControl_Init)
    NTC_CalcAvTemp                           0x08002ead   Thumb Code    78  ntc_temperature_sensor.o(i.NTC_CalcAvTemp)
    NTC_GetAvTemp_C                          0x08002efb   Thumb Code    40  ntc_temperature_sensor.o(i.NTC_GetAvTemp_C)
    NTC_Init                                 0x08002f23   Thumb Code    32  ntc_temperature_sensor.o(i.NTC_Init)
    OLED_Init                                0x08002f45   Thumb Code   474  oled.o(i.OLED_Init)
    OLED_ShowCHinese                         0x08003129   Thumb Code   156  oled.o(i.OLED_ShowCHinese)
    OLED_ShowChar                            0x080031c9   Thumb Code   146  oled.o(i.OLED_ShowChar)
    OLED_ShowNum                             0x08003261   Thumb Code   156  oled.o(i.OLED_ShowNum)
    OLED_ShowString                          0x08003301   Thumb Code   236  oled.o(i.OLED_ShowString)
    OLED_WR_Byte                             0x080033f1   Thumb Code   130  oled.o(i.OLED_WR_Byte)
    OLED_WR_Byte2                            0x08003479   Thumb Code   130  oled.o(i.OLED_WR_Byte2)
    PID_GetKD                                0x08003501   Thumb Code     6  pid_regulator.o(i.PID_GetKD)
    PID_GetKI                                0x08003507   Thumb Code     6  pid_regulator.o(i.PID_GetKI)
    PID_GetKIDivisor                         0x0800350d   Thumb Code     4  pid_regulator.o(i.PID_GetKIDivisor)
    PID_GetKP                                0x08003511   Thumb Code     6  pid_regulator.o(i.PID_GetKP)
    PID_GetKPDivisor                         0x08003517   Thumb Code     4  pid_regulator.o(i.PID_GetKPDivisor)
    PID_HandleInit                           0x0800351b   Thumb Code    20  pid_regulator.o(i.PID_HandleInit)
    PID_SetIntegralTerm                      0x0800352f   Thumb Code     4  pid_regulator.o(i.PID_SetIntegralTerm)
    PID_SetKD                                0x08003533   Thumb Code     4  pid_regulator.o(i.PID_SetKD)
    PID_SetKI                                0x08003537   Thumb Code     4  pid_regulator.o(i.PID_SetKI)
    PID_SetKP                                0x0800353b   Thumb Code     4  pid_regulator.o(i.PID_SetKP)
    PI_Controller                            0x08003541   Thumb Code   122  pid_regulator.o(i.PI_Controller)
    PQD_CalcElMotorPower                     0x080035c1   Thumb Code    90  pqd_motor_power_measurement.o(i.PQD_CalcElMotorPower)
    PWMC_CheckOverCurrent                    0x08003621   Thumb Code     4  pwm_curr_fdbk.o(i.PWMC_CheckOverCurrent)
    PWMC_CurrentReadingCalibr                0x08003625   Thumb Code    66  pwm_curr_fdbk.o(i.PWMC_CurrentReadingCalibr)
    PWMC_GetPhaseCurrents                    0x08003667   Thumb Code     4  pwm_curr_fdbk.o(i.PWMC_GetPhaseCurrents)
    PWMC_SetPhaseVoltage                     0x0800366b   Thumb Code   414  pwm_curr_fdbk.o(i.PWMC_SetPhaseVoltage)
    PWMC_SwitchOffPWM                        0x08003809   Thumb Code     4  pwm_curr_fdbk.o(i.PWMC_SwitchOffPWM)
    R3F4XX_BRK_IRQHandler                    0x0800380d   Thumb Code    52  r3_f4xx_pwm_curr_fdbk.o(i.R3F4XX_BRK_IRQHandler)
    R3F4XX_CurrentReadingCalibration         0x08003841   Thumb Code   234  r3_f4xx_pwm_curr_fdbk.o(i.R3F4XX_CurrentReadingCalibration)
    R3F4XX_GetPhaseCurrents                  0x08003939   Thumb Code   274  r3_f4xx_pwm_curr_fdbk.o(i.R3F4XX_GetPhaseCurrents)
    R3F4XX_Init                              0x08003af1   Thumb Code   318  r3_f4xx_pwm_curr_fdbk.o(i.R3F4XX_Init)
    R3F4XX_IsOverCurrentOccurred             0x08003c45   Thumb Code    22  r3_f4xx_pwm_curr_fdbk.o(i.R3F4XX_IsOverCurrentOccurred)
    R3F4XX_RLDetectionModeDisable            0x08003c5d   Thumb Code   220  r3_f4xx_pwm_curr_fdbk.o(i.R3F4XX_RLDetectionModeDisable)
    R3F4XX_RLDetectionModeEnable             0x08003d49   Thumb Code   172  r3_f4xx_pwm_curr_fdbk.o(i.R3F4XX_RLDetectionModeEnable)
    R3F4XX_RLDetectionModeSetDuty            0x08003e05   Thumb Code   152  r3_f4xx_pwm_curr_fdbk.o(i.R3F4XX_RLDetectionModeSetDuty)
    R3F4XX_SetADCSampPointSect1              0x08003fe7   Thumb Code   190  r3_f4xx_pwm_curr_fdbk.o(i.R3F4XX_SetADCSampPointSect1)
    R3F4XX_SetADCSampPointSect2              0x080040a5   Thumb Code   190  r3_f4xx_pwm_curr_fdbk.o(i.R3F4XX_SetADCSampPointSect2)
    R3F4XX_SetADCSampPointSect3              0x08004163   Thumb Code   190  r3_f4xx_pwm_curr_fdbk.o(i.R3F4XX_SetADCSampPointSect3)
    R3F4XX_SetADCSampPointSect4              0x08004221   Thumb Code   174  r3_f4xx_pwm_curr_fdbk.o(i.R3F4XX_SetADCSampPointSect4)
    R3F4XX_SetADCSampPointSect5              0x080042cf   Thumb Code   174  r3_f4xx_pwm_curr_fdbk.o(i.R3F4XX_SetADCSampPointSect5)
    R3F4XX_SetADCSampPointSect6              0x0800437d   Thumb Code   190  r3_f4xx_pwm_curr_fdbk.o(i.R3F4XX_SetADCSampPointSect6)
    R3F4XX_SwitchOffPWM                      0x0800443b   Thumb Code   116  r3_f4xx_pwm_curr_fdbk.o(i.R3F4XX_SwitchOffPWM)
    R3F4XX_SwitchOnPWM                       0x080044b1   Thumb Code   138  r3_f4xx_pwm_curr_fdbk.o(i.R3F4XX_SwitchOnPWM)
    R3F4XX_TIMx_UP_IRQHandler                0x08004541   Thumb Code   128  r3_f4xx_pwm_curr_fdbk.o(i.R3F4XX_TIMx_UP_IRQHandler)
    R3F4XX_TurnOnLowSides                    0x080045c5   Thumb Code    80  r3_f4xx_pwm_curr_fdbk.o(i.R3F4XX_TurnOnLowSides)
    RCM_ExecRegularConv                      0x08004615   Thumb Code   120  regular_conversion_manager.o(i.RCM_ExecRegularConv)
    RCM_ExecUserConv                         0x08004695   Thumb Code    60  regular_conversion_manager.o(i.RCM_ExecUserConv)
    RCM_RegisterRegConv                      0x080046d9   Thumb Code   246  regular_conversion_manager.o(i.RCM_RegisterRegConv)
    REMNG_Calc                               0x080047dd   Thumb Code    44  ramp_ext_mngr.o(i.REMNG_Calc)
    REMNG_ExecRamp                           0x08004809   Thumb Code   266  ramp_ext_mngr.o(i.REMNG_ExecRamp)
    REMNG_Init                               0x08004913   Thumb Code    16  ramp_ext_mngr.o(i.REMNG_Init)
    REMNG_RampCompleted                      0x08004923   Thumb Code    14  ramp_ext_mngr.o(i.REMNG_RampCompleted)
    RUC_Clear                                0x08004931   Thumb Code   136  revup_ctrl.o(i.RUC_Clear)
    RUC_Exec                                 0x080049b9   Thumb Code   106  revup_ctrl.o(i.RUC_Exec)
    RUC_FirstAccelerationStageReached        0x08004a23   Thumb Code    20  revup_ctrl.o(i.RUC_FirstAccelerationStageReached)
    RUC_GetNumberOfPhases                    0x08004a37   Thumb Code     6  revup_ctrl.o(i.RUC_GetNumberOfPhases)
    RUC_GetPhaseDurationms                   0x08004a3d   Thumb Code    12  revup_ctrl.o(i.RUC_GetPhaseDurationms)
    RUC_GetPhaseFinalMecSpeed01Hz            0x08004a49   Thumb Code    14  revup_ctrl.o(i.RUC_GetPhaseFinalMecSpeed01Hz)
    RUC_GetPhaseFinalTorque                  0x08004a57   Thumb Code    14  revup_ctrl.o(i.RUC_GetPhaseFinalTorque)
    RUC_Init                                 0x08004a65   Thumb Code    86  revup_ctrl.o(i.RUC_Init)
    RUC_SetPhaseDurationms                   0x08004abb   Thumb Code    12  revup_ctrl.o(i.RUC_SetPhaseDurationms)
    RUC_SetPhaseFinalMecSpeed01Hz            0x08004ac7   Thumb Code    12  revup_ctrl.o(i.RUC_SetPhaseFinalMecSpeed01Hz)
    RUC_SetPhaseFinalTorque                  0x08004ad3   Thumb Code    12  revup_ctrl.o(i.RUC_SetPhaseFinalTorque)
    SPD_GetAvrgMecSpeed01Hz                  0x08004adf   Thumb Code     6  speed_pos_fdbk.o(i.SPD_GetAvrgMecSpeed01Hz)
    SPD_GetElAngle                           0x08004ae5   Thumb Code     6  speed_pos_fdbk.o(i.SPD_GetElAngle)
    SPD_GetS16Speed                          0x08004aeb   Thumb Code    20  speed_pos_fdbk.o(i.SPD_GetS16Speed)
    SPD_IsMecSpeedReliable                   0x08004aff   Thumb Code    96  speed_pos_fdbk.o(i.SPD_IsMecSpeedReliable)
    STC_CalcTorqueReference                  0x08004b5f   Thumb Code    92  speed_torq_ctrl.o(i.STC_CalcTorqueReference)
    STC_Clear                                0x08004bbb   Thumb Code    16  speed_torq_ctrl.o(i.STC_Clear)
    STC_ExecRamp                             0x08004bcb   Thumb Code   146  speed_torq_ctrl.o(i.STC_ExecRamp)
    STC_ForceSpeedReferenceToCurrentSpeed    0x08004c5d   Thumb Code    16  speed_torq_ctrl.o(i.STC_ForceSpeedReferenceToCurrentSpeed)
    STC_GetDefaultIqdref                     0x08004c6d   Thumb Code    16  speed_torq_ctrl.o(i.STC_GetDefaultIqdref)
    STC_GetMaxAppPositiveMecSpeed01Hz        0x08004c7d   Thumb Code     4  speed_torq_ctrl.o(i.STC_GetMaxAppPositiveMecSpeed01Hz)
    STC_GetMecSpeedRef01Hz                   0x08004c81   Thumb Code    12  speed_torq_ctrl.o(i.STC_GetMecSpeedRef01Hz)
    STC_GetMecSpeedRef01HzDefault            0x08004c8d   Thumb Code     6  speed_torq_ctrl.o(i.STC_GetMecSpeedRef01HzDefault)
    STC_GetMinAppNegativeMecSpeed01Hz        0x08004c93   Thumb Code     6  speed_torq_ctrl.o(i.STC_GetMinAppNegativeMecSpeed01Hz)
    STC_GetSpeedSensor                       0x08004c99   Thumb Code     4  speed_torq_ctrl.o(i.STC_GetSpeedSensor)
    STC_Init                                 0x08004c9d   Thumb Code    32  speed_torq_ctrl.o(i.STC_Init)
    STC_SetControlMode                       0x08004cbd   Thumb Code     8  speed_torq_ctrl.o(i.STC_SetControlMode)
    STC_SetSpeedSensor                       0x08004cc5   Thumb Code     4  speed_torq_ctrl.o(i.STC_SetSpeedSensor)
    STC_StopSpeedRamp                        0x08004cc9   Thumb Code    16  speed_torq_ctrl.o(i.STC_StopSpeedRamp)
    STM_FaultAcknowledged                    0x08004cd9   Thumb Code    22  state_machine.o(i.STM_FaultAcknowledged)
    STM_FaultProcessing                      0x08004cef   Thumb Code    54  state_machine.o(i.STM_FaultProcessing)
    STM_GetFaultState                        0x08004d25   Thumb Code    10  state_machine.o(i.STM_GetFaultState)
    STM_GetState                             0x08004d2f   Thumb Code     4  state_machine.o(i.STM_GetState)
    STM_Init                                 0x08004d33   Thumb Code    10  state_machine.o(i.STM_Init)
    STM_NextState                            0x08004d3d   Thumb Code   286  state_machine.o(i.STM_NextState)
    STO_GetPLLGains                          0x08004e5b   Thumb Code    28  sto_pll_speed_pos_fdbk.o(i.STO_GetPLLGains)
    STO_OTF_ResetPLL                         0x08004e77   Thumb Code    10  sto_pll_speed_pos_fdbk.o(i.STO_OTF_ResetPLL)
    STO_PLL_CalcAvrgElSpeedDpp               0x08004e81   Thumb Code    78  sto_pll_speed_pos_fdbk.o(i.STO_PLL_CalcAvrgElSpeedDpp)
    STO_PLL_CalcAvrgMecSpeed01Hz             0x08004ed1   Thumb Code   440  sto_pll_speed_pos_fdbk.o(i.STO_PLL_CalcAvrgMecSpeed01Hz)
    STO_PLL_CalcElAngle                      0x08005089   Thumb Code   464  sto_pll_speed_pos_fdbk.o(i.STO_PLL_CalcElAngle)
    STO_PLL_Clear                            0x08005259   Thumb Code   124  sto_pll_speed_pos_fdbk.o(i.STO_PLL_Clear)
    STO_PLL_ForceConvergency1                0x080052d5   Thumb Code    10  sto_pll_speed_pos_fdbk.o(i.STO_PLL_ForceConvergency1)
    STO_PLL_ForceConvergency2                0x080052df   Thumb Code    10  sto_pll_speed_pos_fdbk.o(i.STO_PLL_ForceConvergency2)
    STO_PLL_GetEstimatedBemf                 0x080052e9   Thumb Code    20  sto_pll_speed_pos_fdbk.o(i.STO_PLL_GetEstimatedBemf)
    STO_PLL_GetEstimatedBemfLevel            0x080052fd   Thumb Code     6  sto_pll_speed_pos_fdbk.o(i.STO_PLL_GetEstimatedBemfLevel)
    STO_PLL_GetEstimatedCurrent              0x08005303   Thumb Code    24  sto_pll_speed_pos_fdbk.o(i.STO_PLL_GetEstimatedCurrent)
    STO_PLL_GetObservedBemfLevel             0x0800531b   Thumb Code     6  sto_pll_speed_pos_fdbk.o(i.STO_PLL_GetObservedBemfLevel)
    STO_PLL_GetObserverGains                 0x08005321   Thumb Code    10  sto_pll_speed_pos_fdbk.o(i.STO_PLL_GetObserverGains)
    STO_PLL_Init                             0x0800532d   Thumb Code   204  sto_pll_speed_pos_fdbk.o(i.STO_PLL_Init)
    STO_PLL_IsObserverConverged              0x080053fd   Thumb Code   166  sto_pll_speed_pos_fdbk.o(i.STO_PLL_IsObserverConverged)
    STO_PLL_IsVarianceTight                  0x080054a3   Thumb Code     8  sto_pll_speed_pos_fdbk.o(i.STO_PLL_IsVarianceTight)
    STO_PLL_SetObserverGains                 0x080054ab   Thumb Code     6  sto_pll_speed_pos_fdbk.o(i.STO_PLL_SetObserverGains)
    STO_ResetPLL                             0x080054b1   Thumb Code     8  sto_pll_speed_pos_fdbk.o(i.STO_ResetPLL)
    STO_SetPLLGains                          0x080054b9   Thumb Code    26  sto_pll_speed_pos_fdbk.o(i.STO_SetPLLGains)
    SysTick_Handler                          0x080054d5   Thumb Code    36  stm32f4xx_mc_it.o(i.SysTick_Handler)
    SystemClock_Config                       0x080054fd   Thumb Code   128  main.o(i.SystemClock_Config)
    SystemInit                               0x08005585   Thumb Code    64  system_stm32f4xx.o(i.SystemInit)
    TIM1_BRK_TIM9_IRQHandler                 0x080055dd   Thumb Code    38  stm32f4xx_mc_it.o(i.TIM1_BRK_TIM9_IRQHandler)
    TIM1_UP_TIM10_IRQHandler                 0x08005609   Thumb Code    20  stm32f4xx_mc_it.o(i.TIM1_UP_TIM10_IRQHandler)
    TIM_Base_SetConfig                       0x08005621   Thumb Code   172  stm32f4xx_hal_tim.o(i.TIM_Base_SetConfig)
    TSK_HardwareFaultTask                    0x080057b9   Thumb Code    24  mc_tasks.o(i.TSK_HardwareFaultTask)
    TSK_HighFrequencyTask                    0x080057d9   Thumb Code   290  mc_tasks.o(i.TSK_HighFrequencyTask)
    UFCP_AbortReceive                        0x08005c61   Thumb Code     8  usart_frame_communication_protocol.o(i.UFCP_AbortReceive)
    UFCP_Init                                0x08005c69   Thumb Code     4  usart_frame_communication_protocol.o(i.UFCP_Init)
    UFCP_OVR_IRQ_Handler                     0x08005c6d   Thumb Code    20  usart_frame_communication_protocol.o(i.UFCP_OVR_IRQ_Handler)
    UFCP_RX_IRQ_Handler                      0x08005c81   Thumb Code   166  usart_frame_communication_protocol.o(i.UFCP_RX_IRQ_Handler)
    UFCP_Receive                             0x08005d35   Thumb Code    40  usart_frame_communication_protocol.o(i.UFCP_Receive)
    UFCP_Send                                0x08005d5d   Thumb Code   112  usart_frame_communication_protocol.o(i.UFCP_Send)
    UFCP_TX_IRQ_Handler                      0x08005dcd   Thumb Code   100  usart_frame_communication_protocol.o(i.UFCP_TX_IRQ_Handler)
    UI_DACExec                               0x08005e31   Thumb Code    10  user_interface.o(i.UI_DACExec)
    UI_DACInit                               0x08005e3b   Thumb Code    10  user_interface.o(i.UI_DACInit)
    UI_DACUpdate                             0x08005e45   Thumb Code    28  ui_task.o(i.UI_DACUpdate)
    UI_ExecCmd                               0x08005e65   Thumb Code   110  user_interface.o(i.UI_ExecCmd)
    UI_ExecSpeedRamp                         0x08005ed5   Thumb Code    32  user_interface.o(i.UI_ExecSpeedRamp)
    UI_GetDAC                                0x08005ef9   Thumb Code    16  user_interface.o(i.UI_GetDAC)
    UI_GetMPInfo                             0x08005f09   Thumb Code     4  user_interface.o(i.UI_GetMPInfo)
    UI_GetReg                                0x08005f0d   Thumb Code  1276  user_interface.o(i.UI_GetReg)
    UI_GetRevupData                          0x08006409   Thumb Code    74  user_interface.o(i.UI_GetRevupData)
    UI_GetSelectedMC                         0x08006453   Thumb Code     6  user_interface.o(i.UI_GetSelectedMC)
    UI_Init                                  0x08006459   Thumb Code    22  user_interface.o(i.UI_Init)
    UI_Scheduler                             0x08006471   Thumb Code    40  ui_task.o(i.UI_Scheduler)
    UI_SerialCommunicationTimeOutStart       0x0800649d   Thumb Code     8  ui_task.o(i.UI_SerialCommunicationTimeOutStart)
    UI_SerialCommunicationTimeOutStop        0x080064a9   Thumb Code     8  ui_task.o(i.UI_SerialCommunicationTimeOutStop)
    UI_SetCurrentReferences                  0x080064b5   Thumb Code    26  user_interface.o(i.UI_SetCurrentReferences)
    UI_SetDAC                                0x080064cf   Thumb Code    10  user_interface.o(i.UI_SetDAC)
    UI_SetReg                                0x080064d9   Thumb Code   560  user_interface.o(i.UI_SetReg)
    UI_SetRevupData                          0x0800670d   Thumb Code    56  user_interface.o(i.UI_SetRevupData)
    UI_TaskInit                              0x08006745   Thumb Code   144  ui_task.o(i.UI_TaskInit)
    USART1_IRQHandler                        0x080067f5   Thumb Code   104  stm32f4xx_mc_it.o(i.USART1_IRQHandler)
    VBS_GetAvBusVoltage_V                    0x08006861   Thumb Code    10  bus_voltage_sensor.o(i.VBS_GetAvBusVoltage_V)
    VBS_GetAvBusVoltage_d                    0x0800686b   Thumb Code     4  bus_voltage_sensor.o(i.VBS_GetAvBusVoltage_d)
    VSS_CalcAvrgMecSpeed01Hz                 0x0800686f   Thumb Code   148  virtual_speed_sensor.o(i.VSS_CalcAvrgMecSpeed01Hz)
    VSS_CalcElAngle                          0x08006903   Thumb Code   158  virtual_speed_sensor.o(i.VSS_CalcElAngle)
    VSS_Clear                                0x080069a1   Thumb Code    44  virtual_speed_sensor.o(i.VSS_Clear)
    VSS_Init                                 0x080069cd   Thumb Code    44  virtual_speed_sensor.o(i.VSS_Init)
    VSS_SetMecAcceleration                   0x080069f9   Thumb Code   118  virtual_speed_sensor.o(i.VSS_SetMecAcceleration)
    VSS_SetMecAngle                          0x08006a6f   Thumb Code    14  virtual_speed_sensor.o(i.VSS_SetMecAngle)
    VSS_SetStartTransition                   0x08006a7d   Thumb Code    28  virtual_speed_sensor.o(i.VSS_SetStartTransition)
    VSS_TransitionEnded                      0x08006a99   Thumb Code     6  virtual_speed_sensor.o(i.VSS_TransitionEnded)
    VVBS_Init                                0x08006a9f   Thumb Code    12  virtual_bus_voltage_sensor.o(i.VVBS_Init)
    __scatterload_copy                       0x08006aab   Thumb Code    14  handlers.o(i.__scatterload_copy)
    __scatterload_null                       0x08006ab9   Thumb Code     2  handlers.o(i.__scatterload_null)
    __scatterload_zeroinit                   0x08006abb   Thumb Code    14  handlers.o(i.__scatterload_zeroinit)
    main                                     0x08006ac9   Thumb Code   750  main.o(i.main)
    mc_lock_pins                             0x08006df1   Thumb Code   150  mc_tasks.o(i.mc_lock_pins)
    startTimers                              0x08006ea5   Thumb Code    92  pwm_common.o(i.startTimers)
    s_fwVer                                  0x08006f04   Data          32  motorcontrol.o(.constdata)
    R3_F4_ParamsM1                           0x08006f28   Data          52  mc_parameters.o(.constdata)
    oled_asc2_1206                           0x08006f5c   Data        1140  oled.o(.constdata)
    oled_asc2_1608                           0x080073d0   Data        1520  oled.o(.constdata)
    F8X16                                    0x080079c0   Data        1520  oled.o(.constdata)
    AHBPrescTable                            0x08007fb0   Data          16  system_stm32f4xx.o(.constdata)
    APBPrescTable                            0x08007fc0   Data           8  system_stm32f4xx.o(.constdata)
    hSin_Cos_Table                           0x08007fc8   Data         512  mc_math.o(.constdata)
    Region$$Table$$Base                      0x080081dc   Number         0  anon$$obj.o(Region$$Table)
    Region$$Table$$Limit                     0x080081fc   Number         0  anon$$obj.o(Region$$Table)
    wConfig                                  0x20000008   Data           4  motorcontrol.o(.data)
    pMCI                                     0x2000000c   Data           4  motorcontrol.o(.data)
    pMCT                                     0x20000010   Data           4  motorcontrol.o(.data)
    MPInfo                                   0x20000014   Data           8  motor_control_protocol.o(.data)
    PQD_MotorPowMeasM1                       0x2000001c   Data         276  mc_config.o(.data)
    PIDSpeedHandle_M1                        0x20000130   Data          44  mc_config.o(.data)
    PIDIqHandle_M1                           0x2000015c   Data          44  mc_config.o(.data)
    PIDIdHandle_M1                           0x20000188   Data          44  mc_config.o(.data)
    SpeednTorqCtrlM1                         0x200001b4   Data          52  mc_config.o(.data)
    RevUpControlM1                           0x200001e8   Data         120  mc_config.o(.data)
    PWM_Handle_M1                            0x20000260   Data         148  mc_config.o(.data)
    VirtualSpeedSensorM1                     0x200002f4   Data          48  mc_config.o(.data)
    STO_PLL_M1                               0x20000324   Data         288  mc_config.o(.data)
    STO_M1                                   0x20000444   Data          20  mc_config.o(.data)
    TempSensorParamsM1                       0x20000458   Data          40  mc_config.o(.data)
    VirtualBusVoltageSensorParamsM1          0x20000480   Data          12  mc_config.o(.data)
    UI_Params                                0x2000048c   Data          48  mc_config.o(.data)
    DAC_UI_Params                            0x200004bc   Data          60  mc_config.o(.data)
    RampExtMngrHFParamsM1                    0x200004f8   Data          24  mc_config.o(.data)
    CircleLimitationM1                       0x20000510   Data         178  mc_config.o(.data)
    pUSART                                   0x200005c4   Data         316  mc_config.o(.data)
    bMCBootCompleted                         0x20000700   Data           1  mc_tasks.o(.data)
    oMCInterface                             0x20000708   Data           4  mc_tasks.o(.data)
    pSTC                                     0x2000070c   Data           4  mc_tasks.o(.data)
    pPIDSpeed                                0x20000710   Data           4  mc_tasks.o(.data)
    pPIDIq                                   0x20000714   Data           4  mc_tasks.o(.data)
    pPIDId                                   0x20000718   Data           4  mc_tasks.o(.data)
    pBusSensorM1                             0x2000071c   Data           4  mc_tasks.o(.data)
    pTemperatureSensor                       0x20000720   Data           4  mc_tasks.o(.data)
    pwmcHandle                               0x20000724   Data           4  mc_tasks.o(.data)
    pMPM                                     0x20000728   Data           4  mc_tasks.o(.data)
    pCLM                                     0x2000072c   Data           4  mc_tasks.o(.data)
    pREMNG                                   0x20000730   Data           4  mc_tasks.o(.data)
    STM                                      0x20000734   Data           6  mc_tasks.o(.data)
    RCM_UserConvHandle                       0x2000073a   Data           1  regular_conversion_manager.o(.data)
    RCM_UserConvState                        0x2000073b   Data           1  regular_conversion_manager.o(.data)
    RCM_UserConvValue                        0x2000073c   Data           2  regular_conversion_manager.o(.data)
    pDAC                                     0x20000748   Data           4  ui_task.o(.data)
    pMCP                                     0x2000074c   Data           4  ui_task.o(.data)
    Hzk                                      0x20000750   Data        3968  oled.o(.data)
    uwTickFreq                               0x200016d0   Data           1  stm32f4xx_hal.o(.data)
    uwTickPrio                               0x200016d4   Data           4  stm32f4xx_hal.o(.data)
    uwTick                                   0x200016d8   Data           4  stm32f4xx_hal.o(.data)
    SystemCoreClock                          0x200016dc   Data           4  system_stm32f4xx.o(.data)
    hadc1                                    0x200016e0   Data          72  main.o(.bss)
    hadc2                                    0x20001728   Data          72  main.o(.bss)
    hdac                                     0x20001770   Data          20  main.o(.bss)
    htim1                                    0x20001784   Data          60  main.o(.bss)
    huart1                                   0x200017c0   Data          64  main.o(.bss)
    FOCVars                                  0x20001800   Data          38  mc_tasks.o(.bss)
    Mci                                      0x20001828   Data          28  mc_tasks.o(.bss)
    MCT                                      0x20001844   Data          80  mc_tasks.o(.bss)
    RCM_handle_array                         0x20001894   Data          16  regular_conversion_manager.o(.bss)
    RCM_CB_array                             0x200018a4   Data          32  regular_conversion_manager.o(.bss)
    MCP_UI_Params                            0x200018c4   Data         204  ui_task.o(.bss)
    __initial_sp                             0x20001d90   Data           0  startup_stm32f407xx.o(STACK)



==============================================================================

Memory Map of the image

  Image Entry point : 0x08000189

  Load Region LR_IROM1 (Base: 0x08000000, Size: 0x000098dc, Max: 0x00100000, ABSOLUTE, COMPRESSED[0x00008a44])

    Execution Region ER_IROM1 (Base: 0x08000000, Size: 0x000081fc, Max: 0x00100000, ABSOLUTE)

    Base Addr    Size         Type   Attr      Idx    E Section Name        Object

    0x08000000   0x00000188   Data   RO            3    RESET               startup_stm32f407xx.o
    0x08000188   0x00000000   Code   RO         6308  * .ARM.Collect$$$$00000000  mc_w.l(entry.o)
    0x08000188   0x00000004   Code   RO         6315    .ARM.Collect$$$$00000001  mc_w.l(entry2.o)
    0x0800018c   0x00000004   Code   RO         6318    .ARM.Collect$$$$00000004  mc_w.l(entry5.o)
    0x08000190   0x00000000   Code   RO         6320    .ARM.Collect$$$$00000008  mc_w.l(entry7b.o)
    0x08000190   0x00000000   Code   RO         6322    .ARM.Collect$$$$0000000A  mc_w.l(entry8b.o)
    0x08000190   0x00000008   Code   RO         6323    .ARM.Collect$$$$0000000B  mc_w.l(entry9a.o)
    0x08000198   0x00000000   Code   RO         6325    .ARM.Collect$$$$0000000D  mc_w.l(entry10a.o)
    0x08000198   0x00000000   Code   RO         6327    .ARM.Collect$$$$0000000F  mc_w.l(entry11a.o)
    0x08000198   0x00000004   Code   RO         6316    .ARM.Collect$$$$00002712  mc_w.l(entry2.o)
    0x0800019c   0x00000024   Code   RO            4    .text               startup_stm32f407xx.o
    0x080001c0   0x00000062   Code   RO         6311    .text               mc_w.l(uldiv.o)
    0x08000222   0x00000024   Code   RO         6313    .text               mc_w.l(memseta.o)
    0x08000246   0x0000001e   Code   RO         6329    .text               mc_w.l(llshl.o)
    0x08000264   0x00000020   Code   RO         6331    .text               mc_w.l(llushr.o)
    0x08000284   0x00000024   Code   RO         6333    .text               mc_w.l(init.o)
    0x080002a8   0x0000005e   Code   RO         6343    .text               mc_w.l(__dclz77c.o)
    0x08000306   0x00000002   PAD
    0x08000308   0x0000003c   Code   RO          873    i.ADC_IRQHandler    stm32f4xx_mc_it.o
    0x08000344   0x00000056   Code   RO         4100    i.Circle_Limitation  circle_limitation.o
    0x0800039a   0x00000002   PAD
    0x0800039c   0x00000088   Code   RO         5641    i.DAC_Exec          dac_ui.o
    0x08000424   0x00000008   Code   RO         5674    i.DAC_GetChannelConfig  dac_common_ui.o
    0x0800042c   0x0000000a   Code   RO         5675    i.DAC_GetUserChannelValue  dac_common_ui.o
    0x08000436   0x00000002   PAD
    0x08000438   0x00000028   Code   RO         5642    i.DAC_Init          dac_ui.o
    0x08000460   0x00000008   Code   RO         5676    i.DAC_SetChannelConfig  dac_common_ui.o
    0x08000468   0x00000008   Code   RO         5677    i.DAC_SetUserChannelValue  dac_common_ui.o
    0x08000470   0x000001b4   Code   RO           13    i.Display_OLED      main.o
    0x08000624   0x0000002a   Code   RO         5716    i.FCP_CalcCRC       frame_communication_protocol.o
    0x0800064e   0x0000002a   Code   RO         5717    i.FCP_Init          frame_communication_protocol.o
    0x08000678   0x0000000e   Code   RO         5719    i.FCP_SetClient     frame_communication_protocol.o
    0x08000686   0x00000002   PAD
    0x08000688   0x0000006c   Code   RO          699    i.FOC_Clear         mc_tasks.o
    0x080006f4   0x00000208   Code   RO         1576    i.HAL_ADCEx_InjectedConfigChannel  stm32f4xx_hal_adc_ex.o
    0x080008fc   0x000001b0   Code   RO         1412    i.HAL_ADC_ConfigChannel  stm32f4xx_hal_adc.o
    0x08000aac   0x00000170   Code   RO         1421    i.HAL_ADC_Init      stm32f4xx_hal_adc.o
    0x08000c1c   0x000000f8   Code   RO         1209    i.HAL_ADC_MspInit   stm32f4xx_hal_msp.o
    0x08000d14   0x0000004e   Code   RO         1681    i.HAL_DAC_ConfigChannel  stm32f4xx_hal_dac.o
    0x08000d62   0x00000028   Code   RO         1691    i.HAL_DAC_Init      stm32f4xx_hal_dac.o
    0x08000d8a   0x00000002   PAD
    0x08000d8c   0x00000064   Code   RO         1211    i.HAL_DAC_MspInit   stm32f4xx_hal_msp.o
    0x08000df0   0x00000238   Code   RO         3355    i.HAL_GPIO_Init     stm32f4xx_hal_gpio.o
    0x08001028   0x0000000a   Code   RO         3357    i.HAL_GPIO_ReadPin  stm32f4xx_hal_gpio.o
    0x08001032   0x0000000a   Code   RO         3359    i.HAL_GPIO_WritePin  stm32f4xx_hal_gpio.o
    0x0800103c   0x0000000c   Code   RO         3862    i.HAL_GetTick       stm32f4xx_hal.o
    0x08001048   0x00000010   Code   RO         3866    i.HAL_IncTick       stm32f4xx_hal.o
    0x08001058   0x00000034   Code   RO         3867    i.HAL_Init          stm32f4xx_hal.o
    0x0800108c   0x00000040   Code   RO         3868    i.HAL_InitTick      stm32f4xx_hal.o
    0x080010cc   0x00000038   Code   RO         1212    i.HAL_MspInit       stm32f4xx_hal_msp.o
    0x08001104   0x00000018   Code   RO         3724    i.HAL_NVIC_EnableIRQ  stm32f4xx_hal_cortex.o
    0x0800111c   0x00000064   Code   RO         3730    i.HAL_NVIC_SetPriority  stm32f4xx_hal_cortex.o
    0x08001180   0x00000024   Code   RO         3731    i.HAL_NVIC_SetPriorityGrouping  stm32f4xx_hal_cortex.o
    0x080011a4   0x00000158   Code   RO         3033    i.HAL_RCC_ClockConfig  stm32f4xx_hal_rcc.o
    0x080012fc   0x0000000c   Code   RO         3036    i.HAL_RCC_EnableCSS  stm32f4xx_hal_rcc.o
    0x08001308   0x0000000c   Code   RO         3038    i.HAL_RCC_GetHCLKFreq  stm32f4xx_hal_rcc.o
    0x08001314   0x00000020   Code   RO         3040    i.HAL_RCC_GetPCLK1Freq  stm32f4xx_hal_rcc.o
    0x08001334   0x00000020   Code   RO         3041    i.HAL_RCC_GetPCLK2Freq  stm32f4xx_hal_rcc.o
    0x08001354   0x00000074   Code   RO         3042    i.HAL_RCC_GetSysClockFreq  stm32f4xx_hal_rcc.o
    0x080013c8   0x000003a0   Code   RO         3045    i.HAL_RCC_OscConfig  stm32f4xx_hal_rcc.o
    0x08001768   0x00000002   Code   RO         3734    i.HAL_SYSTICK_Callback  stm32f4xx_hal_cortex.o
    0x0800176a   0x00000002   PAD
    0x0800176c   0x0000002c   Code   RO         3735    i.HAL_SYSTICK_Config  stm32f4xx_hal_cortex.o
    0x08001798   0x00000008   Code   RO         3736    i.HAL_SYSTICK_IRQHandler  stm32f4xx_hal_cortex.o
    0x080017a0   0x00000058   Code   RO         2494    i.HAL_TIMEx_ConfigBreakDeadTime  stm32f4xx_hal_tim_ex.o
    0x080017f8   0x00000064   Code   RO         2509    i.HAL_TIMEx_MasterConfigSynchronization  stm32f4xx_hal_tim_ex.o
    0x0800185c   0x00000036   Code   RO         1905    i.HAL_TIM_Base_Init  stm32f4xx_hal_tim.o
    0x08001892   0x00000002   PAD
    0x08001894   0x0000002c   Code   RO         1214    i.HAL_TIM_Base_MspInit  stm32f4xx_hal_msp.o
    0x080018c0   0x00000084   Code   RO         1215    i.HAL_TIM_MspPostInit  stm32f4xx_hal_msp.o
    0x08001944   0x00000234   Code   RO         1971    i.HAL_TIM_PWM_ConfigChannel  stm32f4xx_hal_tim.o
    0x08001b78   0x00000036   Code   RO         1974    i.HAL_TIM_PWM_Init  stm32f4xx_hal_tim.o
    0x08001bae   0x00000002   Code   RO         1976    i.HAL_TIM_PWM_MspInit  stm32f4xx_hal_tim.o
    0x08001bb0   0x00000042   Code   RO         1986    i.HAL_TIM_SlaveConfigSynchronization  stm32f4xx_hal_tim.o
    0x08001bf2   0x00000062   Code   RO         2751    i.HAL_UART_Init     stm32f4xx_hal_uart.o
    0x08001c54   0x00000068   Code   RO         1217    i.HAL_UART_MspInit  stm32f4xx_hal_msp.o
    0x08001cbc   0x0000006c   Code   RO          874    i.HardFault_Handler  stm32f4xx_mc_it.o
    0x08001d28   0x00000174   Code   RO           15    i.KEYS_Process      main.o
    0x08001e9c   0x00000060   Code   RO         5450    i.LL_TIM_OC_SetMode  r3_f4xx_pwm_curr_fdbk.o
    0x08001efc   0x00000010   Code   RO         4240    i.MCI_Clear_Iqdref  mc_interface.o
    0x08001f0c   0x00000008   Code   RO         4241    i.MCI_EncoderAlign  mc_interface.o
    0x08001f14   0x00000078   Code   RO         4242    i.MCI_ExecBufferedCommands  mc_interface.o
    0x08001f8c   0x0000000e   Code   RO         4243    i.MCI_ExecSpeedRamp  mc_interface.o
    0x08001f9a   0x00000012   Code   RO         4244    i.MCI_ExecTorqueRamp  mc_interface.o
    0x08001fac   0x00000006   Code   RO         4245    i.MCI_FaultAcknowledged  mc_interface.o
    0x08001fb2   0x00000010   Code   RO         4246    i.MCI_GetAvrgMecSpeed01Hz  mc_interface.o
    0x08001fc2   0x00000004   Code   RO         4247    i.MCI_GetControlMode  mc_interface.o
    0x08001fc6   0x00000006   Code   RO         4250    i.MCI_GetIab        mc_interface.o
    0x08001fcc   0x00000006   Code   RO         4251    i.MCI_GetIalphabeta  mc_interface.o
    0x08001fd2   0x00000036   Code   RO         4252    i.MCI_GetImposedMotorDirection  mc_interface.o
    0x08002008   0x00000006   Code   RO         4253    i.MCI_GetIqd        mc_interface.o
    0x0800200e   0x00000006   Code   RO         4255    i.MCI_GetIqdref     mc_interface.o
    0x08002014   0x00000010   Code   RO         4256    i.MCI_GetLastRampFinalSpeed  mc_interface.o
    0x08002024   0x00000006   Code   RO         4257    i.MCI_GetMecSpeedRef01Hz  mc_interface.o
    0x0800202a   0x00000006   Code   RO         4261    i.MCI_GetSTMState   mc_interface.o
    0x08002030   0x00000008   Code   RO         4263    i.MCI_GetTeref      mc_interface.o
    0x08002038   0x00000008   Code   RO         4264    i.MCI_GetValphabeta  mc_interface.o
    0x08002040   0x00000008   Code   RO         4265    i.MCI_GetVqd        mc_interface.o
    0x08002048   0x00000014   Code   RO         4266    i.MCI_Init          mc_interface.o
    0x0800205c   0x00000014   Code   RO         4269    i.MCI_SetCurrentReferences  mc_interface.o
    0x08002070   0x0000000a   Code   RO         4270    i.MCI_SetIdref      mc_interface.o
    0x0800207a   0x00000016   Code   RO         4271    i.MCI_StartMotor    mc_interface.o
    0x08002090   0x00000008   Code   RO         4272    i.MCI_StopMotor     mc_interface.o
    0x08002098   0x00000006   Code   RO         4273    i.MCI_StopSpeedRamp  mc_interface.o
    0x0800209e   0x00000002   PAD
    0x080020a0   0x0000004c   Code   RO         4183    i.MCM_Clarke        mc_math.o
    0x080020ec   0x00000084   Code   RO         4184    i.MCM_Park          mc_math.o
    0x08002170   0x00000036   Code   RO         4185    i.MCM_Rev_Park      mc_math.o
    0x080021a6   0x00000002   PAD
    0x080021a8   0x00000074   Code   RO         4187    i.MCM_Trig_Functions  mc_math.o
    0x0800221c   0x00000050   Code   RO          578    i.MCP_Init          motor_control_protocol.o
    0x0800226c   0x0000001a   Code   RO          579    i.MCP_OnTimeOut     motor_control_protocol.o
    0x08002286   0x00000002   PAD
    0x08002288   0x00000658   Code   RO          580    i.MCP_ReceivedFrame  motor_control_protocol.o
    0x080028e0   0x0000001a   Code   RO          585    i.MCP_SentFrame     motor_control_protocol.o
    0x080028fa   0x00000002   PAD
    0x080028fc   0x00000090   Code   RO          702    i.MC_RunMotorControlTasks  mc_tasks.o
    0x0800298c   0x000002b4   Code   RO          703    i.MC_Scheduler      mc_tasks.o
    0x08002c40   0x0000000c   Code   RO          406    i.MC_StartMotor1    mc_api.o
    0x08002c4c   0x0000000c   Code   RO          407    i.MC_StopMotor1     mc_api.o
    0x08002c58   0x000001b4   Code   RO          704    i.MCboot            mc_tasks.o
    0x08002e0c   0x0000004a   Code   RO         4462    i.MPM_CalcElMotorPower  motor_power_measurement.o
    0x08002e56   0x00000018   Code   RO         4463    i.MPM_Clear         motor_power_measurement.o
    0x08002e6e   0x00000006   Code   RO         4464    i.MPM_GetAvrgElMotorPowerW  motor_power_measurement.o
    0x08002e74   0x00000038   Code   RO          245    i.MX_MotorControl_Init  motorcontrol.o
    0x08002eac   0x0000004e   Code   RO         4504    i.NTC_CalcAvTemp    ntc_temperature_sensor.o
    0x08002efa   0x00000028   Code   RO         4507    i.NTC_GetAvTemp_C   ntc_temperature_sensor.o
    0x08002f22   0x00000020   Code   RO         4509    i.NTC_Init          ntc_temperature_sensor.o
    0x08002f42   0x00000002   PAD
    0x08002f44   0x000001e4   Code   RO         1291    i.OLED_Init         oled.o
    0x08003128   0x000000a0   Code   RO         1293    i.OLED_ShowCHinese  oled.o
    0x080031c8   0x00000098   Code   RO         1294    i.OLED_ShowChar     oled.o
    0x08003260   0x000000a0   Code   RO         1297    i.OLED_ShowNum      oled.o
    0x08003300   0x000000f0   Code   RO         1298    i.OLED_ShowString   oled.o
    0x080033f0   0x00000088   Code   RO         1300    i.OLED_WR_Byte      oled.o
    0x08003478   0x00000088   Code   RO         1301    i.OLED_WR_Byte2     oled.o
    0x08003500   0x00000006   Code   RO         4613    i.PID_GetKD         pid_regulator.o
    0x08003506   0x00000006   Code   RO         4615    i.PID_GetKI         pid_regulator.o
    0x0800350c   0x00000004   Code   RO         4616    i.PID_GetKIDivisor  pid_regulator.o
    0x08003510   0x00000006   Code   RO         4617    i.PID_GetKP         pid_regulator.o
    0x08003516   0x00000004   Code   RO         4618    i.PID_GetKPDivisor  pid_regulator.o
    0x0800351a   0x00000014   Code   RO         4619    i.PID_HandleInit    pid_regulator.o
    0x0800352e   0x00000004   Code   RO         4620    i.PID_SetIntegralTerm  pid_regulator.o
    0x08003532   0x00000004   Code   RO         4621    i.PID_SetKD         pid_regulator.o
    0x08003536   0x00000004   Code   RO         4622    i.PID_SetKI         pid_regulator.o
    0x0800353a   0x00000004   Code   RO         4624    i.PID_SetKP         pid_regulator.o
    0x0800353e   0x00000002   PAD
    0x08003540   0x00000080   Code   RO         4631    i.PI_Controller     pid_regulator.o
    0x080035c0   0x00000060   Code   RO         4754    i.PQD_CalcElMotorPower  pqd_motor_power_measurement.o
    0x08003620   0x00000004   Code   RO         4778    i.PWMC_CheckOverCurrent  pwm_curr_fdbk.o
    0x08003624   0x00000042   Code   RO         4779    i.PWMC_CurrentReadingCalibr  pwm_curr_fdbk.o
    0x08003666   0x00000004   Code   RO         4780    i.PWMC_GetPhaseCurrents  pwm_curr_fdbk.o
    0x0800366a   0x0000019e   Code   RO         4803    i.PWMC_SetPhaseVoltage  pwm_curr_fdbk.o
    0x08003808   0x00000004   Code   RO         4804    i.PWMC_SwitchOffPWM  pwm_curr_fdbk.o
    0x0800380c   0x00000034   Code   RO         5452    i.R3F4XX_BRK_IRQHandler  r3_f4xx_pwm_curr_fdbk.o
    0x08003840   0x000000f8   Code   RO         5453    i.R3F4XX_CurrentReadingCalibration  r3_f4xx_pwm_curr_fdbk.o
    0x08003938   0x0000011c   Code   RO         5455    i.R3F4XX_GetPhaseCurrents  r3_f4xx_pwm_curr_fdbk.o
    0x08003a54   0x00000050   Code   RO         5456    i.R3F4XX_HFCurrentsCalibrationAB  r3_f4xx_pwm_curr_fdbk.o
    0x08003aa4   0x0000004c   Code   RO         5457    i.R3F4XX_HFCurrentsCalibrationC  r3_f4xx_pwm_curr_fdbk.o
    0x08003af0   0x00000154   Code   RO         5458    i.R3F4XX_Init       r3_f4xx_pwm_curr_fdbk.o
    0x08003c44   0x00000016   Code   RO         5459    i.R3F4XX_IsOverCurrentOccurred  r3_f4xx_pwm_curr_fdbk.o
    0x08003c5a   0x00000002   PAD
    0x08003c5c   0x000000ec   Code   RO         5460    i.R3F4XX_RLDetectionModeDisable  r3_f4xx_pwm_curr_fdbk.o
    0x08003d48   0x000000bc   Code   RO         5461    i.R3F4XX_RLDetectionModeEnable  r3_f4xx_pwm_curr_fdbk.o
    0x08003e04   0x0000009c   Code   RO         5462    i.R3F4XX_RLDetectionModeSetDuty  r3_f4xx_pwm_curr_fdbk.o
    0x08003ea0   0x00000034   Code   RO         5463    i.R3F4XX_RLGetPhaseCurrents  r3_f4xx_pwm_curr_fdbk.o
    0x08003ed4   0x000000c8   Code   RO         5464    i.R3F4XX_RLSwitchOnPWM  r3_f4xx_pwm_curr_fdbk.o
    0x08003f9c   0x0000004a   Code   RO         5465    i.R3F4XX_RLTurnOnLowSides  r3_f4xx_pwm_curr_fdbk.o
    0x08003fe6   0x000000be   Code   RO         5466    i.R3F4XX_SetADCSampPointSect1  r3_f4xx_pwm_curr_fdbk.o
    0x080040a4   0x000000be   Code   RO         5467    i.R3F4XX_SetADCSampPointSect2  r3_f4xx_pwm_curr_fdbk.o
    0x08004162   0x000000be   Code   RO         5468    i.R3F4XX_SetADCSampPointSect3  r3_f4xx_pwm_curr_fdbk.o
    0x08004220   0x000000ae   Code   RO         5469    i.R3F4XX_SetADCSampPointSect4  r3_f4xx_pwm_curr_fdbk.o
    0x080042ce   0x000000ae   Code   RO         5470    i.R3F4XX_SetADCSampPointSect5  r3_f4xx_pwm_curr_fdbk.o
    0x0800437c   0x000000be   Code   RO         5471    i.R3F4XX_SetADCSampPointSect6  r3_f4xx_pwm_curr_fdbk.o
    0x0800443a   0x00000074   Code   RO         5472    i.R3F4XX_SwitchOffPWM  r3_f4xx_pwm_curr_fdbk.o
    0x080044ae   0x00000002   PAD
    0x080044b0   0x00000090   Code   RO         5473    i.R3F4XX_SwitchOnPWM  r3_f4xx_pwm_curr_fdbk.o
    0x08004540   0x00000084   Code   RO         5474    i.R3F4XX_TIMx_UP_IRQHandler  r3_f4xx_pwm_curr_fdbk.o
    0x080045c4   0x00000050   Code   RO         5475    i.R3F4XX_TurnOnLowSides  r3_f4xx_pwm_curr_fdbk.o
    0x08004614   0x00000080   Code   RO          804    i.RCM_ExecRegularConv  regular_conversion_manager.o
    0x08004694   0x00000044   Code   RO          805    i.RCM_ExecUserConv  regular_conversion_manager.o
    0x080046d8   0x00000104   Code   RO          808    i.RCM_RegisterRegConv  regular_conversion_manager.o
    0x080047dc   0x0000002c   Code   RO         5000    i.REMNG_Calc        ramp_ext_mngr.o
    0x08004808   0x0000010a   Code   RO         5001    i.REMNG_ExecRamp    ramp_ext_mngr.o
    0x08004912   0x00000010   Code   RO         5003    i.REMNG_Init        ramp_ext_mngr.o
    0x08004922   0x0000000e   Code   RO         5004    i.REMNG_RampCompleted  ramp_ext_mngr.o
    0x08004930   0x00000088   Code   RO         6191    i.RUC_Clear         libmc-keil_M4.lib(revup_ctrl.o)
    0x080049b8   0x0000006a   Code   RO         6193    i.RUC_Exec          libmc-keil_M4.lib(revup_ctrl.o)
    0x08004a22   0x00000014   Code   RO         6194    i.RUC_FirstAccelerationStageReached  libmc-keil_M4.lib(revup_ctrl.o)
    0x08004a36   0x00000006   Code   RO         6195    i.RUC_GetNumberOfPhases  libmc-keil_M4.lib(revup_ctrl.o)
    0x08004a3c   0x0000000c   Code   RO         6196    i.RUC_GetPhaseDurationms  libmc-keil_M4.lib(revup_ctrl.o)
    0x08004a48   0x0000000e   Code   RO         6197    i.RUC_GetPhaseFinalMecSpeed01Hz  libmc-keil_M4.lib(revup_ctrl.o)
    0x08004a56   0x0000000e   Code   RO         6198    i.RUC_GetPhaseFinalTorque  libmc-keil_M4.lib(revup_ctrl.o)
    0x08004a64   0x00000056   Code   RO         6200    i.RUC_Init          libmc-keil_M4.lib(revup_ctrl.o)
    0x08004aba   0x0000000c   Code   RO         6202    i.RUC_SetPhaseDurationms  libmc-keil_M4.lib(revup_ctrl.o)
    0x08004ac6   0x0000000c   Code   RO         6203    i.RUC_SetPhaseFinalMecSpeed01Hz  libmc-keil_M4.lib(revup_ctrl.o)
    0x08004ad2   0x0000000c   Code   RO         6204    i.RUC_SetPhaseFinalTorque  libmc-keil_M4.lib(revup_ctrl.o)
    0x08004ade   0x00000006   Code   RO         5061    i.SPD_GetAvrgMecSpeed01Hz  speed_pos_fdbk.o
    0x08004ae4   0x00000006   Code   RO         5062    i.SPD_GetElAngle    speed_pos_fdbk.o
    0x08004aea   0x00000014   Code   RO         5066    i.SPD_GetS16Speed   speed_pos_fdbk.o
    0x08004afe   0x00000060   Code   RO         5067    i.SPD_IsMecSpeedReliable  speed_pos_fdbk.o
    0x08004b5e   0x0000005c   Code   RO         5132    i.STC_CalcTorqueReference  speed_torq_ctrl.o
    0x08004bba   0x00000010   Code   RO         5133    i.STC_Clear         speed_torq_ctrl.o
    0x08004bca   0x00000092   Code   RO         5134    i.STC_ExecRamp      speed_torq_ctrl.o
    0x08004c5c   0x00000010   Code   RO         5135    i.STC_ForceSpeedReferenceToCurrentSpeed  speed_torq_ctrl.o
    0x08004c6c   0x00000010   Code   RO         5137    i.STC_GetDefaultIqdref  speed_torq_ctrl.o
    0x08004c7c   0x00000004   Code   RO         5138    i.STC_GetMaxAppPositiveMecSpeed01Hz  speed_torq_ctrl.o
    0x08004c80   0x0000000c   Code   RO         5139    i.STC_GetMecSpeedRef01Hz  speed_torq_ctrl.o
    0x08004c8c   0x00000006   Code   RO         5140    i.STC_GetMecSpeedRef01HzDefault  speed_torq_ctrl.o
    0x08004c92   0x00000006   Code   RO         5141    i.STC_GetMinAppNegativeMecSpeed01Hz  speed_torq_ctrl.o
    0x08004c98   0x00000004   Code   RO         5142    i.STC_GetSpeedSensor  speed_torq_ctrl.o
    0x08004c9c   0x00000020   Code   RO         5144    i.STC_Init          speed_torq_ctrl.o
    0x08004cbc   0x00000008   Code   RO         5146    i.STC_SetControlMode  speed_torq_ctrl.o
    0x08004cc4   0x00000004   Code   RO         5148    i.STC_SetSpeedSensor  speed_torq_ctrl.o
    0x08004cc8   0x00000010   Code   RO         5150    i.STC_StopSpeedRamp  speed_torq_ctrl.o
    0x08004cd8   0x00000016   Code   RO         5264    i.STM_FaultAcknowledged  state_machine.o
    0x08004cee   0x00000036   Code   RO         5265    i.STM_FaultProcessing  state_machine.o
    0x08004d24   0x0000000a   Code   RO         5266    i.STM_GetFaultState  state_machine.o
    0x08004d2e   0x00000004   Code   RO         5267    i.STM_GetState      state_machine.o
    0x08004d32   0x0000000a   Code   RO         5268    i.STM_Init          state_machine.o
    0x08004d3c   0x0000011e   Code   RO         5269    i.STM_NextState     state_machine.o
    0x08004e5a   0x0000001c   Code   RO         5873    i.STO_GetPLLGains   libmc-keil_M4.lib(sto_pll_speed_pos_fdbk.o)
    0x08004e76   0x0000000a   Code   RO         5874    i.STO_OTF_ResetPLL  libmc-keil_M4.lib(sto_pll_speed_pos_fdbk.o)
    0x08004e80   0x0000004e   Code   RO         5876    i.STO_PLL_CalcAvrgElSpeedDpp  libmc-keil_M4.lib(sto_pll_speed_pos_fdbk.o)
    0x08004ece   0x00000002   PAD
    0x08004ed0   0x000001b8   Code   RO         5877    i.STO_PLL_CalcAvrgMecSpeed01Hz  libmc-keil_M4.lib(sto_pll_speed_pos_fdbk.o)
    0x08005088   0x000001d0   Code   RO         5878    i.STO_PLL_CalcElAngle  libmc-keil_M4.lib(sto_pll_speed_pos_fdbk.o)
    0x08005258   0x0000007c   Code   RO         5879    i.STO_PLL_Clear     libmc-keil_M4.lib(sto_pll_speed_pos_fdbk.o)
    0x080052d4   0x0000000a   Code   RO         5880    i.STO_PLL_ForceConvergency1  libmc-keil_M4.lib(sto_pll_speed_pos_fdbk.o)
    0x080052de   0x0000000a   Code   RO         5881    i.STO_PLL_ForceConvergency2  libmc-keil_M4.lib(sto_pll_speed_pos_fdbk.o)
    0x080052e8   0x00000014   Code   RO         5882    i.STO_PLL_GetEstimatedBemf  libmc-keil_M4.lib(sto_pll_speed_pos_fdbk.o)
    0x080052fc   0x00000006   Code   RO         5883    i.STO_PLL_GetEstimatedBemfLevel  libmc-keil_M4.lib(sto_pll_speed_pos_fdbk.o)
    0x08005302   0x00000018   Code   RO         5884    i.STO_PLL_GetEstimatedCurrent  libmc-keil_M4.lib(sto_pll_speed_pos_fdbk.o)
    0x0800531a   0x00000006   Code   RO         5885    i.STO_PLL_GetObservedBemfLevel  libmc-keil_M4.lib(sto_pll_speed_pos_fdbk.o)
    0x08005320   0x0000000a   Code   RO         5886    i.STO_PLL_GetObserverGains  libmc-keil_M4.lib(sto_pll_speed_pos_fdbk.o)
    0x0800532a   0x00000002   PAD
    0x0800532c   0x000000d0   Code   RO         5887    i.STO_PLL_Init      libmc-keil_M4.lib(sto_pll_speed_pos_fdbk.o)
    0x080053fc   0x000000a6   Code   RO         5889    i.STO_PLL_IsObserverConverged  libmc-keil_M4.lib(sto_pll_speed_pos_fdbk.o)
    0x080054a2   0x00000008   Code   RO         5890    i.STO_PLL_IsVarianceTight  libmc-keil_M4.lib(sto_pll_speed_pos_fdbk.o)
    0x080054aa   0x00000006   Code   RO         5893    i.STO_PLL_SetObserverGains  libmc-keil_M4.lib(sto_pll_speed_pos_fdbk.o)
    0x080054b0   0x00000008   Code   RO         5894    i.STO_ResetPLL      libmc-keil_M4.lib(sto_pll_speed_pos_fdbk.o)
    0x080054b8   0x0000001a   Code   RO         5897    i.STO_SetPLLGains   libmc-keil_M4.lib(sto_pll_speed_pos_fdbk.o)
    0x080054d2   0x00000002   PAD
    0x080054d4   0x00000028   Code   RO          875    i.SysTick_Handler   stm32f4xx_mc_it.o
    0x080054fc   0x00000088   Code   RO           16    i.SystemClock_Config  main.o
    0x08005584   0x00000058   Code   RO         4021    i.SystemInit        system_stm32f4xx.o
    0x080055dc   0x0000002c   Code   RO          876    i.TIM1_BRK_TIM9_IRQHandler  stm32f4xx_mc_it.o
    0x08005608   0x00000018   Code   RO          877    i.TIM1_UP_TIM10_IRQHandler  stm32f4xx_mc_it.o
    0x08005620   0x000000c0   Code   RO         1989    i.TIM_Base_SetConfig  stm32f4xx_hal_tim.o
    0x080056e0   0x000000d8   Code   RO         1997    i.TIM_SlaveTimer_SetConfig  stm32f4xx_hal_tim.o
    0x080057b8   0x00000020   Code   RO          706    i.TSK_HardwareFaultTask  mc_tasks.o
    0x080057d8   0x00000144   Code   RO          707    i.TSK_HighFrequencyTask  mc_tasks.o
    0x0800591c   0x00000344   Code   RO         2774    i.UART_SetConfig    stm32f4xx_hal_uart.o
    0x08005c60   0x00000008   Code   RO         5796    i.UFCP_AbortReceive  usart_frame_communication_protocol.o
    0x08005c68   0x00000004   Code   RO         5797    i.UFCP_Init         usart_frame_communication_protocol.o
    0x08005c6c   0x00000014   Code   RO         5798    i.UFCP_OVR_IRQ_Handler  usart_frame_communication_protocol.o
    0x08005c80   0x000000b4   Code   RO         5799    i.UFCP_RX_IRQ_Handler  usart_frame_communication_protocol.o
    0x08005d34   0x00000028   Code   RO         5800    i.UFCP_Receive      usart_frame_communication_protocol.o
    0x08005d5c   0x00000070   Code   RO         5801    i.UFCP_Send         usart_frame_communication_protocol.o
    0x08005dcc   0x00000064   Code   RO         5803    i.UFCP_TX_IRQ_Handler  usart_frame_communication_protocol.o
    0x08005e30   0x0000000a   Code   RO         1056    i.UI_DACExec        user_interface.o
    0x08005e3a   0x0000000a   Code   RO         1057    i.UI_DACInit        user_interface.o
    0x08005e44   0x00000020   Code   RO          956    i.UI_DACUpdate      ui_task.o
    0x08005e64   0x0000006e   Code   RO         1058    i.UI_ExecCmd        user_interface.o
    0x08005ed2   0x00000002   PAD
    0x08005ed4   0x00000024   Code   RO         1059    i.UI_ExecSpeedRamp  user_interface.o
    0x08005ef8   0x00000010   Code   RO         1062    i.UI_GetDAC         user_interface.o
    0x08005f08   0x00000004   Code   RO         1063    i.UI_GetMPInfo      user_interface.o
    0x08005f0c   0x000004fc   Code   RO         1064    i.UI_GetReg         user_interface.o
    0x08006408   0x0000004a   Code   RO         1065    i.UI_GetRevupData   user_interface.o
    0x08006452   0x00000006   Code   RO         1066    i.UI_GetSelectedMC  user_interface.o
    0x08006458   0x00000016   Code   RO         1068    i.UI_Init           user_interface.o
    0x0800646e   0x00000002   PAD
    0x08006470   0x0000002c   Code   RO          958    i.UI_Scheduler      ui_task.o
    0x0800649c   0x0000000c   Code   RO          961    i.UI_SerialCommunicationTimeOutStart  ui_task.o
    0x080064a8   0x0000000c   Code   RO          962    i.UI_SerialCommunicationTimeOutStop  ui_task.o
    0x080064b4   0x0000001a   Code   RO         1070    i.UI_SetCurrentReferences  user_interface.o
    0x080064ce   0x0000000a   Code   RO         1071    i.UI_SetDAC         user_interface.o
    0x080064d8   0x00000234   Code   RO         1072    i.UI_SetReg         user_interface.o
    0x0800670c   0x00000038   Code   RO         1073    i.UI_SetRevupData   user_interface.o
    0x08006744   0x000000b0   Code   RO          964    i.UI_TaskInit       ui_task.o
    0x080067f4   0x0000006c   Code   RO          878    i.USART1_IRQHandler  stm32f4xx_mc_it.o
    0x08006860   0x0000000a   Code   RO         4059    i.VBS_GetAvBusVoltage_V  bus_voltage_sensor.o
    0x0800686a   0x00000004   Code   RO         4060    i.VBS_GetAvBusVoltage_d  bus_voltage_sensor.o
    0x0800686e   0x00000094   Code   RO         5354    i.VSS_CalcAvrgMecSpeed01Hz  virtual_speed_sensor.o
    0x08006902   0x0000009e   Code   RO         5355    i.VSS_CalcElAngle   virtual_speed_sensor.o
    0x080069a0   0x0000002c   Code   RO         5356    i.VSS_Clear         virtual_speed_sensor.o
    0x080069cc   0x0000002c   Code   RO         5358    i.VSS_Init          virtual_speed_sensor.o
    0x080069f8   0x00000076   Code   RO         5363    i.VSS_SetMecAcceleration  virtual_speed_sensor.o
    0x08006a6e   0x0000000e   Code   RO         5364    i.VSS_SetMecAngle   virtual_speed_sensor.o
    0x08006a7c   0x0000001c   Code   RO         5365    i.VSS_SetStartTransition  virtual_speed_sensor.o
    0x08006a98   0x00000006   Code   RO         5366    i.VSS_TransitionEnded  virtual_speed_sensor.o
    0x08006a9e   0x0000000c   Code   RO         5319    i.VVBS_Init         virtual_bus_voltage_sensor.o
    0x08006aaa   0x0000000e   Code   RO         6337    i.__scatterload_copy  mc_w.l(handlers.o)
    0x08006ab8   0x00000002   Code   RO         6338    i.__scatterload_null  mc_w.l(handlers.o)
    0x08006aba   0x0000000e   Code   RO         6339    i.__scatterload_zeroinit  mc_w.l(handlers.o)
    0x08006ac8   0x00000328   Code   RO           17    i.main              main.o
    0x08006df0   0x000000b4   Code   RO          711    i.mc_lock_pins      mc_tasks.o
    0x08006ea4   0x00000060   Code   RO         4970    i.startTimers       pwm_common.o
    0x08006f04   0x00000020   Data   RO          246    .constdata          motorcontrol.o
    0x08006f24   0x00000002   Data   RO          713    .constdata          mc_tasks.o
    0x08006f26   0x00000002   PAD
    0x08006f28   0x00000034   Data   RO          931    .constdata          mc_parameters.o
    0x08006f5c   0x00001054   Data   RO         1304    .constdata          oled.o
    0x08007fb0   0x00000010   Data   RO         4022    .constdata          system_stm32f4xx.o
    0x08007fc0   0x00000008   Data   RO         4023    .constdata          system_stm32f4xx.o
    0x08007fc8   0x00000200   Data   RO         4189    .constdata          mc_math.o
    0x080081c8   0x0000000e   Data   RO         5478    .constdata          r3_f4xx_pwm_curr_fdbk.o
    0x080081d6   0x00000006   Data   RO         5804    .constdata          usart_frame_communication_protocol.o
    0x080081dc   0x00000020   Data   RO         6335    Region$$Table       anon$$obj.o


    Execution Region RW_IRAM1 (Base: 0x20000000, Size: 0x00001d90, Max: 0x00020000, ABSOLUTE, COMPRESSED[0x00000848])

    Base Addr    Size         Type   Attr      Idx    E Section Name        Object

    0x20000000   0x00000006   Data   RW           19    .data               main.o
    0x20000006   0x00000002   PAD
    0x20000008   0x0000000c   Data   RW          247    .data               motorcontrol.o
    0x20000014   0x00000008   Data   RW          587    .data               motor_control_protocol.o
    0x2000001c   0x00000114   Data   RW          653    .data               mc_config.o
    0x20000130   0x0000002c   Data   RW          655    .data               mc_config.o
    0x2000015c   0x0000002c   Data   RW          656    .data               mc_config.o
    0x20000188   0x0000002c   Data   RW          657    .data               mc_config.o
    0x200001b4   0x00000034   Data   RW          658    .data               mc_config.o
    0x200001e8   0x00000078   Data   RW          659    .data               mc_config.o
    0x20000260   0x00000094   Data   RW          660    .data               mc_config.o
    0x200002f4   0x00000030   Data   RW          661    .data               mc_config.o
    0x20000324   0x00000120   Data   RW          662    .data               mc_config.o
    0x20000444   0x00000014   Data   RW          664    .data               mc_config.o
    0x20000458   0x00000028   Data   RW          665    .data               mc_config.o
    0x20000480   0x0000000c   Data   RW          666    .data               mc_config.o
    0x2000048c   0x00000030   Data   RW          667    .data               mc_config.o
    0x200004bc   0x0000003c   Data   RW          668    .data               mc_config.o
    0x200004f8   0x00000018   Data   RW          669    .data               mc_config.o
    0x20000510   0x000000b2   Data   RW          670    .data               mc_config.o
    0x200005c2   0x00000002   PAD
    0x200005c4   0x0000013c   Data   RW          671    .data               mc_config.o
    0x20000700   0x0000003a   Data   RW          714    .data               mc_tasks.o
    0x2000073a   0x00000004   Data   RW          812    .data               regular_conversion_manager.o
    0x2000073e   0x00000001   Data   RW          879    .data               stm32f4xx_mc_it.o
    0x2000073f   0x00000001   PAD
    0x20000740   0x00000010   Data   RW          967    .data               ui_task.o
    0x20000750   0x00000f80   Data   RW         1306    .data               oled.o
    0x200016d0   0x0000000c   Data   RW         3874    .data               stm32f4xx_hal.o
    0x200016dc   0x00000004   Data   RW         4024    .data               system_stm32f4xx.o
    0x200016e0   0x00000120   Zero   RW           18    .bss                main.o
    0x20001800   0x00000094   Zero   RW          712    .bss                mc_tasks.o
    0x20001894   0x00000030   Zero   RW          811    .bss                regular_conversion_manager.o
    0x200018c4   0x000000cc   Zero   RW          965    .bss                ui_task.o
    0x20001990   0x00000400   Zero   RW            1    STACK               startup_stm32f407xx.o


==============================================================================

Image component sizes


      Code (inc. data)   RO Data    RW Data    ZI Data      Debug   Object Name

        14          0          0          0          0       2032   bus_voltage_sensor.o
        86          0          0          0          0       1524   circle_limitation.o
        34          0          0          0          0       3586   dac_common_ui.o
       176         10          0          0          0      10974   dac_ui.o
         0          0          0          0          0       4192   digital_output.o
        98          0          0          0          0       3113   frame_communication_protocol.o
      1752        106          0          6        288     720392   main.o
        24          8          0          0          0       1205   mc_api.o
         0          0          0       1762          0       1913   mc_config.o
       418          0          0          0          0      19039   mc_interface.o
       378         18        512          0          0       6601   mc_math.o
         0          0         52          0          0        357   mc_parameters.o
      1916        252          2         58        148      14699   mc_tasks.o
      1756        604          0          8          0       6044   motor_control_protocol.o
       104          0          0          0          0       3046   motor_power_measurement.o
        56          8         32         12          0      37219   motorcontrol.o
       150          0          0          0          0       3228   ntc_temperature_sensor.o
      1468         40       4180       3968          0       8352   oled.o
       190          6          0          0          0       8923   pid_regulator.o
        96          6          0          0          0       1467   pqd_motor_power_measurement.o
        96          4          0          0          0      32278   pwm_common.o
       492          0          0          0          0       4831   pwm_curr_fdbk.o
      3684        128         14          0          0      99308   r3_f4xx_pwm_curr_fdbk.o
       340          0          0          0          0       4504   ramp_ext_mngr.o
       456         30          0          4         48      44720   regular_conversion_manager.o
       128          0          0          0          0       3830   speed_pos_fdbk.o
       378          0          0          0          0      11563   speed_torq_ctrl.o
        36          8        392          0       1024        940   startup_stm32f407xx.o
       386         22          0          0          0       5628   state_machine.o
       144         24          0         12          0       4713   stm32f4xx_hal.o
       800         28          0          0          0       2859   stm32f4xx_hal_adc.o
       520         12          0          0          0       1710   stm32f4xx_hal_adc_ex.o
       214         16          0          0          0      31663   stm32f4xx_hal_cortex.o
       118          0          0          0          0       2219   stm32f4xx_hal_dac.o
       588         22          0          0          0       3275   stm32f4xx_hal_gpio.o
       684         72          0          0          0       5502   stm32f4xx_hal_msp.o
      1476        114          0          0          0       7176   stm32f4xx_hal_rcc.o
      1148         38          0          0          0       8687   stm32f4xx_hal_tim.o
       188          0          0          0          0       2388   stm32f4xx_hal_tim_ex.o
       934         14          0          0          0       2604   stm32f4xx_hal_uart.o
       384         26          0          1          0      16721   stm32f4xx_mc_it.o
        88         24         24          4          0       1555   system_stm32f4xx.o
       276         48          0         16        204       4497   ui_task.o
       464         14          6          0          0      22766   usart_frame_communication_protocol.o
      2220        102          0          0          0      15676   user_interface.o
        12          0          0          0          0       1280   virtual_bus_voltage_sensor.o
       560          0          0          0          0       7398   virtual_speed_sensor.o

    ----------------------------------------------------------------------
     25562       1804       5248       5856       1712    1208197   Object Totals
         0          0         32          0          0          0   (incl. Generated)
        32          0          2          5          0          0   (incl. Padding)

    ----------------------------------------------------------------------

      Code (inc. data)   RO Data    RW Data    ZI Data      Debug   Library Member Name

       430          0          0          0          0      12376   revup_ctrl.o
      1652          4          0          0          0      28405   sto_pll_speed_pos_fdbk.o
        94          0          0          0          0          0   __dclz77c.o
         0          0          0          0          0          0   entry.o
         0          0          0          0          0          0   entry10a.o
         0          0          0          0          0          0   entry11a.o
         8          4          0          0          0          0   entry2.o
         4          0          0          0          0          0   entry5.o
         0          0          0          0          0          0   entry7b.o
         0          0          0          0          0          0   entry8b.o
         8          4          0          0          0          0   entry9a.o
        30          0          0          0          0          0   handlers.o
        36          8          0          0          0         68   init.o
        30          0          0          0          0         68   llshl.o
        32          0          0          0          0         68   llushr.o
        36          0          0          0          0        108   memseta.o
        98          0          0          0          0         92   uldiv.o

    ----------------------------------------------------------------------
      2466         20          0          0          0      41185   Library Totals
         8          0          0          0          0          0   (incl. Padding)

    ----------------------------------------------------------------------

      Code (inc. data)   RO Data    RW Data    ZI Data      Debug   Library Name

      2082          4          0          0          0      40781   libmc-keil_M4.lib
       376         16          0          0          0        404   mc_w.l

    ----------------------------------------------------------------------
      2466         20          0          0          0      41185   Library Totals

    ----------------------------------------------------------------------

==============================================================================


      Code (inc. data)   RO Data    RW Data    ZI Data      Debug   

     28028       1824       5248       5856       1712    1224262   Grand Totals
     28028       1824       5248       2120       1712    1224262   ELF Image Totals (compressed)
     28028       1824       5248       2120          0          0   ROM Totals

==============================================================================

    Total RO  Size (Code + RO Data)                33276 (  32.50kB)
    Total RW  Size (RW Data + ZI Data)              7568 (   7.39kB)
    Total ROM Size (Code + RO Data + RW Data)      35396 (  34.57kB)

==============================================================================

