<!doctype html public "-//w3c//dtd html 4.0 transitional//en">
<html><head>
<title>Static Call Graph - [Craftsman_Motor\Craftsman_Motor.axf]</title></head>
<body><HR>
<H1>Static Call Graph for image Craftsman_Motor\Craftsman_Motor.axf</H1><HR>
<BR><P>#&#060CALLGRAPH&#062# ARM Linker, 5050106: Last Updated: Sat Oct 19 04:09:15 2019
<BR><P>
<H3>Maximum Stack Usage =        256 bytes + Unknown(Cycles, Untraceable Function Pointers)</H3><H3>
Call chain for Maximum Stack Depth:</H3>
main &rArr; SystemClock_Config &rArr; HAL_RCC_ClockConfig &rArr; HAL_RCC_GetSysClockFreq &rArr; __aeabi_uldivmod
<P>
<H3>
Mutually Recursive functions
</H3> <LI><a href="#[1a]">NMI_Handler</a>&nbsp;&nbsp;&nbsp;&rArr;&nbsp;&nbsp;&nbsp;<a href="#[1a]">NMI_Handler</a><BR>
 <LI><a href="#[1c]">MemManage_Handler</a>&nbsp;&nbsp;&nbsp;&rArr;&nbsp;&nbsp;&nbsp;<a href="#[1c]">MemManage_Handler</a><BR>
 <LI><a href="#[1d]">BusFault_Handler</a>&nbsp;&nbsp;&nbsp;&rArr;&nbsp;&nbsp;&nbsp;<a href="#[1d]">BusFault_Handler</a><BR>
 <LI><a href="#[1e]">UsageFault_Handler</a>&nbsp;&nbsp;&nbsp;&rArr;&nbsp;&nbsp;&nbsp;<a href="#[1e]">UsageFault_Handler</a><BR>
 <LI><a href="#[1f]">SVC_Handler</a>&nbsp;&nbsp;&nbsp;&rArr;&nbsp;&nbsp;&nbsp;<a href="#[1f]">SVC_Handler</a><BR>
 <LI><a href="#[20]">DebugMon_Handler</a>&nbsp;&nbsp;&nbsp;&rArr;&nbsp;&nbsp;&nbsp;<a href="#[20]">DebugMon_Handler</a><BR>
 <LI><a href="#[21]">PendSV_Handler</a>&nbsp;&nbsp;&nbsp;&rArr;&nbsp;&nbsp;&nbsp;<a href="#[21]">PendSV_Handler</a><BR>
 <LI><a href="#[37]">CAN1_RX0_IRQHandler</a>&nbsp;&nbsp;&nbsp;&rArr;&nbsp;&nbsp;&nbsp;<a href="#[37]">CAN1_RX0_IRQHandler</a><BR>
</UL>
<P>
<H3>
Function Pointers
</H3><UL>
 <LI><a href="#[35]">ADC_IRQHandler</a> from stm32f4xx_mc_it.o(i.ADC_IRQHandler) referenced from startup_stm32f407xx.o(RESET)
 <LI><a href="#[1d]">BusFault_Handler</a> from startup_stm32f407xx.o(.text) referenced from startup_stm32f407xx.o(RESET)
 <LI><a href="#[37]">CAN1_RX0_IRQHandler</a> from startup_stm32f407xx.o(.text) referenced from startup_stm32f407xx.o(RESET)
 <LI><a href="#[38]">CAN1_RX1_IRQHandler</a> from startup_stm32f407xx.o(.text) referenced from startup_stm32f407xx.o(RESET)
 <LI><a href="#[39]">CAN1_SCE_IRQHandler</a> from startup_stm32f407xx.o(.text) referenced from startup_stm32f407xx.o(RESET)
 <LI><a href="#[36]">CAN1_TX_IRQHandler</a> from startup_stm32f407xx.o(.text) referenced from startup_stm32f407xx.o(RESET)
 <LI><a href="#[63]">CAN2_RX0_IRQHandler</a> from startup_stm32f407xx.o(.text) referenced from startup_stm32f407xx.o(RESET)
 <LI><a href="#[64]">CAN2_RX1_IRQHandler</a> from startup_stm32f407xx.o(.text) referenced from startup_stm32f407xx.o(RESET)
 <LI><a href="#[65]">CAN2_SCE_IRQHandler</a> from startup_stm32f407xx.o(.text) referenced from startup_stm32f407xx.o(RESET)
 <LI><a href="#[62]">CAN2_TX_IRQHandler</a> from startup_stm32f407xx.o(.text) referenced from startup_stm32f407xx.o(RESET)
 <LI><a href="#[18]">DAC_Exec</a> from dac_ui.o(i.DAC_Exec) referenced 2 times from mc_config.o(.data)
 <LI><a href="#[14]">DAC_GetChannelConfig</a> from dac_common_ui.o(i.DAC_GetChannelConfig) referenced 2 times from mc_config.o(.data)
 <LI><a href="#[16]">DAC_GetUserChannelValue</a> from dac_common_ui.o(i.DAC_GetUserChannelValue) referenced 2 times from mc_config.o(.data)
 <LI><a href="#[17]">DAC_Init</a> from dac_ui.o(i.DAC_Init) referenced 2 times from mc_config.o(.data)
 <LI><a href="#[13]">DAC_SetChannelConfig</a> from dac_common_ui.o(i.DAC_SetChannelConfig) referenced 2 times from mc_config.o(.data)
 <LI><a href="#[15]">DAC_SetUserChannelValue</a> from dac_common_ui.o(i.DAC_SetUserChannelValue) referenced 2 times from mc_config.o(.data)
 <LI><a href="#[71]">DCMI_IRQHandler</a> from startup_stm32f407xx.o(.text) referenced from startup_stm32f407xx.o(RESET)
 <LI><a href="#[2e]">DMA1_Stream0_IRQHandler</a> from startup_stm32f407xx.o(.text) referenced from startup_stm32f407xx.o(RESET)
 <LI><a href="#[2f]">DMA1_Stream1_IRQHandler</a> from startup_stm32f407xx.o(.text) referenced from startup_stm32f407xx.o(RESET)
 <LI><a href="#[30]">DMA1_Stream2_IRQHandler</a> from startup_stm32f407xx.o(.text) referenced from startup_stm32f407xx.o(RESET)
 <LI><a href="#[31]">DMA1_Stream3_IRQHandler</a> from startup_stm32f407xx.o(.text) referenced from startup_stm32f407xx.o(RESET)
 <LI><a href="#[32]">DMA1_Stream4_IRQHandler</a> from startup_stm32f407xx.o(.text) referenced from startup_stm32f407xx.o(RESET)
 <LI><a href="#[33]">DMA1_Stream5_IRQHandler</a> from startup_stm32f407xx.o(.text) referenced from startup_stm32f407xx.o(RESET)
 <LI><a href="#[34]">DMA1_Stream6_IRQHandler</a> from startup_stm32f407xx.o(.text) referenced from startup_stm32f407xx.o(RESET)
 <LI><a href="#[52]">DMA1_Stream7_IRQHandler</a> from startup_stm32f407xx.o(.text) referenced from startup_stm32f407xx.o(RESET)
 <LI><a href="#[5b]">DMA2_Stream0_IRQHandler</a> from startup_stm32f407xx.o(.text) referenced from startup_stm32f407xx.o(RESET)
 <LI><a href="#[5c]">DMA2_Stream1_IRQHandler</a> from startup_stm32f407xx.o(.text) referenced from startup_stm32f407xx.o(RESET)
 <LI><a href="#[5d]">DMA2_Stream2_IRQHandler</a> from startup_stm32f407xx.o(.text) referenced from startup_stm32f407xx.o(RESET)
 <LI><a href="#[5e]">DMA2_Stream3_IRQHandler</a> from startup_stm32f407xx.o(.text) referenced from startup_stm32f407xx.o(RESET)
 <LI><a href="#[5f]">DMA2_Stream4_IRQHandler</a> from startup_stm32f407xx.o(.text) referenced from startup_stm32f407xx.o(RESET)
 <LI><a href="#[67]">DMA2_Stream5_IRQHandler</a> from startup_stm32f407xx.o(.text) referenced from startup_stm32f407xx.o(RESET)
 <LI><a href="#[68]">DMA2_Stream6_IRQHandler</a> from startup_stm32f407xx.o(.text) referenced from startup_stm32f407xx.o(RESET)
 <LI><a href="#[69]">DMA2_Stream7_IRQHandler</a> from startup_stm32f407xx.o(.text) referenced from startup_stm32f407xx.o(RESET)
 <LI><a href="#[20]">DebugMon_Handler</a> from startup_stm32f407xx.o(.text) referenced from startup_stm32f407xx.o(RESET)
 <LI><a href="#[60]">ETH_IRQHandler</a> from startup_stm32f407xx.o(.text) referenced from startup_stm32f407xx.o(RESET)
 <LI><a href="#[61]">ETH_WKUP_IRQHandler</a> from startup_stm32f407xx.o(.text) referenced from startup_stm32f407xx.o(RESET)
 <LI><a href="#[29]">EXTI0_IRQHandler</a> from startup_stm32f407xx.o(.text) referenced from startup_stm32f407xx.o(RESET)
 <LI><a href="#[4b]">EXTI15_10_IRQHandler</a> from startup_stm32f407xx.o(.text) referenced from startup_stm32f407xx.o(RESET)
 <LI><a href="#[2a]">EXTI1_IRQHandler</a> from startup_stm32f407xx.o(.text) referenced from startup_stm32f407xx.o(RESET)
 <LI><a href="#[2b]">EXTI2_IRQHandler</a> from startup_stm32f407xx.o(.text) referenced from startup_stm32f407xx.o(RESET)
 <LI><a href="#[2c]">EXTI3_IRQHandler</a> from startup_stm32f407xx.o(.text) referenced from startup_stm32f407xx.o(RESET)
 <LI><a href="#[2d]">EXTI4_IRQHandler</a> from startup_stm32f407xx.o(.text) referenced from startup_stm32f407xx.o(RESET)
 <LI><a href="#[3a]">EXTI9_5_IRQHandler</a> from startup_stm32f407xx.o(.text) referenced from startup_stm32f407xx.o(RESET)
 <LI><a href="#[27]">FLASH_IRQHandler</a> from startup_stm32f407xx.o(.text) referenced from startup_stm32f407xx.o(RESET)
 <LI><a href="#[53]">FMC_IRQHandler</a> from startup_stm32f407xx.o(.text) referenced from startup_stm32f407xx.o(RESET)
 <LI><a href="#[73]">FPU_IRQHandler</a> from startup_stm32f407xx.o(.text) referenced from startup_stm32f407xx.o(RESET)
 <LI><a href="#[72]">HASH_RNG_IRQHandler</a> from startup_stm32f407xx.o(.text) referenced from startup_stm32f407xx.o(RESET)
 <LI><a href="#[1b]">HardFault_Handler</a> from stm32f4xx_mc_it.o(i.HardFault_Handler) referenced from startup_stm32f407xx.o(RESET)
 <LI><a href="#[43]">I2C1_ER_IRQHandler</a> from startup_stm32f407xx.o(.text) referenced from startup_stm32f407xx.o(RESET)
 <LI><a href="#[42]">I2C1_EV_IRQHandler</a> from startup_stm32f407xx.o(.text) referenced from startup_stm32f407xx.o(RESET)
 <LI><a href="#[45]">I2C2_ER_IRQHandler</a> from startup_stm32f407xx.o(.text) referenced from startup_stm32f407xx.o(RESET)
 <LI><a href="#[44]">I2C2_EV_IRQHandler</a> from startup_stm32f407xx.o(.text) referenced from startup_stm32f407xx.o(RESET)
 <LI><a href="#[6c]">I2C3_ER_IRQHandler</a> from startup_stm32f407xx.o(.text) referenced from startup_stm32f407xx.o(RESET)
 <LI><a href="#[6b]">I2C3_EV_IRQHandler</a> from startup_stm32f407xx.o(.text) referenced from startup_stm32f407xx.o(RESET)
 <LI><a href="#[77]">MCP_OnTimeOut</a> from motor_control_protocol.o(i.MCP_OnTimeOut) referenced from motor_control_protocol.o(i.MCP_Init)
 <LI><a href="#[78]">MCP_ReceivedFrame</a> from motor_control_protocol.o(i.MCP_ReceivedFrame) referenced from motor_control_protocol.o(i.MCP_Init)
 <LI><a href="#[79]">MCP_SentFrame</a> from motor_control_protocol.o(i.MCP_SentFrame) referenced from motor_control_protocol.o(i.MCP_Init)
 <LI><a href="#[1c]">MemManage_Handler</a> from startup_stm32f407xx.o(.text) referenced from startup_stm32f407xx.o(RESET)
 <LI><a href="#[1a]">NMI_Handler</a> from startup_stm32f407xx.o(.text) referenced from startup_stm32f407xx.o(RESET)
 <LI><a href="#[66]">OTG_FS_IRQHandler</a> from startup_stm32f407xx.o(.text) referenced from startup_stm32f407xx.o(RESET)
 <LI><a href="#[4d]">OTG_FS_WKUP_IRQHandler</a> from startup_stm32f407xx.o(.text) referenced from startup_stm32f407xx.o(RESET)
 <LI><a href="#[6e]">OTG_HS_EP1_IN_IRQHandler</a> from startup_stm32f407xx.o(.text) referenced from startup_stm32f407xx.o(RESET)
 <LI><a href="#[6d]">OTG_HS_EP1_OUT_IRQHandler</a> from startup_stm32f407xx.o(.text) referenced from startup_stm32f407xx.o(RESET)
 <LI><a href="#[70]">OTG_HS_IRQHandler</a> from startup_stm32f407xx.o(.text) referenced from startup_stm32f407xx.o(RESET)
 <LI><a href="#[6f]">OTG_HS_WKUP_IRQHandler</a> from startup_stm32f407xx.o(.text) referenced from startup_stm32f407xx.o(RESET)
 <LI><a href="#[24]">PVD_IRQHandler</a> from startup_stm32f407xx.o(.text) referenced from startup_stm32f407xx.o(RESET)
 <LI><a href="#[21]">PendSV_Handler</a> from startup_stm32f407xx.o(.text) referenced from startup_stm32f407xx.o(RESET)
 <LI><a href="#[3]">R3F4XX_CurrentReadingCalibration</a> from r3_f4xx_pwm_curr_fdbk.o(i.R3F4XX_CurrentReadingCalibration) referenced 2 times from mc_config.o(.data)
 <LI><a href="#[0]">R3F4XX_GetPhaseCurrents</a> from r3_f4xx_pwm_curr_fdbk.o(i.R3F4XX_GetPhaseCurrents) referenced 2 times from mc_config.o(.data)
 <LI><a href="#[0]">R3F4XX_GetPhaseCurrents</a> from r3_f4xx_pwm_curr_fdbk.o(i.R3F4XX_GetPhaseCurrents) referenced from r3_f4xx_pwm_curr_fdbk.o(i.R3F4XX_CurrentReadingCalibration)
 <LI><a href="#[0]">R3F4XX_GetPhaseCurrents</a> from r3_f4xx_pwm_curr_fdbk.o(i.R3F4XX_GetPhaseCurrents) referenced from r3_f4xx_pwm_curr_fdbk.o(i.R3F4XX_RLDetectionModeDisable)
 <LI><a href="#[7a]">R3F4XX_HFCurrentsCalibrationAB</a> from r3_f4xx_pwm_curr_fdbk.o(i.R3F4XX_HFCurrentsCalibrationAB) referenced from r3_f4xx_pwm_curr_fdbk.o(i.R3F4XX_CurrentReadingCalibration)
 <LI><a href="#[7b]">R3F4XX_HFCurrentsCalibrationC</a> from r3_f4xx_pwm_curr_fdbk.o(i.R3F4XX_HFCurrentsCalibrationC) referenced from r3_f4xx_pwm_curr_fdbk.o(i.R3F4XX_CurrentReadingCalibration)
 <LI><a href="#[b]">R3F4XX_IsOverCurrentOccurred</a> from r3_f4xx_pwm_curr_fdbk.o(i.R3F4XX_IsOverCurrentOccurred) referenced 2 times from mc_config.o(.data)
 <LI><a href="#[d]">R3F4XX_RLDetectionModeDisable</a> from r3_f4xx_pwm_curr_fdbk.o(i.R3F4XX_RLDetectionModeDisable) referenced 2 times from mc_config.o(.data)
 <LI><a href="#[c]">R3F4XX_RLDetectionModeEnable</a> from r3_f4xx_pwm_curr_fdbk.o(i.R3F4XX_RLDetectionModeEnable) referenced 2 times from mc_config.o(.data)
 <LI><a href="#[e]">R3F4XX_RLDetectionModeSetDuty</a> from r3_f4xx_pwm_curr_fdbk.o(i.R3F4XX_RLDetectionModeSetDuty) referenced 2 times from mc_config.o(.data)
 <LI><a href="#[7c]">R3F4XX_RLGetPhaseCurrents</a> from r3_f4xx_pwm_curr_fdbk.o(i.R3F4XX_RLGetPhaseCurrents) referenced from r3_f4xx_pwm_curr_fdbk.o(i.R3F4XX_RLDetectionModeEnable)
 <LI><a href="#[7e]">R3F4XX_RLSwitchOnPWM</a> from r3_f4xx_pwm_curr_fdbk.o(i.R3F4XX_RLSwitchOnPWM) referenced from r3_f4xx_pwm_curr_fdbk.o(i.R3F4XX_RLDetectionModeEnable)
 <LI><a href="#[7d]">R3F4XX_RLTurnOnLowSides</a> from r3_f4xx_pwm_curr_fdbk.o(i.R3F4XX_RLTurnOnLowSides) referenced from r3_f4xx_pwm_curr_fdbk.o(i.R3F4XX_RLDetectionModeEnable)
 <LI><a href="#[5]">R3F4XX_SetADCSampPointSect1</a> from r3_f4xx_pwm_curr_fdbk.o(i.R3F4XX_SetADCSampPointSect1) referenced 2 times from mc_config.o(.data)
 <LI><a href="#[6]">R3F4XX_SetADCSampPointSect2</a> from r3_f4xx_pwm_curr_fdbk.o(i.R3F4XX_SetADCSampPointSect2) referenced 2 times from mc_config.o(.data)
 <LI><a href="#[7]">R3F4XX_SetADCSampPointSect3</a> from r3_f4xx_pwm_curr_fdbk.o(i.R3F4XX_SetADCSampPointSect3) referenced 2 times from mc_config.o(.data)
 <LI><a href="#[8]">R3F4XX_SetADCSampPointSect4</a> from r3_f4xx_pwm_curr_fdbk.o(i.R3F4XX_SetADCSampPointSect4) referenced 2 times from mc_config.o(.data)
 <LI><a href="#[9]">R3F4XX_SetADCSampPointSect5</a> from r3_f4xx_pwm_curr_fdbk.o(i.R3F4XX_SetADCSampPointSect5) referenced 2 times from mc_config.o(.data)
 <LI><a href="#[a]">R3F4XX_SetADCSampPointSect6</a> from r3_f4xx_pwm_curr_fdbk.o(i.R3F4XX_SetADCSampPointSect6) referenced 2 times from mc_config.o(.data)
 <LI><a href="#[1]">R3F4XX_SwitchOffPWM</a> from r3_f4xx_pwm_curr_fdbk.o(i.R3F4XX_SwitchOffPWM) referenced 2 times from mc_config.o(.data)
 <LI><a href="#[1]">R3F4XX_SwitchOffPWM</a> from r3_f4xx_pwm_curr_fdbk.o(i.R3F4XX_SwitchOffPWM) referenced from r3_f4xx_pwm_curr_fdbk.o(i.R3F4XX_RLDetectionModeDisable)
 <LI><a href="#[1]">R3F4XX_SwitchOffPWM</a> from r3_f4xx_pwm_curr_fdbk.o(i.R3F4XX_SwitchOffPWM) referenced from r3_f4xx_pwm_curr_fdbk.o(i.R3F4XX_RLDetectionModeEnable)
 <LI><a href="#[2]">R3F4XX_SwitchOnPWM</a> from r3_f4xx_pwm_curr_fdbk.o(i.R3F4XX_SwitchOnPWM) referenced 2 times from mc_config.o(.data)
 <LI><a href="#[2]">R3F4XX_SwitchOnPWM</a> from r3_f4xx_pwm_curr_fdbk.o(i.R3F4XX_SwitchOnPWM) referenced from r3_f4xx_pwm_curr_fdbk.o(i.R3F4XX_RLDetectionModeDisable)
 <LI><a href="#[4]">R3F4XX_TurnOnLowSides</a> from r3_f4xx_pwm_curr_fdbk.o(i.R3F4XX_TurnOnLowSides) referenced 2 times from mc_config.o(.data)
 <LI><a href="#[4]">R3F4XX_TurnOnLowSides</a> from r3_f4xx_pwm_curr_fdbk.o(i.R3F4XX_TurnOnLowSides) referenced from r3_f4xx_pwm_curr_fdbk.o(i.R3F4XX_RLDetectionModeDisable)
 <LI><a href="#[28]">RCC_IRQHandler</a> from startup_stm32f407xx.o(.text) referenced from startup_stm32f407xx.o(RESET)
 <LI><a href="#[4c]">RTC_Alarm_IRQHandler</a> from startup_stm32f407xx.o(.text) referenced from startup_stm32f407xx.o(RESET)
 <LI><a href="#[26]">RTC_WKUP_IRQHandler</a> from startup_stm32f407xx.o(.text) referenced from startup_stm32f407xx.o(RESET)
 <LI><a href="#[19]">Reset_Handler</a> from startup_stm32f407xx.o(.text) referenced from startup_stm32f407xx.o(RESET)
 <LI><a href="#[54]">SDIO_IRQHandler</a> from startup_stm32f407xx.o(.text) referenced from startup_stm32f407xx.o(RESET)
 <LI><a href="#[46]">SPI1_IRQHandler</a> from startup_stm32f407xx.o(.text) referenced from startup_stm32f407xx.o(RESET)
 <LI><a href="#[47]">SPI2_IRQHandler</a> from startup_stm32f407xx.o(.text) referenced from startup_stm32f407xx.o(RESET)
 <LI><a href="#[56]">SPI3_IRQHandler</a> from startup_stm32f407xx.o(.text) referenced from startup_stm32f407xx.o(RESET)
 <LI><a href="#[11]">STO_OTF_ResetPLL</a> from sto_pll_speed_pos_fdbk.o(i.STO_OTF_ResetPLL) referenced 2 times from mc_config.o(.data)
 <LI><a href="#[f]">STO_PLL_ForceConvergency1</a> from sto_pll_speed_pos_fdbk.o(i.STO_PLL_ForceConvergency1) referenced 2 times from mc_config.o(.data)
 <LI><a href="#[10]">STO_PLL_ForceConvergency2</a> from sto_pll_speed_pos_fdbk.o(i.STO_PLL_ForceConvergency2) referenced 2 times from mc_config.o(.data)
 <LI><a href="#[12]">STO_PLL_IsVarianceTight</a> from sto_pll_speed_pos_fdbk.o(i.STO_PLL_IsVarianceTight) referenced 2 times from mc_config.o(.data)
 <LI><a href="#[1f]">SVC_Handler</a> from startup_stm32f407xx.o(.text) referenced from startup_stm32f407xx.o(RESET)
 <LI><a href="#[22]">SysTick_Handler</a> from stm32f4xx_mc_it.o(i.SysTick_Handler) referenced from startup_stm32f407xx.o(RESET)
 <LI><a href="#[75]">SystemInit</a> from system_stm32f4xx.o(i.SystemInit) referenced from startup_stm32f407xx.o(.text)
 <LI><a href="#[25]">TAMP_STAMP_IRQHandler</a> from startup_stm32f407xx.o(.text) referenced from startup_stm32f407xx.o(RESET)
 <LI><a href="#[3b]">TIM1_BRK_TIM9_IRQHandler</a> from stm32f4xx_mc_it.o(i.TIM1_BRK_TIM9_IRQHandler) referenced from startup_stm32f407xx.o(RESET)
 <LI><a href="#[3e]">TIM1_CC_IRQHandler</a> from startup_stm32f407xx.o(.text) referenced from startup_stm32f407xx.o(RESET)
 <LI><a href="#[3d]">TIM1_TRG_COM_TIM11_IRQHandler</a> from startup_stm32f407xx.o(.text) referenced from startup_stm32f407xx.o(RESET)
 <LI><a href="#[3c]">TIM1_UP_TIM10_IRQHandler</a> from stm32f4xx_mc_it.o(i.TIM1_UP_TIM10_IRQHandler) referenced from startup_stm32f407xx.o(RESET)
 <LI><a href="#[3f]">TIM2_IRQHandler</a> from startup_stm32f407xx.o(.text) referenced from startup_stm32f407xx.o(RESET)
 <LI><a href="#[40]">TIM3_IRQHandler</a> from startup_stm32f407xx.o(.text) referenced from startup_stm32f407xx.o(RESET)
 <LI><a href="#[41]">TIM4_IRQHandler</a> from startup_stm32f407xx.o(.text) referenced from startup_stm32f407xx.o(RESET)
 <LI><a href="#[55]">TIM5_IRQHandler</a> from startup_stm32f407xx.o(.text) referenced from startup_stm32f407xx.o(RESET)
 <LI><a href="#[59]">TIM6_DAC_IRQHandler</a> from startup_stm32f407xx.o(.text) referenced from startup_stm32f407xx.o(RESET)
 <LI><a href="#[5a]">TIM7_IRQHandler</a> from startup_stm32f407xx.o(.text) referenced from startup_stm32f407xx.o(RESET)
 <LI><a href="#[4e]">TIM8_BRK_TIM12_IRQHandler</a> from startup_stm32f407xx.o(.text) referenced from startup_stm32f407xx.o(RESET)
 <LI><a href="#[51]">TIM8_CC_IRQHandler</a> from startup_stm32f407xx.o(.text) referenced from startup_stm32f407xx.o(RESET)
 <LI><a href="#[50]">TIM8_TRG_COM_TIM14_IRQHandler</a> from startup_stm32f407xx.o(.text) referenced from startup_stm32f407xx.o(RESET)
 <LI><a href="#[4f]">TIM8_UP_TIM13_IRQHandler</a> from startup_stm32f407xx.o(.text) referenced from startup_stm32f407xx.o(RESET)
 <LI><a href="#[57]">UART4_IRQHandler</a> from startup_stm32f407xx.o(.text) referenced from startup_stm32f407xx.o(RESET)
 <LI><a href="#[58]">UART5_IRQHandler</a> from startup_stm32f407xx.o(.text) referenced from startup_stm32f407xx.o(RESET)
 <LI><a href="#[7f]">UFCP_AbortReceive</a> from usart_frame_communication_protocol.o(i.UFCP_AbortReceive) referenced from ui_task.o(i.UI_TaskInit)
 <LI><a href="#[80]">UFCP_Receive</a> from usart_frame_communication_protocol.o(i.UFCP_Receive) referenced from ui_task.o(i.UI_TaskInit)
 <LI><a href="#[81]">UFCP_Send</a> from usart_frame_communication_protocol.o(i.UFCP_Send) referenced from ui_task.o(i.UI_TaskInit)
 <LI><a href="#[48]">USART1_IRQHandler</a> from stm32f4xx_mc_it.o(i.USART1_IRQHandler) referenced from startup_stm32f407xx.o(RESET)
 <LI><a href="#[49]">USART2_IRQHandler</a> from startup_stm32f407xx.o(.text) referenced from startup_stm32f407xx.o(RESET)
 <LI><a href="#[4a]">USART3_IRQHandler</a> from startup_stm32f407xx.o(.text) referenced from startup_stm32f407xx.o(RESET)
 <LI><a href="#[6a]">USART6_IRQHandler</a> from startup_stm32f407xx.o(.text) referenced from startup_stm32f407xx.o(RESET)
 <LI><a href="#[1e]">UsageFault_Handler</a> from startup_stm32f407xx.o(.text) referenced from startup_stm32f407xx.o(RESET)
 <LI><a href="#[23]">WWDG_IRQHandler</a> from startup_stm32f407xx.o(.text) referenced from startup_stm32f407xx.o(RESET)
 <LI><a href="#[76]">__main</a> from entry.o(.ARM.Collect$$$$00000000) referenced from startup_stm32f407xx.o(.text)
 <LI><a href="#[74]">main</a> from main.o(i.main) referenced from entry9a.o(.ARM.Collect$$$$0000000B)
</UL>
<P>
<H3>
Global Symbols
</H3>
<P><STRONG><a name="[76]"></a>__main</STRONG> (Thumb, 0 bytes, Stack size unknown bytes, entry.o(.ARM.Collect$$$$00000000))
<BR>[Address Reference Count : 1]<UL><LI> startup_stm32f407xx.o(.text)
</UL>
<P><STRONG><a name="[162]"></a>_main_stk</STRONG> (Thumb, 0 bytes, Stack size unknown bytes, entry2.o(.ARM.Collect$$$$00000001))

<P><STRONG><a name="[82]"></a>_main_scatterload</STRONG> (Thumb, 0 bytes, Stack size unknown bytes, entry5.o(.ARM.Collect$$$$00000004))
<BR><BR>[Calls]<UL><LI><a href="#[83]">&gt;&gt;</a>&nbsp;&nbsp;&nbsp;__scatterload
</UL>

<P><STRONG><a name="[8a]"></a>__main_after_scatterload</STRONG> (Thumb, 0 bytes, Stack size unknown bytes, entry5.o(.ARM.Collect$$$$00000004))
<BR><BR>[Called By]<UL><LI><a href="#[83]">&gt;&gt;</a>&nbsp;&nbsp;&nbsp;__scatterload
</UL>

<P><STRONG><a name="[163]"></a>_main_clock</STRONG> (Thumb, 0 bytes, Stack size unknown bytes, entry7b.o(.ARM.Collect$$$$00000008))

<P><STRONG><a name="[164]"></a>_main_cpp_init</STRONG> (Thumb, 0 bytes, Stack size unknown bytes, entry8b.o(.ARM.Collect$$$$0000000A))

<P><STRONG><a name="[165]"></a>_main_init</STRONG> (Thumb, 0 bytes, Stack size unknown bytes, entry9a.o(.ARM.Collect$$$$0000000B))

<P><STRONG><a name="[166]"></a>__rt_final_cpp</STRONG> (Thumb, 0 bytes, Stack size unknown bytes, entry10a.o(.ARM.Collect$$$$0000000D))

<P><STRONG><a name="[167]"></a>__rt_final_exit</STRONG> (Thumb, 0 bytes, Stack size unknown bytes, entry11a.o(.ARM.Collect$$$$0000000F))

<P><STRONG><a name="[19]"></a>Reset_Handler</STRONG> (Thumb, 8 bytes, Stack size 0 bytes, startup_stm32f407xx.o(.text))
<BR>[Address Reference Count : 1]<UL><LI> startup_stm32f407xx.o(RESET)
</UL>
<P><STRONG><a name="[1a]"></a>NMI_Handler</STRONG> (Thumb, 2 bytes, Stack size 0 bytes, startup_stm32f407xx.o(.text))
<BR><BR>[Calls]<UL><LI><a href="#[1a]">&gt;&gt;</a>&nbsp;&nbsp;&nbsp;NMI_Handler
</UL>
<BR>[Called By]<UL><LI><a href="#[1a]">&gt;&gt;</a>&nbsp;&nbsp;&nbsp;NMI_Handler
</UL>
<BR>[Address Reference Count : 1]<UL><LI> startup_stm32f407xx.o(RESET)
</UL>
<P><STRONG><a name="[1c]"></a>MemManage_Handler</STRONG> (Thumb, 2 bytes, Stack size 0 bytes, startup_stm32f407xx.o(.text))
<BR><BR>[Calls]<UL><LI><a href="#[1c]">&gt;&gt;</a>&nbsp;&nbsp;&nbsp;MemManage_Handler
</UL>
<BR>[Called By]<UL><LI><a href="#[1c]">&gt;&gt;</a>&nbsp;&nbsp;&nbsp;MemManage_Handler
</UL>
<BR>[Address Reference Count : 1]<UL><LI> startup_stm32f407xx.o(RESET)
</UL>
<P><STRONG><a name="[1d]"></a>BusFault_Handler</STRONG> (Thumb, 2 bytes, Stack size 0 bytes, startup_stm32f407xx.o(.text))
<BR><BR>[Calls]<UL><LI><a href="#[1d]">&gt;&gt;</a>&nbsp;&nbsp;&nbsp;BusFault_Handler
</UL>
<BR>[Called By]<UL><LI><a href="#[1d]">&gt;&gt;</a>&nbsp;&nbsp;&nbsp;BusFault_Handler
</UL>
<BR>[Address Reference Count : 1]<UL><LI> startup_stm32f407xx.o(RESET)
</UL>
<P><STRONG><a name="[1e]"></a>UsageFault_Handler</STRONG> (Thumb, 2 bytes, Stack size 0 bytes, startup_stm32f407xx.o(.text))
<BR><BR>[Calls]<UL><LI><a href="#[1e]">&gt;&gt;</a>&nbsp;&nbsp;&nbsp;UsageFault_Handler
</UL>
<BR>[Called By]<UL><LI><a href="#[1e]">&gt;&gt;</a>&nbsp;&nbsp;&nbsp;UsageFault_Handler
</UL>
<BR>[Address Reference Count : 1]<UL><LI> startup_stm32f407xx.o(RESET)
</UL>
<P><STRONG><a name="[1f]"></a>SVC_Handler</STRONG> (Thumb, 2 bytes, Stack size 0 bytes, startup_stm32f407xx.o(.text))
<BR><BR>[Calls]<UL><LI><a href="#[1f]">&gt;&gt;</a>&nbsp;&nbsp;&nbsp;SVC_Handler
</UL>
<BR>[Called By]<UL><LI><a href="#[1f]">&gt;&gt;</a>&nbsp;&nbsp;&nbsp;SVC_Handler
</UL>
<BR>[Address Reference Count : 1]<UL><LI> startup_stm32f407xx.o(RESET)
</UL>
<P><STRONG><a name="[20]"></a>DebugMon_Handler</STRONG> (Thumb, 2 bytes, Stack size 0 bytes, startup_stm32f407xx.o(.text))
<BR><BR>[Calls]<UL><LI><a href="#[20]">&gt;&gt;</a>&nbsp;&nbsp;&nbsp;DebugMon_Handler
</UL>
<BR>[Called By]<UL><LI><a href="#[20]">&gt;&gt;</a>&nbsp;&nbsp;&nbsp;DebugMon_Handler
</UL>
<BR>[Address Reference Count : 1]<UL><LI> startup_stm32f407xx.o(RESET)
</UL>
<P><STRONG><a name="[21]"></a>PendSV_Handler</STRONG> (Thumb, 2 bytes, Stack size 0 bytes, startup_stm32f407xx.o(.text))
<BR><BR>[Calls]<UL><LI><a href="#[21]">&gt;&gt;</a>&nbsp;&nbsp;&nbsp;PendSV_Handler
</UL>
<BR>[Called By]<UL><LI><a href="#[21]">&gt;&gt;</a>&nbsp;&nbsp;&nbsp;PendSV_Handler
</UL>
<BR>[Address Reference Count : 1]<UL><LI> startup_stm32f407xx.o(RESET)
</UL>
<P><STRONG><a name="[37]"></a>CAN1_RX0_IRQHandler</STRONG> (Thumb, 0 bytes, Stack size 0 bytes, startup_stm32f407xx.o(.text))
<BR><BR>[Calls]<UL><LI><a href="#[37]">&gt;&gt;</a>&nbsp;&nbsp;&nbsp;CAN1_RX0_IRQHandler
</UL>
<BR>[Called By]<UL><LI><a href="#[37]">&gt;&gt;</a>&nbsp;&nbsp;&nbsp;CAN1_RX0_IRQHandler
</UL>
<BR>[Address Reference Count : 1]<UL><LI> startup_stm32f407xx.o(RESET)
</UL>
<P><STRONG><a name="[38]"></a>CAN1_RX1_IRQHandler</STRONG> (Thumb, 0 bytes, Stack size 0 bytes, startup_stm32f407xx.o(.text))
<BR>[Address Reference Count : 1]<UL><LI> startup_stm32f407xx.o(RESET)
</UL>
<P><STRONG><a name="[39]"></a>CAN1_SCE_IRQHandler</STRONG> (Thumb, 0 bytes, Stack size 0 bytes, startup_stm32f407xx.o(.text))
<BR>[Address Reference Count : 1]<UL><LI> startup_stm32f407xx.o(RESET)
</UL>
<P><STRONG><a name="[36]"></a>CAN1_TX_IRQHandler</STRONG> (Thumb, 0 bytes, Stack size 0 bytes, startup_stm32f407xx.o(.text))
<BR>[Address Reference Count : 1]<UL><LI> startup_stm32f407xx.o(RESET)
</UL>
<P><STRONG><a name="[63]"></a>CAN2_RX0_IRQHandler</STRONG> (Thumb, 0 bytes, Stack size 0 bytes, startup_stm32f407xx.o(.text))
<BR>[Address Reference Count : 1]<UL><LI> startup_stm32f407xx.o(RESET)
</UL>
<P><STRONG><a name="[64]"></a>CAN2_RX1_IRQHandler</STRONG> (Thumb, 0 bytes, Stack size 0 bytes, startup_stm32f407xx.o(.text))
<BR>[Address Reference Count : 1]<UL><LI> startup_stm32f407xx.o(RESET)
</UL>
<P><STRONG><a name="[65]"></a>CAN2_SCE_IRQHandler</STRONG> (Thumb, 0 bytes, Stack size 0 bytes, startup_stm32f407xx.o(.text))
<BR>[Address Reference Count : 1]<UL><LI> startup_stm32f407xx.o(RESET)
</UL>
<P><STRONG><a name="[62]"></a>CAN2_TX_IRQHandler</STRONG> (Thumb, 0 bytes, Stack size 0 bytes, startup_stm32f407xx.o(.text))
<BR>[Address Reference Count : 1]<UL><LI> startup_stm32f407xx.o(RESET)
</UL>
<P><STRONG><a name="[71]"></a>DCMI_IRQHandler</STRONG> (Thumb, 0 bytes, Stack size 0 bytes, startup_stm32f407xx.o(.text))
<BR>[Address Reference Count : 1]<UL><LI> startup_stm32f407xx.o(RESET)
</UL>
<P><STRONG><a name="[2e]"></a>DMA1_Stream0_IRQHandler</STRONG> (Thumb, 0 bytes, Stack size 0 bytes, startup_stm32f407xx.o(.text))
<BR>[Address Reference Count : 1]<UL><LI> startup_stm32f407xx.o(RESET)
</UL>
<P><STRONG><a name="[2f]"></a>DMA1_Stream1_IRQHandler</STRONG> (Thumb, 0 bytes, Stack size 0 bytes, startup_stm32f407xx.o(.text))
<BR>[Address Reference Count : 1]<UL><LI> startup_stm32f407xx.o(RESET)
</UL>
<P><STRONG><a name="[30]"></a>DMA1_Stream2_IRQHandler</STRONG> (Thumb, 0 bytes, Stack size 0 bytes, startup_stm32f407xx.o(.text))
<BR>[Address Reference Count : 1]<UL><LI> startup_stm32f407xx.o(RESET)
</UL>
<P><STRONG><a name="[31]"></a>DMA1_Stream3_IRQHandler</STRONG> (Thumb, 0 bytes, Stack size 0 bytes, startup_stm32f407xx.o(.text))
<BR>[Address Reference Count : 1]<UL><LI> startup_stm32f407xx.o(RESET)
</UL>
<P><STRONG><a name="[32]"></a>DMA1_Stream4_IRQHandler</STRONG> (Thumb, 0 bytes, Stack size 0 bytes, startup_stm32f407xx.o(.text))
<BR>[Address Reference Count : 1]<UL><LI> startup_stm32f407xx.o(RESET)
</UL>
<P><STRONG><a name="[33]"></a>DMA1_Stream5_IRQHandler</STRONG> (Thumb, 0 bytes, Stack size 0 bytes, startup_stm32f407xx.o(.text))
<BR>[Address Reference Count : 1]<UL><LI> startup_stm32f407xx.o(RESET)
</UL>
<P><STRONG><a name="[34]"></a>DMA1_Stream6_IRQHandler</STRONG> (Thumb, 0 bytes, Stack size 0 bytes, startup_stm32f407xx.o(.text))
<BR>[Address Reference Count : 1]<UL><LI> startup_stm32f407xx.o(RESET)
</UL>
<P><STRONG><a name="[52]"></a>DMA1_Stream7_IRQHandler</STRONG> (Thumb, 0 bytes, Stack size 0 bytes, startup_stm32f407xx.o(.text))
<BR>[Address Reference Count : 1]<UL><LI> startup_stm32f407xx.o(RESET)
</UL>
<P><STRONG><a name="[5b]"></a>DMA2_Stream0_IRQHandler</STRONG> (Thumb, 0 bytes, Stack size 0 bytes, startup_stm32f407xx.o(.text))
<BR>[Address Reference Count : 1]<UL><LI> startup_stm32f407xx.o(RESET)
</UL>
<P><STRONG><a name="[5c]"></a>DMA2_Stream1_IRQHandler</STRONG> (Thumb, 0 bytes, Stack size 0 bytes, startup_stm32f407xx.o(.text))
<BR>[Address Reference Count : 1]<UL><LI> startup_stm32f407xx.o(RESET)
</UL>
<P><STRONG><a name="[5d]"></a>DMA2_Stream2_IRQHandler</STRONG> (Thumb, 0 bytes, Stack size 0 bytes, startup_stm32f407xx.o(.text))
<BR>[Address Reference Count : 1]<UL><LI> startup_stm32f407xx.o(RESET)
</UL>
<P><STRONG><a name="[5e]"></a>DMA2_Stream3_IRQHandler</STRONG> (Thumb, 0 bytes, Stack size 0 bytes, startup_stm32f407xx.o(.text))
<BR>[Address Reference Count : 1]<UL><LI> startup_stm32f407xx.o(RESET)
</UL>
<P><STRONG><a name="[5f]"></a>DMA2_Stream4_IRQHandler</STRONG> (Thumb, 0 bytes, Stack size 0 bytes, startup_stm32f407xx.o(.text))
<BR>[Address Reference Count : 1]<UL><LI> startup_stm32f407xx.o(RESET)
</UL>
<P><STRONG><a name="[67]"></a>DMA2_Stream5_IRQHandler</STRONG> (Thumb, 0 bytes, Stack size 0 bytes, startup_stm32f407xx.o(.text))
<BR>[Address Reference Count : 1]<UL><LI> startup_stm32f407xx.o(RESET)
</UL>
<P><STRONG><a name="[68]"></a>DMA2_Stream6_IRQHandler</STRONG> (Thumb, 0 bytes, Stack size 0 bytes, startup_stm32f407xx.o(.text))
<BR>[Address Reference Count : 1]<UL><LI> startup_stm32f407xx.o(RESET)
</UL>
<P><STRONG><a name="[69]"></a>DMA2_Stream7_IRQHandler</STRONG> (Thumb, 0 bytes, Stack size 0 bytes, startup_stm32f407xx.o(.text))
<BR>[Address Reference Count : 1]<UL><LI> startup_stm32f407xx.o(RESET)
</UL>
<P><STRONG><a name="[60]"></a>ETH_IRQHandler</STRONG> (Thumb, 0 bytes, Stack size 0 bytes, startup_stm32f407xx.o(.text))
<BR>[Address Reference Count : 1]<UL><LI> startup_stm32f407xx.o(RESET)
</UL>
<P><STRONG><a name="[61]"></a>ETH_WKUP_IRQHandler</STRONG> (Thumb, 0 bytes, Stack size 0 bytes, startup_stm32f407xx.o(.text))
<BR>[Address Reference Count : 1]<UL><LI> startup_stm32f407xx.o(RESET)
</UL>
<P><STRONG><a name="[29]"></a>EXTI0_IRQHandler</STRONG> (Thumb, 0 bytes, Stack size 0 bytes, startup_stm32f407xx.o(.text))
<BR>[Address Reference Count : 1]<UL><LI> startup_stm32f407xx.o(RESET)
</UL>
<P><STRONG><a name="[4b]"></a>EXTI15_10_IRQHandler</STRONG> (Thumb, 0 bytes, Stack size 0 bytes, startup_stm32f407xx.o(.text))
<BR>[Address Reference Count : 1]<UL><LI> startup_stm32f407xx.o(RESET)
</UL>
<P><STRONG><a name="[2a]"></a>EXTI1_IRQHandler</STRONG> (Thumb, 0 bytes, Stack size 0 bytes, startup_stm32f407xx.o(.text))
<BR>[Address Reference Count : 1]<UL><LI> startup_stm32f407xx.o(RESET)
</UL>
<P><STRONG><a name="[2b]"></a>EXTI2_IRQHandler</STRONG> (Thumb, 0 bytes, Stack size 0 bytes, startup_stm32f407xx.o(.text))
<BR>[Address Reference Count : 1]<UL><LI> startup_stm32f407xx.o(RESET)
</UL>
<P><STRONG><a name="[2c]"></a>EXTI3_IRQHandler</STRONG> (Thumb, 0 bytes, Stack size 0 bytes, startup_stm32f407xx.o(.text))
<BR>[Address Reference Count : 1]<UL><LI> startup_stm32f407xx.o(RESET)
</UL>
<P><STRONG><a name="[2d]"></a>EXTI4_IRQHandler</STRONG> (Thumb, 0 bytes, Stack size 0 bytes, startup_stm32f407xx.o(.text))
<BR>[Address Reference Count : 1]<UL><LI> startup_stm32f407xx.o(RESET)
</UL>
<P><STRONG><a name="[3a]"></a>EXTI9_5_IRQHandler</STRONG> (Thumb, 0 bytes, Stack size 0 bytes, startup_stm32f407xx.o(.text))
<BR>[Address Reference Count : 1]<UL><LI> startup_stm32f407xx.o(RESET)
</UL>
<P><STRONG><a name="[27]"></a>FLASH_IRQHandler</STRONG> (Thumb, 0 bytes, Stack size 0 bytes, startup_stm32f407xx.o(.text))
<BR>[Address Reference Count : 1]<UL><LI> startup_stm32f407xx.o(RESET)
</UL>
<P><STRONG><a name="[53]"></a>FMC_IRQHandler</STRONG> (Thumb, 0 bytes, Stack size 0 bytes, startup_stm32f407xx.o(.text))
<BR>[Address Reference Count : 1]<UL><LI> startup_stm32f407xx.o(RESET)
</UL>
<P><STRONG><a name="[73]"></a>FPU_IRQHandler</STRONG> (Thumb, 0 bytes, Stack size 0 bytes, startup_stm32f407xx.o(.text))
<BR>[Address Reference Count : 1]<UL><LI> startup_stm32f407xx.o(RESET)
</UL>
<P><STRONG><a name="[72]"></a>HASH_RNG_IRQHandler</STRONG> (Thumb, 0 bytes, Stack size 0 bytes, startup_stm32f407xx.o(.text))
<BR>[Address Reference Count : 1]<UL><LI> startup_stm32f407xx.o(RESET)
</UL>
<P><STRONG><a name="[43]"></a>I2C1_ER_IRQHandler</STRONG> (Thumb, 0 bytes, Stack size 0 bytes, startup_stm32f407xx.o(.text))
<BR>[Address Reference Count : 1]<UL><LI> startup_stm32f407xx.o(RESET)
</UL>
<P><STRONG><a name="[42]"></a>I2C1_EV_IRQHandler</STRONG> (Thumb, 0 bytes, Stack size 0 bytes, startup_stm32f407xx.o(.text))
<BR>[Address Reference Count : 1]<UL><LI> startup_stm32f407xx.o(RESET)
</UL>
<P><STRONG><a name="[45]"></a>I2C2_ER_IRQHandler</STRONG> (Thumb, 0 bytes, Stack size 0 bytes, startup_stm32f407xx.o(.text))
<BR>[Address Reference Count : 1]<UL><LI> startup_stm32f407xx.o(RESET)
</UL>
<P><STRONG><a name="[44]"></a>I2C2_EV_IRQHandler</STRONG> (Thumb, 0 bytes, Stack size 0 bytes, startup_stm32f407xx.o(.text))
<BR>[Address Reference Count : 1]<UL><LI> startup_stm32f407xx.o(RESET)
</UL>
<P><STRONG><a name="[6c]"></a>I2C3_ER_IRQHandler</STRONG> (Thumb, 0 bytes, Stack size 0 bytes, startup_stm32f407xx.o(.text))
<BR>[Address Reference Count : 1]<UL><LI> startup_stm32f407xx.o(RESET)
</UL>
<P><STRONG><a name="[6b]"></a>I2C3_EV_IRQHandler</STRONG> (Thumb, 0 bytes, Stack size 0 bytes, startup_stm32f407xx.o(.text))
<BR>[Address Reference Count : 1]<UL><LI> startup_stm32f407xx.o(RESET)
</UL>
<P><STRONG><a name="[66]"></a>OTG_FS_IRQHandler</STRONG> (Thumb, 0 bytes, Stack size 0 bytes, startup_stm32f407xx.o(.text))
<BR>[Address Reference Count : 1]<UL><LI> startup_stm32f407xx.o(RESET)
</UL>
<P><STRONG><a name="[4d]"></a>OTG_FS_WKUP_IRQHandler</STRONG> (Thumb, 0 bytes, Stack size 0 bytes, startup_stm32f407xx.o(.text))
<BR>[Address Reference Count : 1]<UL><LI> startup_stm32f407xx.o(RESET)
</UL>
<P><STRONG><a name="[6e]"></a>OTG_HS_EP1_IN_IRQHandler</STRONG> (Thumb, 0 bytes, Stack size 0 bytes, startup_stm32f407xx.o(.text))
<BR>[Address Reference Count : 1]<UL><LI> startup_stm32f407xx.o(RESET)
</UL>
<P><STRONG><a name="[6d]"></a>OTG_HS_EP1_OUT_IRQHandler</STRONG> (Thumb, 0 bytes, Stack size 0 bytes, startup_stm32f407xx.o(.text))
<BR>[Address Reference Count : 1]<UL><LI> startup_stm32f407xx.o(RESET)
</UL>
<P><STRONG><a name="[70]"></a>OTG_HS_IRQHandler</STRONG> (Thumb, 0 bytes, Stack size 0 bytes, startup_stm32f407xx.o(.text))
<BR>[Address Reference Count : 1]<UL><LI> startup_stm32f407xx.o(RESET)
</UL>
<P><STRONG><a name="[6f]"></a>OTG_HS_WKUP_IRQHandler</STRONG> (Thumb, 0 bytes, Stack size 0 bytes, startup_stm32f407xx.o(.text))
<BR>[Address Reference Count : 1]<UL><LI> startup_stm32f407xx.o(RESET)
</UL>
<P><STRONG><a name="[24]"></a>PVD_IRQHandler</STRONG> (Thumb, 0 bytes, Stack size 0 bytes, startup_stm32f407xx.o(.text))
<BR>[Address Reference Count : 1]<UL><LI> startup_stm32f407xx.o(RESET)
</UL>
<P><STRONG><a name="[28]"></a>RCC_IRQHandler</STRONG> (Thumb, 0 bytes, Stack size 0 bytes, startup_stm32f407xx.o(.text))
<BR>[Address Reference Count : 1]<UL><LI> startup_stm32f407xx.o(RESET)
</UL>
<P><STRONG><a name="[4c]"></a>RTC_Alarm_IRQHandler</STRONG> (Thumb, 0 bytes, Stack size 0 bytes, startup_stm32f407xx.o(.text))
<BR>[Address Reference Count : 1]<UL><LI> startup_stm32f407xx.o(RESET)
</UL>
<P><STRONG><a name="[26]"></a>RTC_WKUP_IRQHandler</STRONG> (Thumb, 0 bytes, Stack size 0 bytes, startup_stm32f407xx.o(.text))
<BR>[Address Reference Count : 1]<UL><LI> startup_stm32f407xx.o(RESET)
</UL>
<P><STRONG><a name="[54]"></a>SDIO_IRQHandler</STRONG> (Thumb, 0 bytes, Stack size 0 bytes, startup_stm32f407xx.o(.text))
<BR>[Address Reference Count : 1]<UL><LI> startup_stm32f407xx.o(RESET)
</UL>
<P><STRONG><a name="[46]"></a>SPI1_IRQHandler</STRONG> (Thumb, 0 bytes, Stack size 0 bytes, startup_stm32f407xx.o(.text))
<BR>[Address Reference Count : 1]<UL><LI> startup_stm32f407xx.o(RESET)
</UL>
<P><STRONG><a name="[47]"></a>SPI2_IRQHandler</STRONG> (Thumb, 0 bytes, Stack size 0 bytes, startup_stm32f407xx.o(.text))
<BR>[Address Reference Count : 1]<UL><LI> startup_stm32f407xx.o(RESET)
</UL>
<P><STRONG><a name="[56]"></a>SPI3_IRQHandler</STRONG> (Thumb, 0 bytes, Stack size 0 bytes, startup_stm32f407xx.o(.text))
<BR>[Address Reference Count : 1]<UL><LI> startup_stm32f407xx.o(RESET)
</UL>
<P><STRONG><a name="[25]"></a>TAMP_STAMP_IRQHandler</STRONG> (Thumb, 0 bytes, Stack size 0 bytes, startup_stm32f407xx.o(.text))
<BR>[Address Reference Count : 1]<UL><LI> startup_stm32f407xx.o(RESET)
</UL>
<P><STRONG><a name="[3e]"></a>TIM1_CC_IRQHandler</STRONG> (Thumb, 0 bytes, Stack size 0 bytes, startup_stm32f407xx.o(.text))
<BR>[Address Reference Count : 1]<UL><LI> startup_stm32f407xx.o(RESET)
</UL>
<P><STRONG><a name="[3d]"></a>TIM1_TRG_COM_TIM11_IRQHandler</STRONG> (Thumb, 0 bytes, Stack size 0 bytes, startup_stm32f407xx.o(.text))
<BR>[Address Reference Count : 1]<UL><LI> startup_stm32f407xx.o(RESET)
</UL>
<P><STRONG><a name="[3f]"></a>TIM2_IRQHandler</STRONG> (Thumb, 0 bytes, Stack size 0 bytes, startup_stm32f407xx.o(.text))
<BR>[Address Reference Count : 1]<UL><LI> startup_stm32f407xx.o(RESET)
</UL>
<P><STRONG><a name="[40]"></a>TIM3_IRQHandler</STRONG> (Thumb, 0 bytes, Stack size 0 bytes, startup_stm32f407xx.o(.text))
<BR>[Address Reference Count : 1]<UL><LI> startup_stm32f407xx.o(RESET)
</UL>
<P><STRONG><a name="[41]"></a>TIM4_IRQHandler</STRONG> (Thumb, 0 bytes, Stack size 0 bytes, startup_stm32f407xx.o(.text))
<BR>[Address Reference Count : 1]<UL><LI> startup_stm32f407xx.o(RESET)
</UL>
<P><STRONG><a name="[55]"></a>TIM5_IRQHandler</STRONG> (Thumb, 0 bytes, Stack size 0 bytes, startup_stm32f407xx.o(.text))
<BR>[Address Reference Count : 1]<UL><LI> startup_stm32f407xx.o(RESET)
</UL>
<P><STRONG><a name="[59]"></a>TIM6_DAC_IRQHandler</STRONG> (Thumb, 0 bytes, Stack size 0 bytes, startup_stm32f407xx.o(.text))
<BR>[Address Reference Count : 1]<UL><LI> startup_stm32f407xx.o(RESET)
</UL>
<P><STRONG><a name="[5a]"></a>TIM7_IRQHandler</STRONG> (Thumb, 0 bytes, Stack size 0 bytes, startup_stm32f407xx.o(.text))
<BR>[Address Reference Count : 1]<UL><LI> startup_stm32f407xx.o(RESET)
</UL>
<P><STRONG><a name="[4e]"></a>TIM8_BRK_TIM12_IRQHandler</STRONG> (Thumb, 0 bytes, Stack size 0 bytes, startup_stm32f407xx.o(.text))
<BR>[Address Reference Count : 1]<UL><LI> startup_stm32f407xx.o(RESET)
</UL>
<P><STRONG><a name="[51]"></a>TIM8_CC_IRQHandler</STRONG> (Thumb, 0 bytes, Stack size 0 bytes, startup_stm32f407xx.o(.text))
<BR>[Address Reference Count : 1]<UL><LI> startup_stm32f407xx.o(RESET)
</UL>
<P><STRONG><a name="[50]"></a>TIM8_TRG_COM_TIM14_IRQHandler</STRONG> (Thumb, 0 bytes, Stack size 0 bytes, startup_stm32f407xx.o(.text))
<BR>[Address Reference Count : 1]<UL><LI> startup_stm32f407xx.o(RESET)
</UL>
<P><STRONG><a name="[4f]"></a>TIM8_UP_TIM13_IRQHandler</STRONG> (Thumb, 0 bytes, Stack size 0 bytes, startup_stm32f407xx.o(.text))
<BR>[Address Reference Count : 1]<UL><LI> startup_stm32f407xx.o(RESET)
</UL>
<P><STRONG><a name="[57]"></a>UART4_IRQHandler</STRONG> (Thumb, 0 bytes, Stack size 0 bytes, startup_stm32f407xx.o(.text))
<BR>[Address Reference Count : 1]<UL><LI> startup_stm32f407xx.o(RESET)
</UL>
<P><STRONG><a name="[58]"></a>UART5_IRQHandler</STRONG> (Thumb, 0 bytes, Stack size 0 bytes, startup_stm32f407xx.o(.text))
<BR>[Address Reference Count : 1]<UL><LI> startup_stm32f407xx.o(RESET)
</UL>
<P><STRONG><a name="[49]"></a>USART2_IRQHandler</STRONG> (Thumb, 0 bytes, Stack size 0 bytes, startup_stm32f407xx.o(.text))
<BR>[Address Reference Count : 1]<UL><LI> startup_stm32f407xx.o(RESET)
</UL>
<P><STRONG><a name="[4a]"></a>USART3_IRQHandler</STRONG> (Thumb, 0 bytes, Stack size 0 bytes, startup_stm32f407xx.o(.text))
<BR>[Address Reference Count : 1]<UL><LI> startup_stm32f407xx.o(RESET)
</UL>
<P><STRONG><a name="[6a]"></a>USART6_IRQHandler</STRONG> (Thumb, 0 bytes, Stack size 0 bytes, startup_stm32f407xx.o(.text))
<BR>[Address Reference Count : 1]<UL><LI> startup_stm32f407xx.o(RESET)
</UL>
<P><STRONG><a name="[23]"></a>WWDG_IRQHandler</STRONG> (Thumb, 0 bytes, Stack size 0 bytes, startup_stm32f407xx.o(.text))
<BR>[Address Reference Count : 1]<UL><LI> startup_stm32f407xx.o(RESET)
</UL>
<P><STRONG><a name="[84]"></a>__aeabi_uldivmod</STRONG> (Thumb, 98 bytes, Stack size 40 bytes, uldiv.o(.text))
<BR><BR>[Stack]<UL><LI>Max Depth = 40<LI>Call Chain = __aeabi_uldivmod
</UL>
<BR>[Calls]<UL><LI><a href="#[85]">&gt;&gt;</a>&nbsp;&nbsp;&nbsp;__aeabi_llsr
<LI><a href="#[86]">&gt;&gt;</a>&nbsp;&nbsp;&nbsp;__aeabi_llsl
</UL>
<BR>[Called By]<UL><LI><a href="#[a5]">&gt;&gt;</a>&nbsp;&nbsp;&nbsp;HAL_RCC_GetSysClockFreq
</UL>

<P><STRONG><a name="[88]"></a>__aeabi_memset</STRONG> (Thumb, 14 bytes, Stack size 0 bytes, memseta.o(.text))
<BR><BR>[Called By]<UL><LI><a href="#[89]">&gt;&gt;</a>&nbsp;&nbsp;&nbsp;_memset$wrapper
<LI><a href="#[87]">&gt;&gt;</a>&nbsp;&nbsp;&nbsp;__aeabi_memclr
</UL>

<P><STRONG><a name="[168]"></a>__aeabi_memset4</STRONG> (Thumb, 0 bytes, Stack size 0 bytes, memseta.o(.text), UNUSED)

<P><STRONG><a name="[169]"></a>__aeabi_memset8</STRONG> (Thumb, 0 bytes, Stack size 0 bytes, memseta.o(.text), UNUSED)

<P><STRONG><a name="[87]"></a>__aeabi_memclr</STRONG> (Thumb, 4 bytes, Stack size 0 bytes, memseta.o(.text))
<BR><BR>[Calls]<UL><LI><a href="#[88]">&gt;&gt;</a>&nbsp;&nbsp;&nbsp;__aeabi_memset
</UL>
<BR>[Called By]<UL><LI><a href="#[e5]">&gt;&gt;</a>&nbsp;&nbsp;&nbsp;MPM_Clear
</UL>

<P><STRONG><a name="[16a]"></a>__aeabi_memclr4</STRONG> (Thumb, 0 bytes, Stack size 0 bytes, memseta.o(.text), UNUSED)

<P><STRONG><a name="[16b]"></a>__aeabi_memclr8</STRONG> (Thumb, 0 bytes, Stack size 0 bytes, memseta.o(.text), UNUSED)

<P><STRONG><a name="[89]"></a>_memset$wrapper</STRONG> (Thumb, 18 bytes, Stack size 8 bytes, memseta.o(.text), UNUSED)
<BR><BR>[Calls]<UL><LI><a href="#[88]">&gt;&gt;</a>&nbsp;&nbsp;&nbsp;__aeabi_memset
</UL>

<P><STRONG><a name="[86]"></a>__aeabi_llsl</STRONG> (Thumb, 30 bytes, Stack size 0 bytes, llshl.o(.text))
<BR><BR>[Called By]<UL><LI><a href="#[84]">&gt;&gt;</a>&nbsp;&nbsp;&nbsp;__aeabi_uldivmod
</UL>

<P><STRONG><a name="[16c]"></a>_ll_shift_l</STRONG> (Thumb, 0 bytes, Stack size 0 bytes, llshl.o(.text), UNUSED)

<P><STRONG><a name="[85]"></a>__aeabi_llsr</STRONG> (Thumb, 32 bytes, Stack size 0 bytes, llushr.o(.text))
<BR><BR>[Called By]<UL><LI><a href="#[84]">&gt;&gt;</a>&nbsp;&nbsp;&nbsp;__aeabi_uldivmod
</UL>

<P><STRONG><a name="[16d]"></a>_ll_ushift_r</STRONG> (Thumb, 0 bytes, Stack size 0 bytes, llushr.o(.text), UNUSED)

<P><STRONG><a name="[83]"></a>__scatterload</STRONG> (Thumb, 28 bytes, Stack size 0 bytes, init.o(.text))
<BR><BR>[Calls]<UL><LI><a href="#[8a]">&gt;&gt;</a>&nbsp;&nbsp;&nbsp;__main_after_scatterload
</UL>
<BR>[Called By]<UL><LI><a href="#[82]">&gt;&gt;</a>&nbsp;&nbsp;&nbsp;_main_scatterload
</UL>

<P><STRONG><a name="[16e]"></a>__scatterload_rt2</STRONG> (Thumb, 0 bytes, Stack size 0 bytes, init.o(.text), UNUSED)

<P><STRONG><a name="[16f]"></a>__decompress</STRONG> (Thumb, 0 bytes, Stack size unknown bytes, __dclz77c.o(.text), UNUSED)

<P><STRONG><a name="[170]"></a>__decompress2</STRONG> (Thumb, 94 bytes, Stack size unknown bytes, __dclz77c.o(.text), UNUSED)

<P><STRONG><a name="[35]"></a>ADC_IRQHandler</STRONG> (Thumb, 56 bytes, Stack size 8 bytes, stm32f4xx_mc_it.o(i.ADC_IRQHandler))
<BR><BR>[Stack]<UL><LI>Max Depth = 204<LI>Call Chain = ADC_IRQHandler &rArr; TSK_HighFrequencyTask &rArr; STO_PLL_CalcElAngle &rArr; PI_Controller
</UL>
<BR>[Calls]<UL><LI><a href="#[8c]">&gt;&gt;</a>&nbsp;&nbsp;&nbsp;UI_DACUpdate
<LI><a href="#[8b]">&gt;&gt;</a>&nbsp;&nbsp;&nbsp;TSK_HighFrequencyTask
</UL>
<BR>[Address Reference Count : 1]<UL><LI> startup_stm32f407xx.o(RESET)
</UL>
<P><STRONG><a name="[12b]"></a>Circle_Limitation</STRONG> (Thumb, 86 bytes, Stack size 4 bytes, circle_limitation.o(i.Circle_Limitation))
<BR><BR>[Stack]<UL><LI>Max Depth = 4<LI>Call Chain = Circle_Limitation
</UL>
<BR>[Called By]<UL><LI><a href="#[8b]">&gt;&gt;</a>&nbsp;&nbsp;&nbsp;TSK_HighFrequencyTask
</UL>

<P><STRONG><a name="[18]"></a>DAC_Exec</STRONG> (Thumb, 132 bytes, Stack size 24 bytes, dac_ui.o(i.DAC_Exec))
<BR><BR>[Stack]<UL><LI>Max Depth = 64<LI>Call Chain = DAC_Exec &rArr; UI_GetReg &rArr; STO_GetPLLGains
</UL>
<BR>[Calls]<UL><LI><a href="#[8d]">&gt;&gt;</a>&nbsp;&nbsp;&nbsp;UI_GetReg
</UL>
<BR>[Address Reference Count : 1]<UL><LI> mc_config.o(.data)
</UL>
<P><STRONG><a name="[14]"></a>DAC_GetChannelConfig</STRONG> (Thumb, 8 bytes, Stack size 0 bytes, dac_common_ui.o(i.DAC_GetChannelConfig))
<BR>[Address Reference Count : 1]<UL><LI> mc_config.o(.data)
</UL>
<P><STRONG><a name="[16]"></a>DAC_GetUserChannelValue</STRONG> (Thumb, 10 bytes, Stack size 0 bytes, dac_common_ui.o(i.DAC_GetUserChannelValue))
<BR>[Address Reference Count : 1]<UL><LI> mc_config.o(.data)
</UL>
<P><STRONG><a name="[17]"></a>DAC_Init</STRONG> (Thumb, 34 bytes, Stack size 0 bytes, dac_ui.o(i.DAC_Init))
<BR>[Address Reference Count : 1]<UL><LI> mc_config.o(.data)
</UL>
<P><STRONG><a name="[13]"></a>DAC_SetChannelConfig</STRONG> (Thumb, 8 bytes, Stack size 0 bytes, dac_common_ui.o(i.DAC_SetChannelConfig))
<BR>[Address Reference Count : 1]<UL><LI> mc_config.o(.data)
</UL>
<P><STRONG><a name="[15]"></a>DAC_SetUserChannelValue</STRONG> (Thumb, 8 bytes, Stack size 0 bytes, dac_common_ui.o(i.DAC_SetUserChannelValue))
<BR>[Address Reference Count : 1]<UL><LI> mc_config.o(.data)
</UL>
<P><STRONG><a name="[8e]"></a>Display_OLED</STRONG> (Thumb, 412 bytes, Stack size 24 bytes, main.o(i.Display_OLED))
<BR><BR>[Stack]<UL><LI>Max Depth = 136<LI>Call Chain = Display_OLED &rArr; OLED_ShowString &rArr; OLED_ShowChar &rArr; OLED_WR_Byte
</UL>
<BR>[Calls]<UL><LI><a href="#[90]">&gt;&gt;</a>&nbsp;&nbsp;&nbsp;OLED_ShowString
<LI><a href="#[92]">&gt;&gt;</a>&nbsp;&nbsp;&nbsp;OLED_ShowNum
<LI><a href="#[8f]">&gt;&gt;</a>&nbsp;&nbsp;&nbsp;OLED_ShowCHinese
<LI><a href="#[91]">&gt;&gt;</a>&nbsp;&nbsp;&nbsp;MCI_GetLastRampFinalSpeed
<LI><a href="#[93]">&gt;&gt;</a>&nbsp;&nbsp;&nbsp;MCI_GetAvrgMecSpeed01Hz
</UL>
<BR>[Called By]<UL><LI><a href="#[74]">&gt;&gt;</a>&nbsp;&nbsp;&nbsp;main
</UL>

<P><STRONG><a name="[135]"></a>FCP_CalcCRC</STRONG> (Thumb, 42 bytes, Stack size 0 bytes, frame_communication_protocol.o(i.FCP_CalcCRC))
<BR><BR>[Called By]<UL><LI><a href="#[81]">&gt;&gt;</a>&nbsp;&nbsp;&nbsp;UFCP_Send
<LI><a href="#[b8]">&gt;&gt;</a>&nbsp;&nbsp;&nbsp;UFCP_RX_IRQ_Handler
</UL>

<P><STRONG><a name="[134]"></a>FCP_Init</STRONG> (Thumb, 42 bytes, Stack size 0 bytes, frame_communication_protocol.o(i.FCP_Init))
<BR><BR>[Called By]<UL><LI><a href="#[133]">&gt;&gt;</a>&nbsp;&nbsp;&nbsp;UFCP_Init
</UL>

<P><STRONG><a name="[d6]"></a>FCP_SetClient</STRONG> (Thumb, 14 bytes, Stack size 0 bytes, frame_communication_protocol.o(i.FCP_SetClient))
<BR><BR>[Called By]<UL><LI><a href="#[d5]">&gt;&gt;</a>&nbsp;&nbsp;&nbsp;MCP_Init
</UL>

<P><STRONG><a name="[15b]"></a>HAL_ADCEx_InjectedConfigChannel</STRONG> (Thumb, 508 bytes, Stack size 4 bytes, stm32f4xx_hal_adc_ex.o(i.HAL_ADCEx_InjectedConfigChannel))
<BR><BR>[Stack]<UL><LI>Max Depth = 4<LI>Call Chain = HAL_ADCEx_InjectedConfigChannel
</UL>
<BR>[Called By]<UL><LI><a href="#[74]">&gt;&gt;</a>&nbsp;&nbsp;&nbsp;main
</UL>

<P><STRONG><a name="[15c]"></a>HAL_ADC_ConfigChannel</STRONG> (Thumb, 416 bytes, Stack size 16 bytes, stm32f4xx_hal_adc.o(i.HAL_ADC_ConfigChannel))
<BR><BR>[Stack]<UL><LI>Max Depth = 16<LI>Call Chain = HAL_ADC_ConfigChannel
</UL>
<BR>[Called By]<UL><LI><a href="#[74]">&gt;&gt;</a>&nbsp;&nbsp;&nbsp;main
</UL>

<P><STRONG><a name="[98]"></a>HAL_ADC_Init</STRONG> (Thumb, 356 bytes, Stack size 16 bytes, stm32f4xx_hal_adc.o(i.HAL_ADC_Init))
<BR><BR>[Stack]<UL><LI>Max Depth = 104<LI>Call Chain = HAL_ADC_Init &rArr; HAL_ADC_MspInit &rArr; HAL_GPIO_Init
</UL>
<BR>[Calls]<UL><LI><a href="#[99]">&gt;&gt;</a>&nbsp;&nbsp;&nbsp;HAL_ADC_MspInit
</UL>
<BR>[Called By]<UL><LI><a href="#[74]">&gt;&gt;</a>&nbsp;&nbsp;&nbsp;main
</UL>

<P><STRONG><a name="[99]"></a>HAL_ADC_MspInit</STRONG> (Thumb, 228 bytes, Stack size 48 bytes, stm32f4xx_hal_msp.o(i.HAL_ADC_MspInit))
<BR><BR>[Stack]<UL><LI>Max Depth = 88<LI>Call Chain = HAL_ADC_MspInit &rArr; HAL_GPIO_Init
</UL>
<BR>[Calls]<UL><LI><a href="#[9a]">&gt;&gt;</a>&nbsp;&nbsp;&nbsp;HAL_GPIO_Init
</UL>
<BR>[Called By]<UL><LI><a href="#[98]">&gt;&gt;</a>&nbsp;&nbsp;&nbsp;HAL_ADC_Init
</UL>

<P><STRONG><a name="[15d]"></a>HAL_DAC_ConfigChannel</STRONG> (Thumb, 78 bytes, Stack size 8 bytes, stm32f4xx_hal_dac.o(i.HAL_DAC_ConfigChannel))
<BR><BR>[Stack]<UL><LI>Max Depth = 8<LI>Call Chain = HAL_DAC_ConfigChannel
</UL>
<BR>[Called By]<UL><LI><a href="#[74]">&gt;&gt;</a>&nbsp;&nbsp;&nbsp;main
</UL>

<P><STRONG><a name="[9b]"></a>HAL_DAC_Init</STRONG> (Thumb, 40 bytes, Stack size 16 bytes, stm32f4xx_hal_dac.o(i.HAL_DAC_Init))
<BR><BR>[Stack]<UL><LI>Max Depth = 88<LI>Call Chain = HAL_DAC_Init &rArr; HAL_DAC_MspInit &rArr; HAL_GPIO_Init
</UL>
<BR>[Calls]<UL><LI><a href="#[9c]">&gt;&gt;</a>&nbsp;&nbsp;&nbsp;HAL_DAC_MspInit
</UL>
<BR>[Called By]<UL><LI><a href="#[74]">&gt;&gt;</a>&nbsp;&nbsp;&nbsp;main
</UL>

<P><STRONG><a name="[9c]"></a>HAL_DAC_MspInit</STRONG> (Thumb, 88 bytes, Stack size 32 bytes, stm32f4xx_hal_msp.o(i.HAL_DAC_MspInit))
<BR><BR>[Stack]<UL><LI>Max Depth = 72<LI>Call Chain = HAL_DAC_MspInit &rArr; HAL_GPIO_Init
</UL>
<BR>[Calls]<UL><LI><a href="#[9a]">&gt;&gt;</a>&nbsp;&nbsp;&nbsp;HAL_GPIO_Init
</UL>
<BR>[Called By]<UL><LI><a href="#[9b]">&gt;&gt;</a>&nbsp;&nbsp;&nbsp;HAL_DAC_Init
</UL>

<P><STRONG><a name="[9a]"></a>HAL_GPIO_Init</STRONG> (Thumb, 546 bytes, Stack size 40 bytes, stm32f4xx_hal_gpio.o(i.HAL_GPIO_Init))
<BR><BR>[Stack]<UL><LI>Max Depth = 40<LI>Call Chain = HAL_GPIO_Init
</UL>
<BR>[Called By]<UL><LI><a href="#[10e]">&gt;&gt;</a>&nbsp;&nbsp;&nbsp;OLED_Init
<LI><a href="#[ac]">&gt;&gt;</a>&nbsp;&nbsp;&nbsp;HAL_TIM_MspPostInit
<LI><a href="#[74]">&gt;&gt;</a>&nbsp;&nbsp;&nbsp;main
<LI><a href="#[b2]">&gt;&gt;</a>&nbsp;&nbsp;&nbsp;HAL_UART_MspInit
<LI><a href="#[9c]">&gt;&gt;</a>&nbsp;&nbsp;&nbsp;HAL_DAC_MspInit
<LI><a href="#[99]">&gt;&gt;</a>&nbsp;&nbsp;&nbsp;HAL_ADC_MspInit
</UL>

<P><STRONG><a name="[bb]"></a>HAL_GPIO_ReadPin</STRONG> (Thumb, 10 bytes, Stack size 0 bytes, stm32f4xx_hal_gpio.o(i.HAL_GPIO_ReadPin))
<BR><BR>[Called By]<UL><LI><a href="#[ba]">&gt;&gt;</a>&nbsp;&nbsp;&nbsp;KEYS_Process
</UL>

<P><STRONG><a name="[10f]"></a>HAL_GPIO_WritePin</STRONG> (Thumb, 10 bytes, Stack size 0 bytes, stm32f4xx_hal_gpio.o(i.HAL_GPIO_WritePin))
<BR><BR>[Called By]<UL><LI><a href="#[10e]">&gt;&gt;</a>&nbsp;&nbsp;&nbsp;OLED_Init
<LI><a href="#[111]">&gt;&gt;</a>&nbsp;&nbsp;&nbsp;OLED_WR_Byte2
<LI><a href="#[110]">&gt;&gt;</a>&nbsp;&nbsp;&nbsp;OLED_WR_Byte
</UL>

<P><STRONG><a name="[a4]"></a>HAL_GetTick</STRONG> (Thumb, 6 bytes, Stack size 0 bytes, stm32f4xx_hal.o(i.HAL_GetTick))
<BR><BR>[Called By]<UL><LI><a href="#[a6]">&gt;&gt;</a>&nbsp;&nbsp;&nbsp;HAL_RCC_OscConfig
<LI><a href="#[a3]">&gt;&gt;</a>&nbsp;&nbsp;&nbsp;HAL_RCC_ClockConfig
</UL>

<P><STRONG><a name="[122]"></a>HAL_IncTick</STRONG> (Thumb, 12 bytes, Stack size 0 bytes, stm32f4xx_hal.o(i.HAL_IncTick))
<BR><BR>[Called By]<UL><LI><a href="#[22]">&gt;&gt;</a>&nbsp;&nbsp;&nbsp;SysTick_Handler
</UL>

<P><STRONG><a name="[9d]"></a>HAL_Init</STRONG> (Thumb, 48 bytes, Stack size 8 bytes, stm32f4xx_hal.o(i.HAL_Init))
<BR><BR>[Stack]<UL><LI>Max Depth = 28<LI>Call Chain = HAL_Init &rArr; HAL_InitTick &rArr; HAL_NVIC_SetPriority
</UL>
<BR>[Calls]<UL><LI><a href="#[9e]">&gt;&gt;</a>&nbsp;&nbsp;&nbsp;HAL_NVIC_SetPriorityGrouping
<LI><a href="#[a0]">&gt;&gt;</a>&nbsp;&nbsp;&nbsp;HAL_MspInit
<LI><a href="#[9f]">&gt;&gt;</a>&nbsp;&nbsp;&nbsp;HAL_InitTick
</UL>
<BR>[Called By]<UL><LI><a href="#[74]">&gt;&gt;</a>&nbsp;&nbsp;&nbsp;main
</UL>

<P><STRONG><a name="[9f]"></a>HAL_InitTick</STRONG> (Thumb, 54 bytes, Stack size 16 bytes, stm32f4xx_hal.o(i.HAL_InitTick))
<BR><BR>[Stack]<UL><LI>Max Depth = 20<LI>Call Chain = HAL_InitTick &rArr; HAL_NVIC_SetPriority
</UL>
<BR>[Calls]<UL><LI><a href="#[a1]">&gt;&gt;</a>&nbsp;&nbsp;&nbsp;HAL_SYSTICK_Config
<LI><a href="#[a2]">&gt;&gt;</a>&nbsp;&nbsp;&nbsp;HAL_NVIC_SetPriority
</UL>
<BR>[Called By]<UL><LI><a href="#[a3]">&gt;&gt;</a>&nbsp;&nbsp;&nbsp;HAL_RCC_ClockConfig
<LI><a href="#[9d]">&gt;&gt;</a>&nbsp;&nbsp;&nbsp;HAL_Init
</UL>

<P><STRONG><a name="[a0]"></a>HAL_MspInit</STRONG> (Thumb, 46 bytes, Stack size 8 bytes, stm32f4xx_hal_msp.o(i.HAL_MspInit))
<BR><BR>[Stack]<UL><LI>Max Depth = 8<LI>Call Chain = HAL_MspInit
</UL>
<BR>[Calls]<UL><LI><a href="#[9e]">&gt;&gt;</a>&nbsp;&nbsp;&nbsp;HAL_NVIC_SetPriorityGrouping
</UL>
<BR>[Called By]<UL><LI><a href="#[9d]">&gt;&gt;</a>&nbsp;&nbsp;&nbsp;HAL_Init
</UL>

<P><STRONG><a name="[161]"></a>HAL_NVIC_EnableIRQ</STRONG> (Thumb, 24 bytes, Stack size 0 bytes, stm32f4xx_hal_cortex.o(i.HAL_NVIC_EnableIRQ))
<BR><BR>[Called By]<UL><LI><a href="#[74]">&gt;&gt;</a>&nbsp;&nbsp;&nbsp;main
</UL>

<P><STRONG><a name="[a2]"></a>HAL_NVIC_SetPriority</STRONG> (Thumb, 96 bytes, Stack size 4 bytes, stm32f4xx_hal_cortex.o(i.HAL_NVIC_SetPriority))
<BR><BR>[Stack]<UL><LI>Max Depth = 4<LI>Call Chain = HAL_NVIC_SetPriority
</UL>
<BR>[Called By]<UL><LI><a href="#[74]">&gt;&gt;</a>&nbsp;&nbsp;&nbsp;main
<LI><a href="#[9f]">&gt;&gt;</a>&nbsp;&nbsp;&nbsp;HAL_InitTick
</UL>

<P><STRONG><a name="[9e]"></a>HAL_NVIC_SetPriorityGrouping</STRONG> (Thumb, 30 bytes, Stack size 0 bytes, stm32f4xx_hal_cortex.o(i.HAL_NVIC_SetPriorityGrouping))
<BR><BR>[Called By]<UL><LI><a href="#[9d]">&gt;&gt;</a>&nbsp;&nbsp;&nbsp;HAL_Init
<LI><a href="#[a0]">&gt;&gt;</a>&nbsp;&nbsp;&nbsp;HAL_MspInit
</UL>

<P><STRONG><a name="[a3]"></a>HAL_RCC_ClockConfig</STRONG> (Thumb, 322 bytes, Stack size 32 bytes, stm32f4xx_hal_rcc.o(i.HAL_RCC_ClockConfig))
<BR><BR>[Stack]<UL><LI>Max Depth = 80<LI>Call Chain = HAL_RCC_ClockConfig &rArr; HAL_RCC_GetSysClockFreq &rArr; __aeabi_uldivmod
</UL>
<BR>[Calls]<UL><LI><a href="#[a4]">&gt;&gt;</a>&nbsp;&nbsp;&nbsp;HAL_GetTick
<LI><a href="#[a5]">&gt;&gt;</a>&nbsp;&nbsp;&nbsp;HAL_RCC_GetSysClockFreq
<LI><a href="#[9f]">&gt;&gt;</a>&nbsp;&nbsp;&nbsp;HAL_InitTick
</UL>
<BR>[Called By]<UL><LI><a href="#[123]">&gt;&gt;</a>&nbsp;&nbsp;&nbsp;SystemClock_Config
</UL>

<P><STRONG><a name="[124]"></a>HAL_RCC_EnableCSS</STRONG> (Thumb, 8 bytes, Stack size 0 bytes, stm32f4xx_hal_rcc.o(i.HAL_RCC_EnableCSS))
<BR><BR>[Called By]<UL><LI><a href="#[123]">&gt;&gt;</a>&nbsp;&nbsp;&nbsp;SystemClock_Config
</UL>

<P><STRONG><a name="[109]"></a>HAL_RCC_GetHCLKFreq</STRONG> (Thumb, 6 bytes, Stack size 0 bytes, stm32f4xx_hal_rcc.o(i.HAL_RCC_GetHCLKFreq))
<BR><BR>[Called By]<UL><LI><a href="#[108]">&gt;&gt;</a>&nbsp;&nbsp;&nbsp;MX_MotorControl_Init
</UL>

<P><STRONG><a name="[132]"></a>HAL_RCC_GetPCLK1Freq</STRONG> (Thumb, 20 bytes, Stack size 0 bytes, stm32f4xx_hal_rcc.o(i.HAL_RCC_GetPCLK1Freq))
<BR><BR>[Called By]<UL><LI><a href="#[b3]">&gt;&gt;</a>&nbsp;&nbsp;&nbsp;UART_SetConfig
</UL>

<P><STRONG><a name="[131]"></a>HAL_RCC_GetPCLK2Freq</STRONG> (Thumb, 20 bytes, Stack size 0 bytes, stm32f4xx_hal_rcc.o(i.HAL_RCC_GetPCLK2Freq))
<BR><BR>[Called By]<UL><LI><a href="#[b3]">&gt;&gt;</a>&nbsp;&nbsp;&nbsp;UART_SetConfig
</UL>

<P><STRONG><a name="[a5]"></a>HAL_RCC_GetSysClockFreq</STRONG> (Thumb, 98 bytes, Stack size 8 bytes, stm32f4xx_hal_rcc.o(i.HAL_RCC_GetSysClockFreq))
<BR><BR>[Stack]<UL><LI>Max Depth = 48<LI>Call Chain = HAL_RCC_GetSysClockFreq &rArr; __aeabi_uldivmod
</UL>
<BR>[Calls]<UL><LI><a href="#[84]">&gt;&gt;</a>&nbsp;&nbsp;&nbsp;__aeabi_uldivmod
</UL>
<BR>[Called By]<UL><LI><a href="#[a3]">&gt;&gt;</a>&nbsp;&nbsp;&nbsp;HAL_RCC_ClockConfig
</UL>

<P><STRONG><a name="[a6]"></a>HAL_RCC_OscConfig</STRONG> (Thumb, 888 bytes, Stack size 40 bytes, stm32f4xx_hal_rcc.o(i.HAL_RCC_OscConfig))
<BR><BR>[Stack]<UL><LI>Max Depth = 40<LI>Call Chain = HAL_RCC_OscConfig
</UL>
<BR>[Calls]<UL><LI><a href="#[a4]">&gt;&gt;</a>&nbsp;&nbsp;&nbsp;HAL_GetTick
</UL>
<BR>[Called By]<UL><LI><a href="#[123]">&gt;&gt;</a>&nbsp;&nbsp;&nbsp;SystemClock_Config
</UL>

<P><STRONG><a name="[a8]"></a>HAL_SYSTICK_Callback</STRONG> (Thumb, 2 bytes, Stack size 0 bytes, stm32f4xx_hal_cortex.o(i.HAL_SYSTICK_Callback))
<BR><BR>[Called By]<UL><LI><a href="#[a7]">&gt;&gt;</a>&nbsp;&nbsp;&nbsp;HAL_SYSTICK_IRQHandler
</UL>

<P><STRONG><a name="[a1]"></a>HAL_SYSTICK_Config</STRONG> (Thumb, 38 bytes, Stack size 0 bytes, stm32f4xx_hal_cortex.o(i.HAL_SYSTICK_Config))
<BR><BR>[Called By]<UL><LI><a href="#[108]">&gt;&gt;</a>&nbsp;&nbsp;&nbsp;MX_MotorControl_Init
<LI><a href="#[9f]">&gt;&gt;</a>&nbsp;&nbsp;&nbsp;HAL_InitTick
</UL>

<P><STRONG><a name="[a7]"></a>HAL_SYSTICK_IRQHandler</STRONG> (Thumb, 8 bytes, Stack size 8 bytes, stm32f4xx_hal_cortex.o(i.HAL_SYSTICK_IRQHandler))
<BR><BR>[Stack]<UL><LI>Max Depth = 8<LI>Call Chain = HAL_SYSTICK_IRQHandler
</UL>
<BR>[Calls]<UL><LI><a href="#[a8]">&gt;&gt;</a>&nbsp;&nbsp;&nbsp;HAL_SYSTICK_Callback
</UL>
<BR>[Called By]<UL><LI><a href="#[22]">&gt;&gt;</a>&nbsp;&nbsp;&nbsp;SysTick_Handler
</UL>

<P><STRONG><a name="[160]"></a>HAL_TIMEx_ConfigBreakDeadTime</STRONG> (Thumb, 88 bytes, Stack size 0 bytes, stm32f4xx_hal_tim_ex.o(i.HAL_TIMEx_ConfigBreakDeadTime))
<BR><BR>[Called By]<UL><LI><a href="#[74]">&gt;&gt;</a>&nbsp;&nbsp;&nbsp;main
</UL>

<P><STRONG><a name="[15e]"></a>HAL_TIMEx_MasterConfigSynchronization</STRONG> (Thumb, 100 bytes, Stack size 4 bytes, stm32f4xx_hal_tim_ex.o(i.HAL_TIMEx_MasterConfigSynchronization))
<BR><BR>[Stack]<UL><LI>Max Depth = 4<LI>Call Chain = HAL_TIMEx_MasterConfigSynchronization
</UL>
<BR>[Called By]<UL><LI><a href="#[74]">&gt;&gt;</a>&nbsp;&nbsp;&nbsp;main
</UL>

<P><STRONG><a name="[a9]"></a>HAL_TIM_Base_Init</STRONG> (Thumb, 54 bytes, Stack size 8 bytes, stm32f4xx_hal_tim.o(i.HAL_TIM_Base_Init))
<BR><BR>[Stack]<UL><LI>Max Depth = 24<LI>Call Chain = HAL_TIM_Base_Init &rArr; TIM_Base_SetConfig
</UL>
<BR>[Calls]<UL><LI><a href="#[aa]">&gt;&gt;</a>&nbsp;&nbsp;&nbsp;HAL_TIM_Base_MspInit
<LI><a href="#[ab]">&gt;&gt;</a>&nbsp;&nbsp;&nbsp;TIM_Base_SetConfig
</UL>
<BR>[Called By]<UL><LI><a href="#[74]">&gt;&gt;</a>&nbsp;&nbsp;&nbsp;main
</UL>

<P><STRONG><a name="[aa]"></a>HAL_TIM_Base_MspInit</STRONG> (Thumb, 40 bytes, Stack size 4 bytes, stm32f4xx_hal_msp.o(i.HAL_TIM_Base_MspInit))
<BR><BR>[Stack]<UL><LI>Max Depth = 4<LI>Call Chain = HAL_TIM_Base_MspInit
</UL>
<BR>[Called By]<UL><LI><a href="#[a9]">&gt;&gt;</a>&nbsp;&nbsp;&nbsp;HAL_TIM_Base_Init
</UL>

<P><STRONG><a name="[ac]"></a>HAL_TIM_MspPostInit</STRONG> (Thumb, 118 bytes, Stack size 40 bytes, stm32f4xx_hal_msp.o(i.HAL_TIM_MspPostInit))
<BR><BR>[Stack]<UL><LI>Max Depth = 80<LI>Call Chain = HAL_TIM_MspPostInit &rArr; HAL_GPIO_Init
</UL>
<BR>[Calls]<UL><LI><a href="#[9a]">&gt;&gt;</a>&nbsp;&nbsp;&nbsp;HAL_GPIO_Init
</UL>
<BR>[Called By]<UL><LI><a href="#[74]">&gt;&gt;</a>&nbsp;&nbsp;&nbsp;main
</UL>

<P><STRONG><a name="[15f]"></a>HAL_TIM_PWM_ConfigChannel</STRONG> (Thumb, 554 bytes, Stack size 20 bytes, stm32f4xx_hal_tim.o(i.HAL_TIM_PWM_ConfigChannel))
<BR><BR>[Stack]<UL><LI>Max Depth = 20<LI>Call Chain = HAL_TIM_PWM_ConfigChannel
</UL>
<BR>[Called By]<UL><LI><a href="#[74]">&gt;&gt;</a>&nbsp;&nbsp;&nbsp;main
</UL>

<P><STRONG><a name="[ad]"></a>HAL_TIM_PWM_Init</STRONG> (Thumb, 54 bytes, Stack size 8 bytes, stm32f4xx_hal_tim.o(i.HAL_TIM_PWM_Init))
<BR><BR>[Stack]<UL><LI>Max Depth = 24<LI>Call Chain = HAL_TIM_PWM_Init &rArr; TIM_Base_SetConfig
</UL>
<BR>[Calls]<UL><LI><a href="#[ae]">&gt;&gt;</a>&nbsp;&nbsp;&nbsp;HAL_TIM_PWM_MspInit
<LI><a href="#[ab]">&gt;&gt;</a>&nbsp;&nbsp;&nbsp;TIM_Base_SetConfig
</UL>
<BR>[Called By]<UL><LI><a href="#[74]">&gt;&gt;</a>&nbsp;&nbsp;&nbsp;main
</UL>

<P><STRONG><a name="[ae]"></a>HAL_TIM_PWM_MspInit</STRONG> (Thumb, 2 bytes, Stack size 0 bytes, stm32f4xx_hal_tim.o(i.HAL_TIM_PWM_MspInit))
<BR><BR>[Called By]<UL><LI><a href="#[ad]">&gt;&gt;</a>&nbsp;&nbsp;&nbsp;HAL_TIM_PWM_Init
</UL>

<P><STRONG><a name="[af]"></a>HAL_TIM_SlaveConfigSynchronization</STRONG> (Thumb, 66 bytes, Stack size 16 bytes, stm32f4xx_hal_tim.o(i.HAL_TIM_SlaveConfigSynchronization))
<BR><BR>[Stack]<UL><LI>Max Depth = 16<LI>Call Chain = HAL_TIM_SlaveConfigSynchronization
</UL>
<BR>[Calls]<UL><LI><a href="#[b0]">&gt;&gt;</a>&nbsp;&nbsp;&nbsp;TIM_SlaveTimer_SetConfig
</UL>
<BR>[Called By]<UL><LI><a href="#[74]">&gt;&gt;</a>&nbsp;&nbsp;&nbsp;main
</UL>

<P><STRONG><a name="[b1]"></a>HAL_UART_Init</STRONG> (Thumb, 98 bytes, Stack size 16 bytes, stm32f4xx_hal_uart.o(i.HAL_UART_Init))
<BR><BR>[Stack]<UL><LI>Max Depth = 88<LI>Call Chain = HAL_UART_Init &rArr; HAL_UART_MspInit &rArr; HAL_GPIO_Init
</UL>
<BR>[Calls]<UL><LI><a href="#[b2]">&gt;&gt;</a>&nbsp;&nbsp;&nbsp;HAL_UART_MspInit
<LI><a href="#[b3]">&gt;&gt;</a>&nbsp;&nbsp;&nbsp;UART_SetConfig
</UL>
<BR>[Called By]<UL><LI><a href="#[74]">&gt;&gt;</a>&nbsp;&nbsp;&nbsp;main
</UL>

<P><STRONG><a name="[b2]"></a>HAL_UART_MspInit</STRONG> (Thumb, 92 bytes, Stack size 32 bytes, stm32f4xx_hal_msp.o(i.HAL_UART_MspInit))
<BR><BR>[Stack]<UL><LI>Max Depth = 72<LI>Call Chain = HAL_UART_MspInit &rArr; HAL_GPIO_Init
</UL>
<BR>[Calls]<UL><LI><a href="#[9a]">&gt;&gt;</a>&nbsp;&nbsp;&nbsp;HAL_GPIO_Init
</UL>
<BR>[Called By]<UL><LI><a href="#[b1]">&gt;&gt;</a>&nbsp;&nbsp;&nbsp;HAL_UART_Init
</UL>

<P><STRONG><a name="[1b]"></a>HardFault_Handler</STRONG> (Thumb, 104 bytes, Stack size 8 bytes, stm32f4xx_mc_it.o(i.HardFault_Handler))
<BR><BR>[Stack]<UL><LI>Max Depth = 32<LI>Call Chain = HardFault_Handler &rArr; UFCP_RX_IRQ_Handler &rArr; UFCP_Send
</UL>
<BR>[Calls]<UL><LI><a href="#[b6]">&gt;&gt;</a>&nbsp;&nbsp;&nbsp;UI_SerialCommunicationTimeOutStop
<LI><a href="#[b9]">&gt;&gt;</a>&nbsp;&nbsp;&nbsp;UI_SerialCommunicationTimeOutStart
<LI><a href="#[b7]">&gt;&gt;</a>&nbsp;&nbsp;&nbsp;UFCP_TX_IRQ_Handler
<LI><a href="#[b8]">&gt;&gt;</a>&nbsp;&nbsp;&nbsp;UFCP_RX_IRQ_Handler
<LI><a href="#[b5]">&gt;&gt;</a>&nbsp;&nbsp;&nbsp;UFCP_OVR_IRQ_Handler
<LI><a href="#[b4]">&gt;&gt;</a>&nbsp;&nbsp;&nbsp;TSK_HardwareFaultTask
</UL>
<BR>[Address Reference Count : 1]<UL><LI> startup_stm32f407xx.o(RESET)
</UL>
<P><STRONG><a name="[ba]"></a>KEYS_Process</STRONG> (Thumb, 356 bytes, Stack size 24 bytes, main.o(i.KEYS_Process))
<BR><BR>[Stack]<UL><LI>Max Depth = 32<LI>Call Chain = KEYS_Process &rArr; MC_StartMotor1 &rArr; MCI_StartMotor
</UL>
<BR>[Calls]<UL><LI><a href="#[be]">&gt;&gt;</a>&nbsp;&nbsp;&nbsp;MC_StopMotor1
<LI><a href="#[bd]">&gt;&gt;</a>&nbsp;&nbsp;&nbsp;MC_StartMotor1
<LI><a href="#[c0]">&gt;&gt;</a>&nbsp;&nbsp;&nbsp;MCI_StopMotor
<LI><a href="#[bc]">&gt;&gt;</a>&nbsp;&nbsp;&nbsp;MCI_GetSTMState
<LI><a href="#[91]">&gt;&gt;</a>&nbsp;&nbsp;&nbsp;MCI_GetLastRampFinalSpeed
<LI><a href="#[bf]">&gt;&gt;</a>&nbsp;&nbsp;&nbsp;MCI_ExecSpeedRamp
<LI><a href="#[bb]">&gt;&gt;</a>&nbsp;&nbsp;&nbsp;HAL_GPIO_ReadPin
</UL>
<BR>[Called By]<UL><LI><a href="#[74]">&gt;&gt;</a>&nbsp;&nbsp;&nbsp;main
</UL>

<P><STRONG><a name="[c1]"></a>MCI_Clear_Iqdref</STRONG> (Thumb, 16 bytes, Stack size 8 bytes, mc_interface.o(i.MCI_Clear_Iqdref))
<BR><BR>[Stack]<UL><LI>Max Depth = 8<LI>Call Chain = MCI_Clear_Iqdref
</UL>
<BR>[Calls]<UL><LI><a href="#[c2]">&gt;&gt;</a>&nbsp;&nbsp;&nbsp;STC_GetDefaultIqdref
</UL>
<BR>[Called By]<UL><LI><a href="#[da]">&gt;&gt;</a>&nbsp;&nbsp;&nbsp;UI_ExecCmd
</UL>

<P><STRONG><a name="[c3]"></a>MCI_EncoderAlign</STRONG> (Thumb, 8 bytes, Stack size 0 bytes, mc_interface.o(i.MCI_EncoderAlign))
<BR><BR>[Calls]<UL><LI><a href="#[c4]">&gt;&gt;</a>&nbsp;&nbsp;&nbsp;STM_NextState
</UL>
<BR>[Called By]<UL><LI><a href="#[da]">&gt;&gt;</a>&nbsp;&nbsp;&nbsp;UI_ExecCmd
</UL>

<P><STRONG><a name="[c5]"></a>MCI_ExecBufferedCommands</STRONG> (Thumb, 120 bytes, Stack size 8 bytes, mc_interface.o(i.MCI_ExecBufferedCommands))
<BR><BR>[Stack]<UL><LI>Max Depth = 16<LI>Call Chain = MCI_ExecBufferedCommands &rArr; STC_ExecRamp
</UL>
<BR>[Calls]<UL><LI><a href="#[c6]">&gt;&gt;</a>&nbsp;&nbsp;&nbsp;STC_SetControlMode
<LI><a href="#[c7]">&gt;&gt;</a>&nbsp;&nbsp;&nbsp;STC_ExecRamp
</UL>
<BR>[Called By]<UL><LI><a href="#[e1]">&gt;&gt;</a>&nbsp;&nbsp;&nbsp;MC_Scheduler
</UL>

<P><STRONG><a name="[bf]"></a>MCI_ExecSpeedRamp</STRONG> (Thumb, 14 bytes, Stack size 0 bytes, mc_interface.o(i.MCI_ExecSpeedRamp))
<BR><BR>[Called By]<UL><LI><a href="#[fb]">&gt;&gt;</a>&nbsp;&nbsp;&nbsp;MCboot
<LI><a href="#[ba]">&gt;&gt;</a>&nbsp;&nbsp;&nbsp;KEYS_Process
<LI><a href="#[d7]">&gt;&gt;</a>&nbsp;&nbsp;&nbsp;UI_SetReg
<LI><a href="#[db]">&gt;&gt;</a>&nbsp;&nbsp;&nbsp;UI_ExecSpeedRamp
</UL>

<P><STRONG><a name="[152]"></a>MCI_ExecTorqueRamp</STRONG> (Thumb, 18 bytes, Stack size 0 bytes, mc_interface.o(i.MCI_ExecTorqueRamp))
<BR><BR>[Called By]<UL><LI><a href="#[d7]">&gt;&gt;</a>&nbsp;&nbsp;&nbsp;UI_SetReg
</UL>

<P><STRONG><a name="[c8]"></a>MCI_FaultAcknowledged</STRONG> (Thumb, 6 bytes, Stack size 0 bytes, mc_interface.o(i.MCI_FaultAcknowledged))
<BR><BR>[Calls]<UL><LI><a href="#[c9]">&gt;&gt;</a>&nbsp;&nbsp;&nbsp;STM_FaultAcknowledged
</UL>
<BR>[Called By]<UL><LI><a href="#[da]">&gt;&gt;</a>&nbsp;&nbsp;&nbsp;UI_ExecCmd
</UL>

<P><STRONG><a name="[93]"></a>MCI_GetAvrgMecSpeed01Hz</STRONG> (Thumb, 16 bytes, Stack size 8 bytes, mc_interface.o(i.MCI_GetAvrgMecSpeed01Hz))
<BR><BR>[Stack]<UL><LI>Max Depth = 8<LI>Call Chain = MCI_GetAvrgMecSpeed01Hz
</UL>
<BR>[Calls]<UL><LI><a href="#[ca]">&gt;&gt;</a>&nbsp;&nbsp;&nbsp;STC_GetSpeedSensor
<LI><a href="#[cb]">&gt;&gt;</a>&nbsp;&nbsp;&nbsp;SPD_GetAvrgMecSpeed01Hz
</UL>
<BR>[Called By]<UL><LI><a href="#[8e]">&gt;&gt;</a>&nbsp;&nbsp;&nbsp;Display_OLED
<LI><a href="#[8d]">&gt;&gt;</a>&nbsp;&nbsp;&nbsp;UI_GetReg
</UL>

<P><STRONG><a name="[139]"></a>MCI_GetControlMode</STRONG> (Thumb, 4 bytes, Stack size 0 bytes, mc_interface.o(i.MCI_GetControlMode))
<BR><BR>[Called By]<UL><LI><a href="#[8d]">&gt;&gt;</a>&nbsp;&nbsp;&nbsp;UI_GetReg
</UL>

<P><STRONG><a name="[142]"></a>MCI_GetIab</STRONG> (Thumb, 6 bytes, Stack size 0 bytes, mc_interface.o(i.MCI_GetIab))
<BR><BR>[Called By]<UL><LI><a href="#[8d]">&gt;&gt;</a>&nbsp;&nbsp;&nbsp;UI_GetReg
</UL>

<P><STRONG><a name="[143]"></a>MCI_GetIalphabeta</STRONG> (Thumb, 6 bytes, Stack size 0 bytes, mc_interface.o(i.MCI_GetIalphabeta))
<BR><BR>[Called By]<UL><LI><a href="#[8d]">&gt;&gt;</a>&nbsp;&nbsp;&nbsp;UI_GetReg
</UL>

<P><STRONG><a name="[ec]"></a>MCI_GetImposedMotorDirection</STRONG> (Thumb, 54 bytes, Stack size 0 bytes, mc_interface.o(i.MCI_GetImposedMotorDirection))
<BR><BR>[Called By]<UL><LI><a href="#[e1]">&gt;&gt;</a>&nbsp;&nbsp;&nbsp;MC_Scheduler
</UL>

<P><STRONG><a name="[140]"></a>MCI_GetIqd</STRONG> (Thumb, 6 bytes, Stack size 0 bytes, mc_interface.o(i.MCI_GetIqd))
<BR><BR>[Called By]<UL><LI><a href="#[8d]">&gt;&gt;</a>&nbsp;&nbsp;&nbsp;UI_GetReg
</UL>

<P><STRONG><a name="[13c]"></a>MCI_GetIqdref</STRONG> (Thumb, 6 bytes, Stack size 0 bytes, mc_interface.o(i.MCI_GetIqdref))
<BR><BR>[Called By]<UL><LI><a href="#[d7]">&gt;&gt;</a>&nbsp;&nbsp;&nbsp;UI_SetReg
<LI><a href="#[8d]">&gt;&gt;</a>&nbsp;&nbsp;&nbsp;UI_GetReg
</UL>

<P><STRONG><a name="[91]"></a>MCI_GetLastRampFinalSpeed</STRONG> (Thumb, 16 bytes, Stack size 0 bytes, mc_interface.o(i.MCI_GetLastRampFinalSpeed))
<BR><BR>[Called By]<UL><LI><a href="#[ba]">&gt;&gt;</a>&nbsp;&nbsp;&nbsp;KEYS_Process
<LI><a href="#[8e]">&gt;&gt;</a>&nbsp;&nbsp;&nbsp;Display_OLED
<LI><a href="#[8d]">&gt;&gt;</a>&nbsp;&nbsp;&nbsp;UI_GetReg
</UL>

<P><STRONG><a name="[cc]"></a>MCI_GetMecSpeedRef01Hz</STRONG> (Thumb, 6 bytes, Stack size 0 bytes, mc_interface.o(i.MCI_GetMecSpeedRef01Hz))
<BR><BR>[Calls]<UL><LI><a href="#[cd]">&gt;&gt;</a>&nbsp;&nbsp;&nbsp;STC_GetMecSpeedRef01Hz
</UL>
<BR>[Called By]<UL><LI><a href="#[d7]">&gt;&gt;</a>&nbsp;&nbsp;&nbsp;UI_SetReg
<LI><a href="#[8d]">&gt;&gt;</a>&nbsp;&nbsp;&nbsp;UI_GetReg
</UL>

<P><STRONG><a name="[bc]"></a>MCI_GetSTMState</STRONG> (Thumb, 6 bytes, Stack size 0 bytes, mc_interface.o(i.MCI_GetSTMState))
<BR><BR>[Calls]<UL><LI><a href="#[ce]">&gt;&gt;</a>&nbsp;&nbsp;&nbsp;STM_GetState
</UL>
<BR>[Called By]<UL><LI><a href="#[ba]">&gt;&gt;</a>&nbsp;&nbsp;&nbsp;KEYS_Process
<LI><a href="#[da]">&gt;&gt;</a>&nbsp;&nbsp;&nbsp;UI_ExecCmd
</UL>

<P><STRONG><a name="[151]"></a>MCI_GetTeref</STRONG> (Thumb, 8 bytes, Stack size 0 bytes, mc_interface.o(i.MCI_GetTeref))
<BR><BR>[Called By]<UL><LI><a href="#[d7]">&gt;&gt;</a>&nbsp;&nbsp;&nbsp;UI_SetReg
</UL>

<P><STRONG><a name="[145]"></a>MCI_GetValphabeta</STRONG> (Thumb, 8 bytes, Stack size 0 bytes, mc_interface.o(i.MCI_GetValphabeta))
<BR><BR>[Called By]<UL><LI><a href="#[8d]">&gt;&gt;</a>&nbsp;&nbsp;&nbsp;UI_GetReg
</UL>

<P><STRONG><a name="[144]"></a>MCI_GetVqd</STRONG> (Thumb, 8 bytes, Stack size 0 bytes, mc_interface.o(i.MCI_GetVqd))
<BR><BR>[Called By]<UL><LI><a href="#[8d]">&gt;&gt;</a>&nbsp;&nbsp;&nbsp;UI_GetReg
</UL>

<P><STRONG><a name="[106]"></a>MCI_Init</STRONG> (Thumb, 20 bytes, Stack size 0 bytes, mc_interface.o(i.MCI_Init))
<BR><BR>[Called By]<UL><LI><a href="#[fb]">&gt;&gt;</a>&nbsp;&nbsp;&nbsp;MCboot
</UL>

<P><STRONG><a name="[150]"></a>MCI_SetCurrentReferences</STRONG> (Thumb, 20 bytes, Stack size 0 bytes, mc_interface.o(i.MCI_SetCurrentReferences))
<BR><BR>[Called By]<UL><LI><a href="#[d7]">&gt;&gt;</a>&nbsp;&nbsp;&nbsp;UI_SetReg
<LI><a href="#[de]">&gt;&gt;</a>&nbsp;&nbsp;&nbsp;UI_SetCurrentReferences
</UL>

<P><STRONG><a name="[155]"></a>MCI_SetIdref</STRONG> (Thumb, 10 bytes, Stack size 0 bytes, mc_interface.o(i.MCI_SetIdref))
<BR><BR>[Called By]<UL><LI><a href="#[d7]">&gt;&gt;</a>&nbsp;&nbsp;&nbsp;UI_SetReg
</UL>

<P><STRONG><a name="[cf]"></a>MCI_StartMotor</STRONG> (Thumb, 22 bytes, Stack size 8 bytes, mc_interface.o(i.MCI_StartMotor))
<BR><BR>[Stack]<UL><LI>Max Depth = 8<LI>Call Chain = MCI_StartMotor
</UL>
<BR>[Calls]<UL><LI><a href="#[c4]">&gt;&gt;</a>&nbsp;&nbsp;&nbsp;STM_NextState
</UL>
<BR>[Called By]<UL><LI><a href="#[bd]">&gt;&gt;</a>&nbsp;&nbsp;&nbsp;MC_StartMotor1
<LI><a href="#[da]">&gt;&gt;</a>&nbsp;&nbsp;&nbsp;UI_ExecCmd
</UL>

<P><STRONG><a name="[c0]"></a>MCI_StopMotor</STRONG> (Thumb, 8 bytes, Stack size 0 bytes, mc_interface.o(i.MCI_StopMotor))
<BR><BR>[Calls]<UL><LI><a href="#[c4]">&gt;&gt;</a>&nbsp;&nbsp;&nbsp;STM_NextState
</UL>
<BR>[Called By]<UL><LI><a href="#[be]">&gt;&gt;</a>&nbsp;&nbsp;&nbsp;MC_StopMotor1
<LI><a href="#[ba]">&gt;&gt;</a>&nbsp;&nbsp;&nbsp;KEYS_Process
<LI><a href="#[da]">&gt;&gt;</a>&nbsp;&nbsp;&nbsp;UI_ExecCmd
</UL>

<P><STRONG><a name="[d0]"></a>MCI_StopSpeedRamp</STRONG> (Thumb, 6 bytes, Stack size 0 bytes, mc_interface.o(i.MCI_StopSpeedRamp))
<BR><BR>[Calls]<UL><LI><a href="#[d1]">&gt;&gt;</a>&nbsp;&nbsp;&nbsp;STC_StopSpeedRamp
</UL>
<BR>[Called By]<UL><LI><a href="#[da]">&gt;&gt;</a>&nbsp;&nbsp;&nbsp;UI_ExecCmd
</UL>

<P><STRONG><a name="[12a]"></a>MCM_Clarke</STRONG> (Thumb, 72 bytes, Stack size 0 bytes, mc_math.o(i.MCM_Clarke))
<BR><BR>[Called By]<UL><LI><a href="#[8b]">&gt;&gt;</a>&nbsp;&nbsp;&nbsp;TSK_HighFrequencyTask
</UL>

<P><STRONG><a name="[d2]"></a>MCM_Park</STRONG> (Thumb, 122 bytes, Stack size 16 bytes, mc_math.o(i.MCM_Park))
<BR><BR>[Stack]<UL><LI>Max Depth = 16<LI>Call Chain = MCM_Park
</UL>
<BR>[Calls]<UL><LI><a href="#[d3]">&gt;&gt;</a>&nbsp;&nbsp;&nbsp;MCM_Trig_Functions
</UL>
<BR>[Called By]<UL><LI><a href="#[8b]">&gt;&gt;</a>&nbsp;&nbsp;&nbsp;TSK_HighFrequencyTask
<LI><a href="#[e1]">&gt;&gt;</a>&nbsp;&nbsp;&nbsp;MC_Scheduler
</UL>

<P><STRONG><a name="[d4]"></a>MCM_Rev_Park</STRONG> (Thumb, 54 bytes, Stack size 8 bytes, mc_math.o(i.MCM_Rev_Park))
<BR><BR>[Stack]<UL><LI>Max Depth = 8<LI>Call Chain = MCM_Rev_Park
</UL>
<BR>[Calls]<UL><LI><a href="#[d3]">&gt;&gt;</a>&nbsp;&nbsp;&nbsp;MCM_Trig_Functions
</UL>
<BR>[Called By]<UL><LI><a href="#[8b]">&gt;&gt;</a>&nbsp;&nbsp;&nbsp;TSK_HighFrequencyTask
</UL>

<P><STRONG><a name="[d3]"></a>MCM_Trig_Functions</STRONG> (Thumb, 112 bytes, Stack size 0 bytes, mc_math.o(i.MCM_Trig_Functions))
<BR><BR>[Called By]<UL><LI><a href="#[11d]">&gt;&gt;</a>&nbsp;&nbsp;&nbsp;STO_PLL_CalcElAngle
<LI><a href="#[d4]">&gt;&gt;</a>&nbsp;&nbsp;&nbsp;MCM_Rev_Park
<LI><a href="#[d2]">&gt;&gt;</a>&nbsp;&nbsp;&nbsp;MCM_Park
</UL>

<P><STRONG><a name="[d5]"></a>MCP_Init</STRONG> (Thumb, 68 bytes, Stack size 24 bytes, motor_control_protocol.o(i.MCP_Init))
<BR><BR>[Stack]<UL><LI>Max Depth = 24<LI>Call Chain = MCP_Init
</UL>
<BR>[Calls]<UL><LI><a href="#[d6]">&gt;&gt;</a>&nbsp;&nbsp;&nbsp;FCP_SetClient
</UL>
<BR>[Called By]<UL><LI><a href="#[10b]">&gt;&gt;</a>&nbsp;&nbsp;&nbsp;UI_TaskInit
</UL>

<P><STRONG><a name="[77]"></a>MCP_OnTimeOut</STRONG> (Thumb, 26 bytes, Stack size 8 bytes, motor_control_protocol.o(i.MCP_OnTimeOut))
<BR><BR>[Stack]<UL><LI>Max Depth = 8<LI>Call Chain = MCP_OnTimeOut
</UL>
<BR>[Address Reference Count : 1]<UL><LI> motor_control_protocol.o(i.MCP_Init)
</UL>
<P><STRONG><a name="[78]"></a>MCP_ReceivedFrame</STRONG> (Thumb, 1616 bytes, Stack size 136 bytes, motor_control_protocol.o(i.MCP_ReceivedFrame))
<BR><BR>[Stack]<UL><LI>Max Depth = 184<LI>Call Chain = MCP_ReceivedFrame &rArr; UI_SetReg &rArr; STO_SetPLLGains
</UL>
<BR>[Calls]<UL><LI><a href="#[dd]">&gt;&gt;</a>&nbsp;&nbsp;&nbsp;UI_SetRevupData
<LI><a href="#[d7]">&gt;&gt;</a>&nbsp;&nbsp;&nbsp;UI_SetReg
<LI><a href="#[d8]">&gt;&gt;</a>&nbsp;&nbsp;&nbsp;UI_SetDAC
<LI><a href="#[de]">&gt;&gt;</a>&nbsp;&nbsp;&nbsp;UI_SetCurrentReferences
<LI><a href="#[dc]">&gt;&gt;</a>&nbsp;&nbsp;&nbsp;UI_GetRevupData
<LI><a href="#[8d]">&gt;&gt;</a>&nbsp;&nbsp;&nbsp;UI_GetReg
<LI><a href="#[df]">&gt;&gt;</a>&nbsp;&nbsp;&nbsp;UI_GetMPInfo
<LI><a href="#[d9]">&gt;&gt;</a>&nbsp;&nbsp;&nbsp;UI_GetDAC
<LI><a href="#[db]">&gt;&gt;</a>&nbsp;&nbsp;&nbsp;UI_ExecSpeedRamp
<LI><a href="#[da]">&gt;&gt;</a>&nbsp;&nbsp;&nbsp;UI_ExecCmd
</UL>
<BR>[Address Reference Count : 1]<UL><LI> motor_control_protocol.o(i.MCP_Init)
</UL>
<P><STRONG><a name="[79]"></a>MCP_SentFrame</STRONG> (Thumb, 26 bytes, Stack size 8 bytes, motor_control_protocol.o(i.MCP_SentFrame))
<BR><BR>[Stack]<UL><LI>Max Depth = 8<LI>Call Chain = MCP_SentFrame
</UL>
<BR>[Address Reference Count : 1]<UL><LI> motor_control_protocol.o(i.MCP_Init)
</UL>
<P><STRONG><a name="[e0]"></a>MC_RunMotorControlTasks</STRONG> (Thumb, 122 bytes, Stack size 16 bytes, mc_tasks.o(i.MC_RunMotorControlTasks))
<BR><BR>[Stack]<UL><LI>Max Depth = 104<LI>Call Chain = MC_RunMotorControlTasks &rArr; MC_Scheduler &rArr; STO_PLL_CalcAvrgMecSpeed01Hz &rArr; SPD_IsMecSpeedReliable
</UL>
<BR>[Calls]<UL><LI><a href="#[e7]">&gt;&gt;</a>&nbsp;&nbsp;&nbsp;UI_Scheduler
<LI><a href="#[ce]">&gt;&gt;</a>&nbsp;&nbsp;&nbsp;STM_GetState
<LI><a href="#[e4]">&gt;&gt;</a>&nbsp;&nbsp;&nbsp;STM_FaultProcessing
<LI><a href="#[e6]">&gt;&gt;</a>&nbsp;&nbsp;&nbsp;RCM_ExecUserConv
<LI><a href="#[97]">&gt;&gt;</a>&nbsp;&nbsp;&nbsp;PWMC_SwitchOffPWM
<LI><a href="#[e3]">&gt;&gt;</a>&nbsp;&nbsp;&nbsp;PWMC_CheckOverCurrent
<LI><a href="#[e2]">&gt;&gt;</a>&nbsp;&nbsp;&nbsp;NTC_CalcAvTemp
<LI><a href="#[e5]">&gt;&gt;</a>&nbsp;&nbsp;&nbsp;MPM_Clear
<LI><a href="#[e1]">&gt;&gt;</a>&nbsp;&nbsp;&nbsp;MC_Scheduler
<LI><a href="#[94]">&gt;&gt;</a>&nbsp;&nbsp;&nbsp;FOC_Clear
</UL>
<BR>[Called By]<UL><LI><a href="#[22]">&gt;&gt;</a>&nbsp;&nbsp;&nbsp;SysTick_Handler
</UL>

<P><STRONG><a name="[e1]"></a>MC_Scheduler</STRONG> (Thumb, 644 bytes, Stack size 32 bytes, mc_tasks.o(i.MC_Scheduler))
<BR><BR>[Stack]<UL><LI>Max Depth = 88<LI>Call Chain = MC_Scheduler &rArr; STO_PLL_CalcAvrgMecSpeed01Hz &rArr; SPD_IsMecSpeedReliable
</UL>
<BR>[Calls]<UL><LI><a href="#[ec]">&gt;&gt;</a>&nbsp;&nbsp;&nbsp;MCI_GetImposedMotorDirection
<LI><a href="#[f7]">&gt;&gt;</a>&nbsp;&nbsp;&nbsp;VSS_TransitionEnded
<LI><a href="#[f3]">&gt;&gt;</a>&nbsp;&nbsp;&nbsp;VSS_SetStartTransition
<LI><a href="#[fa]">&gt;&gt;</a>&nbsp;&nbsp;&nbsp;VSS_Clear
<LI><a href="#[f1]">&gt;&gt;</a>&nbsp;&nbsp;&nbsp;VSS_CalcAvrgMecSpeed01Hz
<LI><a href="#[f2]">&gt;&gt;</a>&nbsp;&nbsp;&nbsp;STO_PLL_IsObserverConverged
<LI><a href="#[ee]">&gt;&gt;</a>&nbsp;&nbsp;&nbsp;STO_PLL_Clear
<LI><a href="#[e8]">&gt;&gt;</a>&nbsp;&nbsp;&nbsp;STO_PLL_CalcAvrgMecSpeed01Hz
<LI><a href="#[c4]">&gt;&gt;</a>&nbsp;&nbsp;&nbsp;STM_NextState
<LI><a href="#[ce]">&gt;&gt;</a>&nbsp;&nbsp;&nbsp;STM_GetState
<LI><a href="#[e4]">&gt;&gt;</a>&nbsp;&nbsp;&nbsp;STM_FaultProcessing
<LI><a href="#[eb]">&gt;&gt;</a>&nbsp;&nbsp;&nbsp;STC_SetSpeedSensor
<LI><a href="#[f9]">&gt;&gt;</a>&nbsp;&nbsp;&nbsp;STC_ForceSpeedReferenceToCurrentSpeed
<LI><a href="#[f0]">&gt;&gt;</a>&nbsp;&nbsp;&nbsp;STC_CalcTorqueReference
<LI><a href="#[f4]">&gt;&gt;</a>&nbsp;&nbsp;&nbsp;SPD_GetElAngle
<LI><a href="#[ef]">&gt;&gt;</a>&nbsp;&nbsp;&nbsp;RUC_Exec
<LI><a href="#[ed]">&gt;&gt;</a>&nbsp;&nbsp;&nbsp;RUC_Clear
<LI><a href="#[f5]">&gt;&gt;</a>&nbsp;&nbsp;&nbsp;REMNG_Init
<LI><a href="#[f6]">&gt;&gt;</a>&nbsp;&nbsp;&nbsp;REMNG_ExecRamp
<LI><a href="#[ea]">&gt;&gt;</a>&nbsp;&nbsp;&nbsp;PWMC_CurrentReadingCalibr
<LI><a href="#[e9]">&gt;&gt;</a>&nbsp;&nbsp;&nbsp;PQD_CalcElMotorPower
<LI><a href="#[95]">&gt;&gt;</a>&nbsp;&nbsp;&nbsp;PID_SetIntegralTerm
<LI><a href="#[f8]">&gt;&gt;</a>&nbsp;&nbsp;&nbsp;PID_GetKIDivisor
<LI><a href="#[e5]">&gt;&gt;</a>&nbsp;&nbsp;&nbsp;MPM_Clear
<LI><a href="#[d2]">&gt;&gt;</a>&nbsp;&nbsp;&nbsp;MCM_Park
<LI><a href="#[c5]">&gt;&gt;</a>&nbsp;&nbsp;&nbsp;MCI_ExecBufferedCommands
<LI><a href="#[94]">&gt;&gt;</a>&nbsp;&nbsp;&nbsp;FOC_Clear
<LI><a href="#[4]">&gt;&gt;</a>&nbsp;&nbsp;&nbsp;R3F4XX_TurnOnLowSides
<LI><a href="#[2]">&gt;&gt;</a>&nbsp;&nbsp;&nbsp;R3F4XX_SwitchOnPWM
<LI><a href="#[1]">&gt;&gt;</a>&nbsp;&nbsp;&nbsp;R3F4XX_SwitchOffPWM
</UL>
<BR>[Called By]<UL><LI><a href="#[3b]">&gt;&gt;</a>&nbsp;&nbsp;&nbsp;TIM1_BRK_TIM9_IRQHandler
<LI><a href="#[e0]">&gt;&gt;</a>&nbsp;&nbsp;&nbsp;MC_RunMotorControlTasks
</UL>

<P><STRONG><a name="[bd]"></a>MC_StartMotor1</STRONG> (Thumb, 8 bytes, Stack size 0 bytes, mc_api.o(i.MC_StartMotor1))
<BR><BR>[Stack]<UL><LI>Max Depth = 8<LI>Call Chain = MC_StartMotor1 &rArr; MCI_StartMotor
</UL>
<BR>[Calls]<UL><LI><a href="#[cf]">&gt;&gt;</a>&nbsp;&nbsp;&nbsp;MCI_StartMotor
</UL>
<BR>[Called By]<UL><LI><a href="#[ba]">&gt;&gt;</a>&nbsp;&nbsp;&nbsp;KEYS_Process
</UL>

<P><STRONG><a name="[be]"></a>MC_StopMotor1</STRONG> (Thumb, 8 bytes, Stack size 0 bytes, mc_api.o(i.MC_StopMotor1))
<BR><BR>[Calls]<UL><LI><a href="#[c0]">&gt;&gt;</a>&nbsp;&nbsp;&nbsp;MCI_StopMotor
</UL>
<BR>[Called By]<UL><LI><a href="#[ba]">&gt;&gt;</a>&nbsp;&nbsp;&nbsp;KEYS_Process
</UL>

<P><STRONG><a name="[fb]"></a>MCboot</STRONG> (Thumb, 366 bytes, Stack size 48 bytes, mc_tasks.o(i.MCboot))
<BR><BR>[Stack]<UL><LI>Max Depth = 76<LI>Call Chain = MCboot &rArr; NTC_Init &rArr; RCM_RegisterRegConv
</UL>
<BR>[Calls]<UL><LI><a href="#[bf]">&gt;&gt;</a>&nbsp;&nbsp;&nbsp;MCI_ExecSpeedRamp
<LI><a href="#[fd]">&gt;&gt;</a>&nbsp;&nbsp;&nbsp;startTimers
<LI><a href="#[104]">&gt;&gt;</a>&nbsp;&nbsp;&nbsp;VVBS_Init
<LI><a href="#[102]">&gt;&gt;</a>&nbsp;&nbsp;&nbsp;VSS_Init
<LI><a href="#[100]">&gt;&gt;</a>&nbsp;&nbsp;&nbsp;STO_PLL_Init
<LI><a href="#[fe]">&gt;&gt;</a>&nbsp;&nbsp;&nbsp;STM_Init
<LI><a href="#[101]">&gt;&gt;</a>&nbsp;&nbsp;&nbsp;STC_Init
<LI><a href="#[107]">&gt;&gt;</a>&nbsp;&nbsp;&nbsp;STC_GetMecSpeedRef01HzDefault
<LI><a href="#[c2]">&gt;&gt;</a>&nbsp;&nbsp;&nbsp;STC_GetDefaultIqdref
<LI><a href="#[103]">&gt;&gt;</a>&nbsp;&nbsp;&nbsp;RUC_Init
<LI><a href="#[f5]">&gt;&gt;</a>&nbsp;&nbsp;&nbsp;REMNG_Init
<LI><a href="#[fc]">&gt;&gt;</a>&nbsp;&nbsp;&nbsp;R3F4XX_Init
<LI><a href="#[ff]">&gt;&gt;</a>&nbsp;&nbsp;&nbsp;PID_HandleInit
<LI><a href="#[105]">&gt;&gt;</a>&nbsp;&nbsp;&nbsp;NTC_Init
<LI><a href="#[106]">&gt;&gt;</a>&nbsp;&nbsp;&nbsp;MCI_Init
<LI><a href="#[94]">&gt;&gt;</a>&nbsp;&nbsp;&nbsp;FOC_Clear
</UL>
<BR>[Called By]<UL><LI><a href="#[108]">&gt;&gt;</a>&nbsp;&nbsp;&nbsp;MX_MotorControl_Init
</UL>

<P><STRONG><a name="[114]"></a>MPM_CalcElMotorPower</STRONG> (Thumb, 74 bytes, Stack size 4 bytes, motor_power_measurement.o(i.MPM_CalcElMotorPower))
<BR><BR>[Stack]<UL><LI>Max Depth = 4<LI>Call Chain = MPM_CalcElMotorPower
</UL>
<BR>[Called By]<UL><LI><a href="#[e9]">&gt;&gt;</a>&nbsp;&nbsp;&nbsp;PQD_CalcElMotorPower
</UL>

<P><STRONG><a name="[e5]"></a>MPM_Clear</STRONG> (Thumb, 24 bytes, Stack size 8 bytes, motor_power_measurement.o(i.MPM_Clear))
<BR><BR>[Stack]<UL><LI>Max Depth = 8<LI>Call Chain = MPM_Clear
</UL>
<BR>[Calls]<UL><LI><a href="#[87]">&gt;&gt;</a>&nbsp;&nbsp;&nbsp;__aeabi_memclr
</UL>
<BR>[Called By]<UL><LI><a href="#[e1]">&gt;&gt;</a>&nbsp;&nbsp;&nbsp;MC_Scheduler
<LI><a href="#[e0]">&gt;&gt;</a>&nbsp;&nbsp;&nbsp;MC_RunMotorControlTasks
</UL>

[...]
<BR><BR>[Called By]<UL><LI><a href="#[8c]">&gt;&gt;</a>&nbsp;&nbsp;&nbsp;UI_DACUpdate
</UL>

<P><STRONG><a name="[15a]"></a>UI_DACInit</STRONG> (Thumb, 10 bytes, Stack size 0 bytes, user_interface.o(i.UI_DACInit))
<BR><BR>[Called By]<UL><LI><a href="#[10b]">&gt;&gt;</a>&nbsp;&nbsp;&nbsp;UI_TaskInit
</UL>

<P><STRONG><a name="[8c]"></a>UI_DACUpdate</STRONG> (Thumb, 28 bytes, Stack size 16 bytes, ui_task.o(i.UI_DACUpdate))
<BR><BR>[Stack]<UL><LI>Max Depth = 16<LI>Call Chain = UI_DACUpdate
</UL>
<BR>[Calls]<UL><LI><a href="#[136]">&gt;&gt;</a>&nbsp;&nbsp;&nbsp;UI_GetSelectedMC
<LI><a href="#[137]">&gt;&gt;</a>&nbsp;&nbsp;&nbsp;UI_DACExec
</UL>
<BR>[Called By]<UL><LI><a href="#[35]">&gt;&gt;</a>&nbsp;&nbsp;&nbsp;ADC_IRQHandler
</UL>

<P><STRONG><a name="[da]"></a>UI_ExecCmd</STRONG> (Thumb, 110 bytes, Stack size 16 bytes, user_interface.o(i.UI_ExecCmd))
<BR><BR>[Stack]<UL><LI>Max Depth = 24<LI>Call Chain = UI_ExecCmd &rArr; MCI_StartMotor
</UL>
<BR>[Calls]<UL><LI><a href="#[d0]">&gt;&gt;</a>&nbsp;&nbsp;&nbsp;MCI_StopSpeedRamp
<LI><a href="#[cf]">&gt;&gt;</a>&nbsp;&nbsp;&nbsp;MCI_StartMotor
<LI><a href="#[c8]">&gt;&gt;</a>&nbsp;&nbsp;&nbsp;MCI_FaultAcknowledged
<LI><a href="#[c1]">&gt;&gt;</a>&nbsp;&nbsp;&nbsp;MCI_Clear_Iqdref
<LI><a href="#[c0]">&gt;&gt;</a>&nbsp;&nbsp;&nbsp;MCI_StopMotor
<LI><a href="#[bc]">&gt;&gt;</a>&nbsp;&nbsp;&nbsp;MCI_GetSTMState
<LI><a href="#[c3]">&gt;&gt;</a>&nbsp;&nbsp;&nbsp;MCI_EncoderAlign
</UL>
<BR>[Called By]<UL><LI><a href="#[78]">&gt;&gt;</a>&nbsp;&nbsp;&nbsp;MCP_ReceivedFrame
</UL>

<P><STRONG><a name="[db]"></a>UI_ExecSpeedRamp</STRONG> (Thumb, 32 bytes, Stack size 8 bytes, user_interface.o(i.UI_ExecSpeedRamp))
<BR><BR>[Stack]<UL><LI>Max Depth = 8<LI>Call Chain = UI_ExecSpeedRamp
</UL>
<BR>[Calls]<UL><LI><a href="#[bf]">&gt;&gt;</a>&nbsp;&nbsp;&nbsp;MCI_ExecSpeedRamp
</UL>
<BR>[Called By]<UL><LI><a href="#[78]">&gt;&gt;</a>&nbsp;&nbsp;&nbsp;MCP_ReceivedFrame
</UL>

<P><STRONG><a name="[d9]"></a>UI_GetDAC</STRONG> (Thumb, 16 bytes, Stack size 0 bytes, user_interface.o(i.UI_GetDAC))
<BR><BR>[Called By]<UL><LI><a href="#[78]">&gt;&gt;</a>&nbsp;&nbsp;&nbsp;MCP_ReceivedFrame
</UL>

<P><STRONG><a name="[df]"></a>UI_GetMPInfo</STRONG> (Thumb, 4 bytes, Stack size 0 bytes, user_interface.o(i.UI_GetMPInfo))
<BR><BR>[Called By]<UL><LI><a href="#[78]">&gt;&gt;</a>&nbsp;&nbsp;&nbsp;MCP_ReceivedFrame
</UL>

<P><STRONG><a name="[8d]"></a>UI_GetReg</STRONG> (Thumb, 1276 bytes, Stack size 24 bytes, user_interface.o(i.UI_GetReg))
<BR><BR>[Stack]<UL><LI>Max Depth = 40<LI>Call Chain = UI_GetReg &rArr; STO_GetPLLGains
</UL>
<BR>[Calls]<UL><LI><a href="#[144]">&gt;&gt;</a>&nbsp;&nbsp;&nbsp;MCI_GetVqd
<LI><a href="#[145]">&gt;&gt;</a>&nbsp;&nbsp;&nbsp;MCI_GetValphabeta
<LI><a href="#[cc]">&gt;&gt;</a>&nbsp;&nbsp;&nbsp;MCI_GetMecSpeedRef01Hz
<LI><a href="#[13c]">&gt;&gt;</a>&nbsp;&nbsp;&nbsp;MCI_GetIqdref
<LI><a href="#[140]">&gt;&gt;</a>&nbsp;&nbsp;&nbsp;MCI_GetIqd
<LI><a href="#[143]">&gt;&gt;</a>&nbsp;&nbsp;&nbsp;MCI_GetIalphabeta
<LI><a href="#[142]">&gt;&gt;</a>&nbsp;&nbsp;&nbsp;MCI_GetIab
<LI><a href="#[139]">&gt;&gt;</a>&nbsp;&nbsp;&nbsp;MCI_GetControlMode
<LI><a href="#[91]">&gt;&gt;</a>&nbsp;&nbsp;&nbsp;MCI_GetLastRampFinalSpeed
<LI><a href="#[93]">&gt;&gt;</a>&nbsp;&nbsp;&nbsp;MCI_GetAvrgMecSpeed01Hz
<LI><a href="#[113]">&gt;&gt;</a>&nbsp;&nbsp;&nbsp;VBS_GetAvBusVoltage_V
<LI><a href="#[13d]">&gt;&gt;</a>&nbsp;&nbsp;&nbsp;STO_PLL_GetObserverGains
<LI><a href="#[14c]">&gt;&gt;</a>&nbsp;&nbsp;&nbsp;STO_PLL_GetObservedBemfLevel
<LI><a href="#[147]">&gt;&gt;</a>&nbsp;&nbsp;&nbsp;STO_PLL_GetEstimatedCurrent
<LI><a href="#[14b]">&gt;&gt;</a>&nbsp;&nbsp;&nbsp;STO_PLL_GetEstimatedBemfLevel
<LI><a href="#[148]">&gt;&gt;</a>&nbsp;&nbsp;&nbsp;STO_PLL_GetEstimatedBemf
<LI><a href="#[119]">&gt;&gt;</a>&nbsp;&nbsp;&nbsp;STO_GetPLLGains
<LI><a href="#[138]">&gt;&gt;</a>&nbsp;&nbsp;&nbsp;STM_GetFaultState
<LI><a href="#[14a]">&gt;&gt;</a>&nbsp;&nbsp;&nbsp;STC_GetMinAppNegativeMecSpeed01Hz
<LI><a href="#[149]">&gt;&gt;</a>&nbsp;&nbsp;&nbsp;STC_GetMaxAppPositiveMecSpeed01Hz
<LI><a href="#[146]">&gt;&gt;</a>&nbsp;&nbsp;&nbsp;SPD_GetS16Speed
<LI><a href="#[141]">&gt;&gt;</a>&nbsp;&nbsp;&nbsp;RUC_GetNumberOfPhases
<LI><a href="#[13a]">&gt;&gt;</a>&nbsp;&nbsp;&nbsp;PID_GetKPDivisor
<LI><a href="#[11a]">&gt;&gt;</a>&nbsp;&nbsp;&nbsp;PID_GetKP
<LI><a href="#[11b]">&gt;&gt;</a>&nbsp;&nbsp;&nbsp;PID_GetKI
<LI><a href="#[13b]">&gt;&gt;</a>&nbsp;&nbsp;&nbsp;PID_GetKD
<LI><a href="#[13e]">&gt;&gt;</a>&nbsp;&nbsp;&nbsp;NTC_GetAvTemp_C
<LI><a href="#[13f]">&gt;&gt;</a>&nbsp;&nbsp;&nbsp;MPM_GetAvrgElMotorPowerW
<LI><a href="#[ce]">&gt;&gt;</a>&nbsp;&nbsp;&nbsp;STM_GetState
<LI><a href="#[f4]">&gt;&gt;</a>&nbsp;&nbsp;&nbsp;SPD_GetElAngle
<LI><a href="#[f8]">&gt;&gt;</a>&nbsp;&nbsp;&nbsp;PID_GetKIDivisor
</UL>
<BR>[Called By]<UL><LI><a href="#[78]">&gt;&gt;</a>&nbsp;&nbsp;&nbsp;MCP_ReceivedFrame
<LI><a href="#[18]">&gt;&gt;</a>&nbsp;&nbsp;&nbsp;DAC_Exec
</UL>

<P><STRONG><a name="[dc]"></a>UI_GetRevupData</STRONG> (Thumb, 74 bytes, Stack size 32 bytes, user_interface.o(i.UI_GetRevupData))
<BR><BR>[Stack]<UL><LI>Max Depth = 32<LI>Call Chain = UI_GetRevupData
</UL>
<BR>[Calls]<UL><LI><a href="#[14f]">&gt;&gt;</a>&nbsp;&nbsp;&nbsp;RUC_GetPhaseFinalTorque
<LI><a href="#[14e]">&gt;&gt;</a>&nbsp;&nbsp;&nbsp;RUC_GetPhaseFinalMecSpeed01Hz
<LI><a href="#[14d]">&gt;&gt;</a>&nbsp;&nbsp;&nbsp;RUC_GetPhaseDurationms
</UL>
<BR>[Called By]<UL><LI><a href="#[78]">&gt;&gt;</a>&nbsp;&nbsp;&nbsp;MCP_ReceivedFrame
</UL>

<P><STRONG><a name="[136]"></a>UI_GetSelectedMC</STRONG> (Thumb, 6 bytes, Stack size 0 bytes, user_interface.o(i.UI_GetSelectedMC))
<BR><BR>[Called By]<UL><LI><a href="#[8c]">&gt;&gt;</a>&nbsp;&nbsp;&nbsp;UI_DACUpdate
</UL>

<P><STRONG><a name="[159]"></a>UI_Init</STRONG> (Thumb, 22 bytes, Stack size 0 bytes, user_interface.o(i.UI_Init))
<BR><BR>[Called By]<UL><LI><a href="#[10b]">&gt;&gt;</a>&nbsp;&nbsp;&nbsp;UI_TaskInit
</UL>

<P><STRONG><a name="[e7]"></a>UI_Scheduler</STRONG> (Thumb, 40 bytes, Stack size 0 bytes, ui_task.o(i.UI_Scheduler))
<BR><BR>[Called By]<UL><LI><a href="#[e0]">&gt;&gt;</a>&nbsp;&nbsp;&nbsp;MC_RunMotorControlTasks
</UL>

<P><STRONG><a name="[b9]"></a>UI_SerialCommunicationTimeOutStart</STRONG> (Thumb, 8 bytes, Stack size 0 bytes, ui_task.o(i.UI_SerialCommunicationTimeOutStart))
<BR><BR>[Called By]<UL><LI><a href="#[48]">&gt;&gt;</a>&nbsp;&nbsp;&nbsp;USART1_IRQHandler
<LI><a href="#[1b]">&gt;&gt;</a>&nbsp;&nbsp;&nbsp;HardFault_Handler
</UL>

<P><STRONG><a name="[b6]"></a>UI_SerialCommunicationTimeOutStop</STRONG> (Thumb, 8 bytes, Stack size 0 bytes, ui_task.o(i.UI_SerialCommunicationTimeOutStop))
<BR><BR>[Called By]<UL><LI><a href="#[48]">&gt;&gt;</a>&nbsp;&nbsp;&nbsp;USART1_IRQHandler
<LI><a href="#[1b]">&gt;&gt;</a>&nbsp;&nbsp;&nbsp;HardFault_Handler
</UL>

<P><STRONG><a name="[de]"></a>UI_SetCurrentReferences</STRONG> (Thumb, 26 bytes, Stack size 0 bytes, user_interface.o(i.UI_SetCurrentReferences))
<BR><BR>[Calls]<UL><LI><a href="#[150]">&gt;&gt;</a>&nbsp;&nbsp;&nbsp;MCI_SetCurrentReferences
</UL>
<BR>[Called By]<UL><LI><a href="#[78]">&gt;&gt;</a>&nbsp;&nbsp;&nbsp;MCP_ReceivedFrame
</UL>

<P><STRONG><a name="[d8]"></a>UI_SetDAC</STRONG> (Thumb, 10 bytes, Stack size 0 bytes, user_interface.o(i.UI_SetDAC))
<BR><BR>[Called By]<UL><LI><a href="#[78]">&gt;&gt;</a>&nbsp;&nbsp;&nbsp;MCP_ReceivedFrame
<LI><a href="#[10b]">&gt;&gt;</a>&nbsp;&nbsp;&nbsp;UI_TaskInit
</UL>

<P><STRONG><a name="[d7]"></a>UI_SetReg</STRONG> (Thumb, 560 bytes, Stack size 32 bytes, user_interface.o(i.UI_SetReg))
<BR><BR>[Stack]<UL><LI>Max Depth = 48<LI>Call Chain = UI_SetReg &rArr; STO_SetPLLGains
</UL>
<BR>[Calls]<UL><LI><a href="#[155]">&gt;&gt;</a>&nbsp;&nbsp;&nbsp;MCI_SetIdref
<LI><a href="#[150]">&gt;&gt;</a>&nbsp;&nbsp;&nbsp;MCI_SetCurrentReferences
<LI><a href="#[151]">&gt;&gt;</a>&nbsp;&nbsp;&nbsp;MCI_GetTeref
<LI><a href="#[cc]">&gt;&gt;</a>&nbsp;&nbsp;&nbsp;MCI_GetMecSpeedRef01Hz
<LI><a href="#[13c]">&gt;&gt;</a>&nbsp;&nbsp;&nbsp;MCI_GetIqdref
<LI><a href="#[152]">&gt;&gt;</a>&nbsp;&nbsp;&nbsp;MCI_ExecTorqueRamp
<LI><a href="#[bf]">&gt;&gt;</a>&nbsp;&nbsp;&nbsp;MCI_ExecSpeedRamp
<LI><a href="#[11f]">&gt;&gt;</a>&nbsp;&nbsp;&nbsp;STO_SetPLLGains
<LI><a href="#[154]">&gt;&gt;</a>&nbsp;&nbsp;&nbsp;STO_PLL_SetObserverGains
<LI><a href="#[13d]">&gt;&gt;</a>&nbsp;&nbsp;&nbsp;STO_PLL_GetObserverGains
<LI><a href="#[119]">&gt;&gt;</a>&nbsp;&nbsp;&nbsp;STO_GetPLLGains
<LI><a href="#[120]">&gt;&gt;</a>&nbsp;&nbsp;&nbsp;PID_SetKP
<LI><a href="#[121]">&gt;&gt;</a>&nbsp;&nbsp;&nbsp;PID_SetKI
<LI><a href="#[153]">&gt;&gt;</a>&nbsp;&nbsp;&nbsp;PID_SetKD
</UL>
<BR>[Called By]<UL><LI><a href="#[78]">&gt;&gt;</a>&nbsp;&nbsp;&nbsp;MCP_ReceivedFrame
</UL>

<P><STRONG><a name="[dd]"></a>UI_SetRevupData</STRONG> (Thumb, 56 bytes, Stack size 24 bytes, user_interface.o(i.UI_SetRevupData))
<BR><BR>[Stack]<UL><LI>Max Depth = 24<LI>Call Chain = UI_SetRevupData
</UL>
<BR>[Calls]<UL><LI><a href="#[158]">&gt;&gt;</a>&nbsp;&nbsp;&nbsp;RUC_SetPhaseFinalTorque
<LI><a href="#[157]">&gt;&gt;</a>&nbsp;&nbsp;&nbsp;RUC_SetPhaseFinalMecSpeed01Hz
<LI><a href="#[156]">&gt;&gt;</a>&nbsp;&nbsp;&nbsp;RUC_SetPhaseDurationms
</UL>
<BR>[Called By]<UL><LI><a href="#[78]">&gt;&gt;</a>&nbsp;&nbsp;&nbsp;MCP_ReceivedFrame
</UL>

<P><STRONG><a name="[10b]"></a>UI_TaskInit</STRONG> (Thumb, 144 bytes, Stack size 64 bytes, ui_task.o(i.UI_TaskInit))
<BR><BR>[Stack]<UL><LI>Max Depth = 88<LI>Call Chain = UI_TaskInit &rArr; MCP_Init
</UL>
<BR>[Calls]<UL><LI><a href="#[d5]">&gt;&gt;</a>&nbsp;&nbsp;&nbsp;MCP_Init
<LI><a href="#[159]">&gt;&gt;</a>&nbsp;&nbsp;&nbsp;UI_Init
<LI><a href="#[15a]">&gt;&gt;</a>&nbsp;&nbsp;&nbsp;UI_DACInit
<LI><a href="#[133]">&gt;&gt;</a>&nbsp;&nbsp;&nbsp;UFCP_Init
<LI><a href="#[d8]">&gt;&gt;</a>&nbsp;&nbsp;&nbsp;UI_SetDAC
</UL>
<BR>[Called By]<UL><LI><a href="#[108]">&gt;&gt;</a>&nbsp;&nbsp;&nbsp;MX_MotorControl_Init
</UL>

<P><STRONG><a name="[48]"></a>USART1_IRQHandler</STRONG> (Thumb, 104 bytes, Stack size 16 bytes, stm32f4xx_mc_it.o(i.USART1_IRQHandler))
<BR><BR>[Stack]<UL><LI>Max Depth = 40<LI>Call Chain = USART1_IRQHandler &rArr; UFCP_RX_IRQ_Handler &rArr; UFCP_Send
</UL>
<BR>[Calls]<UL><LI><a href="#[b6]">&gt;&gt;</a>&nbsp;&nbsp;&nbsp;UI_SerialCommunicationTimeOutStop
<LI><a href="#[b9]">&gt;&gt;</a>&nbsp;&nbsp;&nbsp;UI_SerialCommunicationTimeOutStart
<LI><a href="#[b7]">&gt;&gt;</a>&nbsp;&nbsp;&nbsp;UFCP_TX_IRQ_Handler
<LI><a href="#[b8]">&gt;&gt;</a>&nbsp;&nbsp;&nbsp;UFCP_RX_IRQ_Handler
<LI><a href="#[b5]">&gt;&gt;</a>&nbsp;&nbsp;&nbsp;UFCP_OVR_IRQ_Handler
</UL>
<BR>[Address Reference Count : 1]<UL><LI> startup_stm32f407xx.o(RESET)
</UL>
<P><STRONG><a name="[113]"></a>VBS_GetAvBusVoltage_V</STRONG> (Thumb, 10 bytes, Stack size 0 bytes, bus_voltage_sensor.o(i.VBS_GetAvBusVoltage_V))
<BR><BR>[Called By]<UL><LI><a href="#[e9]">&gt;&gt;</a>&nbsp;&nbsp;&nbsp;PQD_CalcElMotorPower
<LI><a href="#[8d]">&gt;&gt;</a>&nbsp;&nbsp;&nbsp;UI_GetReg
</UL>

<P><STRONG><a name="[12e]"></a>VBS_GetAvBusVoltage_d</STRONG> (Thumb, 4 bytes, Stack size 0 bytes, bus_voltage_sensor.o(i.VBS_GetAvBusVoltage_d))
<BR><BR>[Called By]<UL><LI><a href="#[8b]">&gt;&gt;</a>&nbsp;&nbsp;&nbsp;TSK_HighFrequencyTask
</UL>

<P><STRONG><a name="[f1]"></a>VSS_CalcAvrgMecSpeed01Hz</STRONG> (Thumb, 148 bytes, Stack size 8 bytes, virtual_speed_sensor.o(i.VSS_CalcAvrgMecSpeed01Hz))
<BR><BR>[Stack]<UL><LI>Max Depth = 16<LI>Call Chain = VSS_CalcAvrgMecSpeed01Hz &rArr; SPD_IsMecSpeedReliable
</UL>
<BR>[Calls]<UL><LI><a href="#[11c]">&gt;&gt;</a>&nbsp;&nbsp;&nbsp;SPD_IsMecSpeedReliable
</UL>
<BR>[Called By]<UL><LI><a href="#[e1]">&gt;&gt;</a>&nbsp;&nbsp;&nbsp;MC_Scheduler
</UL>

<P><STRONG><a name="[130]"></a>VSS_CalcElAngle</STRONG> (Thumb, 158 bytes, Stack size 12 bytes, virtual_speed_sensor.o(i.VSS_CalcElAngle))
<BR><BR>[Stack]<UL><LI>Max Depth = 12<LI>Call Chain = VSS_CalcElAngle
</UL>
<BR>[Called By]<UL><LI><a href="#[8b]">&gt;&gt;</a>&nbsp;&nbsp;&nbsp;TSK_HighFrequencyTask
</UL>

<P><STRONG><a name="[fa]"></a>VSS_Clear</STRONG> (Thumb, 44 bytes, Stack size 0 bytes, virtual_speed_sensor.o(i.VSS_Clear))
<BR><BR>[Called By]<UL><LI><a href="#[ed]">&gt;&gt;</a>&nbsp;&nbsp;&nbsp;RUC_Clear
<LI><a href="#[e1]">&gt;&gt;</a>&nbsp;&nbsp;&nbsp;MC_Scheduler
</UL>

<P><STRONG><a name="[102]"></a>VSS_Init</STRONG> (Thumb, 44 bytes, Stack size 0 bytes, virtual_speed_sensor.o(i.VSS_Init))
<BR><BR>[Called By]<UL><LI><a href="#[fb]">&gt;&gt;</a>&nbsp;&nbsp;&nbsp;MCboot
</UL>

<P><STRONG><a name="[117]"></a>VSS_SetMecAcceleration</STRONG> (Thumb, 118 bytes, Stack size 12 bytes, virtual_speed_sensor.o(i.VSS_SetMecAcceleration))
<BR><BR>[Stack]<UL><LI>Max Depth = 12<LI>Call Chain = VSS_SetMecAcceleration
</UL>
<BR>[Called By]<UL><LI><a href="#[ef]">&gt;&gt;</a>&nbsp;&nbsp;&nbsp;RUC_Exec
<LI><a href="#[ed]">&gt;&gt;</a>&nbsp;&nbsp;&nbsp;RUC_Clear
</UL>

<P><STRONG><a name="[116]"></a>VSS_SetMecAngle</STRONG> (Thumb, 14 bytes, Stack size 0 bytes, virtual_speed_sensor.o(i.VSS_SetMecAngle))
<BR><BR>[Called By]<UL><LI><a href="#[ed]">&gt;&gt;</a>&nbsp;&nbsp;&nbsp;RUC_Clear
</UL>

<P><STRONG><a name="[f3]"></a>VSS_SetStartTransition</STRONG> (Thumb, 28 bytes, Stack size 0 bytes, virtual_speed_sensor.o(i.VSS_SetStartTransition))
<BR><BR>[Called By]<UL><LI><a href="#[e1]">&gt;&gt;</a>&nbsp;&nbsp;&nbsp;MC_Scheduler
</UL>

<P><STRONG><a name="[f7]"></a>VSS_TransitionEnded</STRONG> (Thumb, 6 bytes, Stack size 0 bytes, virtual_speed_sensor.o(i.VSS_TransitionEnded))
<BR><BR>[Called By]<UL><LI><a href="#[e1]">&gt;&gt;</a>&nbsp;&nbsp;&nbsp;MC_Scheduler
</UL>

<P><STRONG><a name="[104]"></a>VVBS_Init</STRONG> (Thumb, 12 bytes, Stack size 0 bytes, virtual_bus_voltage_sensor.o(i.VVBS_Init))
<BR><BR>[Called By]<UL><LI><a href="#[fb]">&gt;&gt;</a>&nbsp;&nbsp;&nbsp;MCboot
</UL>

<P><STRONG><a name="[171]"></a>__scatterload_copy</STRONG> (Thumb, 14 bytes, Stack size unknown bytes, handlers.o(i.__scatterload_copy), UNUSED)

<P><STRONG><a name="[172]"></a>__scatterload_null</STRONG> (Thumb, 2 bytes, Stack size unknown bytes, handlers.o(i.__scatterload_null), UNUSED)

<P><STRONG><a name="[173]"></a>__scatterload_zeroinit</STRONG> (Thumb, 14 bytes, Stack size unknown bytes, handlers.o(i.__scatterload_zeroinit), UNUSED)

<P><STRONG><a name="[74]"></a>main</STRONG> (Thumb, 750 bytes, Stack size 88 bytes, main.o(i.main))
<BR><BR>[Stack]<UL><LI>Max Depth = 256<LI>Call Chain = main &rArr; SystemClock_Config &rArr; HAL_RCC_ClockConfig &rArr; HAL_RCC_GetSysClockFreq &rArr; __aeabi_uldivmod
</UL>
<BR>[Calls]<UL><LI><a href="#[10e]">&gt;&gt;</a>&nbsp;&nbsp;&nbsp;OLED_Init
<LI><a href="#[108]">&gt;&gt;</a>&nbsp;&nbsp;&nbsp;MX_MotorControl_Init
<LI><a href="#[b1]">&gt;&gt;</a>&nbsp;&nbsp;&nbsp;HAL_UART_Init
<LI><a href="#[af]">&gt;&gt;</a>&nbsp;&nbsp;&nbsp;HAL_TIM_SlaveConfigSynchronization
<LI><a href="#[ad]">&gt;&gt;</a>&nbsp;&nbsp;&nbsp;HAL_TIM_PWM_Init
<LI><a href="#[15f]">&gt;&gt;</a>&nbsp;&nbsp;&nbsp;HAL_TIM_PWM_ConfigChannel
<LI><a href="#[ac]">&gt;&gt;</a>&nbsp;&nbsp;&nbsp;HAL_TIM_MspPostInit
<LI><a href="#[a9]">&gt;&gt;</a>&nbsp;&nbsp;&nbsp;HAL_TIM_Base_Init
<LI><a href="#[15e]">&gt;&gt;</a>&nbsp;&nbsp;&nbsp;HAL_TIMEx_MasterConfigSynchronization
<LI><a href="#[160]">&gt;&gt;</a>&nbsp;&nbsp;&nbsp;HAL_TIMEx_ConfigBreakDeadTime
<LI><a href="#[a2]">&gt;&gt;</a>&nbsp;&nbsp;&nbsp;HAL_NVIC_SetPriority
<LI><a href="#[161]">&gt;&gt;</a>&nbsp;&nbsp;&nbsp;HAL_NVIC_EnableIRQ
<LI><a href="#[9d]">&gt;&gt;</a>&nbsp;&nbsp;&nbsp;HAL_Init
<LI><a href="#[9a]">&gt;&gt;</a>&nbsp;&nbsp;&nbsp;HAL_GPIO_Init
<LI><a href="#[9b]">&gt;&gt;</a>&nbsp;&nbsp;&nbsp;HAL_DAC_Init
<LI><a href="#[15d]">&gt;&gt;</a>&nbsp;&nbsp;&nbsp;HAL_DAC_ConfigChannel
<LI><a href="#[98]">&gt;&gt;</a>&nbsp;&nbsp;&nbsp;HAL_ADC_Init
<LI><a href="#[15c]">&gt;&gt;</a>&nbsp;&nbsp;&nbsp;HAL_ADC_ConfigChannel
<LI><a href="#[15b]">&gt;&gt;</a>&nbsp;&nbsp;&nbsp;HAL_ADCEx_InjectedConfigChannel
<LI><a href="#[123]">&gt;&gt;</a>&nbsp;&nbsp;&nbsp;SystemClock_Config
<LI><a href="#[ba]">&gt;&gt;</a>&nbsp;&nbsp;&nbsp;KEYS_Process
<LI><a href="#[8e]">&gt;&gt;</a>&nbsp;&nbsp;&nbsp;Display_OLED
</UL>
<BR>[Address Reference Count : 1]<UL><LI> entry9a.o(.ARM.Collect$$$$0000000B)
</UL>
<P><STRONG><a name="[10a]"></a>mc_lock_pins</STRONG> (Thumb, 150 bytes, Stack size 4 bytes, mc_tasks.o(i.mc_lock_pins))
<BR><BR>[Stack]<UL><LI>Max Depth = 4<LI>Call Chain = mc_lock_pins
</UL>
<BR>[Called By]<UL><LI><a href="#[108]">&gt;&gt;</a>&nbsp;&nbsp;&nbsp;MX_MotorControl_Init
</UL>

<P><STRONG><a name="[fd]"></a>startTimers</STRONG> (Thumb, 92 bytes, Stack size 4 bytes, pwm_common.o(i.startTimers))
<BR><BR>[Stack]<UL><LI>Max Depth = 4<LI>Call Chain = startTimers
</UL>
<BR>[Called By]<UL><LI><a href="#[fb]">&gt;&gt;</a>&nbsp;&nbsp;&nbsp;MCboot
</UL>
<P>
<H3>
Local Symbols
</H3>
<P><STRONG><a name="[94]"></a>FOC_Clear</STRONG> (Thumb, 86 bytes, Stack size 8 bytes, mc_tasks.o(i.FOC_Clear))
<BR><BR>[Stack]<UL><LI>Max Depth = 8<LI>Call Chain = FOC_Clear
</UL>
<BR>[Calls]<UL><LI><a href="#[96]">&gt;&gt;</a>&nbsp;&nbsp;&nbsp;STC_Clear
<LI><a href="#[97]">&gt;&gt;</a>&nbsp;&nbsp;&nbsp;PWMC_SwitchOffPWM
<LI><a href="#[95]">&gt;&gt;</a>&nbsp;&nbsp;&nbsp;PID_SetIntegralTerm
</UL>
<BR>[Called By]<UL><LI><a href="#[fb]">&gt;&gt;</a>&nbsp;&nbsp;&nbsp;MCboot
<LI><a href="#[e1]">&gt;&gt;</a>&nbsp;&nbsp;&nbsp;MC_Scheduler
<LI><a href="#[e0]">&gt;&gt;</a>&nbsp;&nbsp;&nbsp;MC_RunMotorControlTasks
</UL>

<P><STRONG><a name="[b0]"></a>TIM_SlaveTimer_SetConfig</STRONG> (Thumb, 216 bytes, Stack size 0 bytes, stm32f4xx_hal_tim.o(i.TIM_SlaveTimer_SetConfig))
<BR><BR>[Called By]<UL><LI><a href="#[af]">&gt;&gt;</a>&nbsp;&nbsp;&nbsp;HAL_TIM_SlaveConfigSynchronization
</UL>

<P><STRONG><a name="[b3]"></a>UART_SetConfig</STRONG> (Thumb, 822 bytes, Stack size 24 bytes, stm32f4xx_hal_uart.o(i.UART_SetConfig))
<BR><BR>[Stack]<UL><LI>Max Depth = 24<LI>Call Chain = UART_SetConfig
</UL>
<BR>[Calls]<UL><LI><a href="#[131]">&gt;&gt;</a>&nbsp;&nbsp;&nbsp;HAL_RCC_GetPCLK2Freq
<LI><a href="#[132]">&gt;&gt;</a>&nbsp;&nbsp;&nbsp;HAL_RCC_GetPCLK1Freq
</UL>
<BR>[Called By]<UL><LI><a href="#[b1]">&gt;&gt;</a>&nbsp;&nbsp;&nbsp;HAL_UART_Init
</UL>

<P><STRONG><a name="[115]"></a>LL_TIM_OC_SetMode</STRONG> (Thumb, 86 bytes, Stack size 0 bytes, r3_f4xx_pwm_curr_fdbk.o(i.LL_TIM_OC_SetMode))
<BR><BR>[Called By]<UL><LI><a href="#[c]">&gt;&gt;</a>&nbsp;&nbsp;&nbsp;R3F4XX_RLDetectionModeEnable
<LI><a href="#[d]">&gt;&gt;</a>&nbsp;&nbsp;&nbsp;R3F4XX_RLDetectionModeDisable
</UL>

<P><STRONG><a name="[7a]"></a>R3F4XX_HFCurrentsCalibrationAB</STRONG> (Thumb, 76 bytes, Stack size 4 bytes, r3_f4xx_pwm_curr_fdbk.o(i.R3F4XX_HFCurrentsCalibrationAB))
<BR><BR>[Stack]<UL><LI>Max Depth = 4<LI>Call Chain = R3F4XX_HFCurrentsCalibrationAB
</UL>
<BR>[Address Reference Count : 1]<UL><LI> r3_f4xx_pwm_curr_fdbk.o(i.R3F4XX_CurrentReadingCalibration)
</UL>
<P><STRONG><a name="[7b]"></a>R3F4XX_HFCurrentsCalibrationC</STRONG> (Thumb, 72 bytes, Stack size 4 bytes, r3_f4xx_pwm_curr_fdbk.o(i.R3F4XX_HFCurrentsCalibrationC))
<BR><BR>[Stack]<UL><LI>Max Depth = 4<LI>Call Chain = R3F4XX_HFCurrentsCalibrationC
</UL>
<BR>[Address Reference Count : 1]<UL><LI> r3_f4xx_pwm_curr_fdbk.o(i.R3F4XX_CurrentReadingCalibration)
</UL>
<P><STRONG><a name="[7c]"></a>R3F4XX_RLGetPhaseCurrents</STRONG> (Thumb, 44 bytes, Stack size 0 bytes, r3_f4xx_pwm_curr_fdbk.o(i.R3F4XX_RLGetPhaseCurrents))
<BR>[Address Reference Count : 1]<UL><LI> r3_f4xx_pwm_curr_fdbk.o(i.R3F4XX_RLDetectionModeEnable)
</UL>
<P><STRONG><a name="[7e]"></a>R3F4XX_RLSwitchOnPWM</STRONG> (Thumb, 196 bytes, Stack size 0 bytes, r3_f4xx_pwm_curr_fdbk.o(i.R3F4XX_RLSwitchOnPWM))
<BR>[Address Reference Count : 1]<UL><LI> r3_f4xx_pwm_curr_fdbk.o(i.R3F4XX_RLDetectionModeEnable)
</UL>
<P><STRONG><a name="[7d]"></a>R3F4XX_RLTurnOnLowSides</STRONG> (Thumb, 74 bytes, Stack size 0 bytes, r3_f4xx_pwm_curr_fdbk.o(i.R3F4XX_RLTurnOnLowSides))
<BR>[Address Reference Count : 1]<UL><LI> r3_f4xx_pwm_curr_fdbk.o(i.R3F4XX_RLDetectionModeEnable)
</UL><P>
<H3>
Undefined Global Symbols
</H3><HR></body></html>
