<html>
<body>
<pre>
<h1>礦ision Build Log</h1>
<h2>Tool Versions:</h2>
IDE-Version: μVision V5.14.0.0
Copyright (C) 2015 ARM Ltd and ARM Germany GmbH. All rights reserved.
License Information: L L, L, LIC=KIVAR-KAF6I-ZC1JY-IMADL-2SW4Y-VCYVA
 
Tool Versions:
Toolchain:       MDK-ARM Professional  Version: 5.14.0.0
Toolchain Path:  C:\Keil_v5\ARM\ARMCC\Bin
C Compiler:      Armcc.exe V5.05 update 1 (build 106)
Assembler:       Armasm.exe V5.05 update 1 (build 106)
Linker/Locator:  ArmLink.exe V5.05 update 1 (build 106)
Library Manager: ArmAr.exe V5.05 update 1 (build 106)
Hex Converter:   FromElf.exe V5.05 update 1 (build 106)
CPU DLL:         SARMCM3.DLL V5.14.0.0
Dialog DLL:      DCM.DLL V1.13.1.0
Target DLL:      Segger\JL2CM3.dll V2.99.13.0
Dialog DLL:      TCM.DLL V1.14.4.0
 
<h2>Project:</h2>
C:\Users\LiKai\Desktop\ST开发板V2资料存档\STM32F405RGT6_匠心科技__BLDC电机开发板资料\V5.3\匠心科技_PMSM_无感矢量闭环控制V5.3\Craftsman_Motor\MDK-ARM\Craftsman_Motor.uvprojx
Project File Date:  06/15/2019

<h2>Output:</h2>
Build target 'Craftsman_Motor'
assembling startup_stm32f407xx.s...
compiling main.c...
compiling motorcontrol.c...
compiling mc_api.c...
compiling motor_control_protocol.c...
compiling mc_config.c...
compiling mc_tasks.c...
compiling regular_conversion_manager.c...
compiling stm32f4xx_mc_it.c...
compiling mc_parameters.c...
compiling ui_task.c...
compiling user_interface.c...
compiling stm32f4xx_it.c...
compiling stm32f4xx_hal_msp.c...
compiling OLED.c...
compiling stm32f4xx_hal_adc.c...
compiling stm32f4xx_hal_adc_ex.c...
compiling stm32f4xx_hal_dac.c...
compiling stm32f4xx_hal_dac_ex.c...
compiling stm32f4xx_hal_tim.c...
compiling stm32f4xx_hal_tim_ex.c...
compiling stm32f4xx_hal_uart.c...
compiling stm32f4xx_hal_rcc.c...
compiling stm32f4xx_hal_rcc_ex.c...
compiling stm32f4xx_hal_flash.c...
compiling stm32f4xx_hal_flash_ex.c...
compiling stm32f4xx_hal_flash_ramfunc.c...
compiling stm32f4xx_hal_gpio.c...
compiling stm32f4xx_hal_dma_ex.c...
compiling stm32f4xx_hal_dma.c...
compiling stm32f4xx_hal_pwr.c...
compiling stm32f4xx_hal_pwr_ex.c...
compiling stm32f4xx_hal_cortex.c...
compiling stm32f4xx_hal.c...
compiling system_stm32f4xx.c...
compiling bus_voltage_sensor.c...
compiling circle_limitation.c...
compiling digital_output.c...
compiling mc_irq_handler.c...
compiling mc_math.c...
compiling mc_interface.c...
compiling motor_power_measurement.c...
compiling ntc_temperature_sensor.c...
compiling open_loop.c...
compiling pid_regulator.c...
compiling pqd_motor_power_measurement.c...
compiling pwm_curr_fdbk.c...
compiling pwm_common.c...
compiling ramp_ext_mngr.c...
compiling speed_pos_fdbk.c...
compiling speed_torq_ctrl.c...
compiling state_machine.c...
compiling virtual_bus_voltage_sensor.c...
compiling virtual_speed_sensor.c...
compiling r3_f4xx_pwm_curr_fdbk.c...
compiling dac_ui.c...
compiling dac_common_ui.c...
compiling frame_communication_protocol.c...
compiling ui_irq_handler.c...
compiling usart_frame_communication_protocol.c...
../MCSDK_v5.3.1/MotorControl/MCSDK/UILibrary/Src/usart_frame_communication_protocol.c(253): warning:  #68-D: integer conversion resulted in a change of sign
../MCSDK_v5.3.1/MotorControl/MCSDK/UILibrary/Src/usart_frame_communication_protocol.c: 1 warning, 0 errors
linking...
Program Size: Code=28028 RO-data=5248 RW-data=5856 ZI-data=1712  
FromELF: creating hex file...
"Craftsman_Motor\Craftsman_Motor.axf" - 0 Error(s), 1 Warning(s).

<h2>Software Packages used:</h2>

Package Vendor: ARM
                http://www.keil.com/pack/ARM.CMSIS.4.2.0.pack
                ARM::CMSIS:CORE:3.40.0
                CMSIS (Cortex Microcontroller Software Interface Standard)
   * Component: CORE Version: 3.40.0

<h2>Collection of Component include folders:</h2>
  C:\Users\LiKai\Desktop\ST开发板V2资料存档\STM32F405RGT6_匠心科技__BLDC电机开发板资料\V5.3\匠心科技_PMSM_无感矢量闭环控制V5.3\Craftsman_Motor\MDK-ARM\RTE
  C:\Keil_v5\ARM\PACK\ARM\CMSIS\4.2.0\CMSIS\Include
  C:\Keil_v5\ARM\PACK\Keil\STM32F4xx_DFP\2.11.0

<h2>Collection of Component Files used:</h2>

   * Component: ARM::CMSIS:CORE:3.40.0
      Source file:   CMSIS\UserCodeTemplates\ARM\ITM_Retarget.c
</pre>
</body>
</html>
